Component: ARM Compiler 5.06 update 2 (build 183) Tool: armlink [4d35b7]

==============================================================================

Section Cross References

    stm32f10x_it.o(.text) refers to usart.o(.text) for UsartPrintf
    system_stm32f10x.o(.text) refers to system_stm32f10x.o(.data) for SystemCoreClock
    startup_stm32f10x_hd.o(STACK) refers (Special) to heapauxi.o(.text) for __use_two_region_memory
    startup_stm32f10x_hd.o(HEAP) refers (Special) to heapauxi.o(.text) for __use_two_region_memory
    startup_stm32f10x_hd.o(RESET) refers (Special) to heapauxi.o(.text) for __use_two_region_memory
    startup_stm32f10x_hd.o(RESET) refers to startup_stm32f10x_hd.o(STACK) for __initial_sp
    startup_stm32f10x_hd.o(RESET) refers to startup_stm32f10x_hd.o(.text) for Reset_Handler
    startup_stm32f10x_hd.o(RESET) refers to stm32f10x_it.o(.text) for NMI_Handler
    startup_stm32f10x_hd.o(RESET) refers to button_led.o(.text) for EXTI0_IRQHandler
    startup_stm32f10x_hd.o(RESET) refers to usart.o(.text) for USART1_IRQHandler
    startup_stm32f10x_hd.o(RESET) refers to esp8266.o(.text) for USART2_IRQHandler
    startup_stm32f10x_hd.o(.text) refers (Special) to heapauxi.o(.text) for __use_two_region_memory
    startup_stm32f10x_hd.o(.text) refers to system_stm32f10x.o(.text) for SystemInit
    startup_stm32f10x_hd.o(.text) refers to __main.o(!!!main) for __main
    startup_stm32f10x_hd.o(.text) refers to startup_stm32f10x_hd.o(HEAP) for Heap_Mem
    startup_stm32f10x_hd.o(.text) refers to startup_stm32f10x_hd.o(STACK) for Stack_Mem
    stm32f10x_gpio.o(.text) refers to stm32f10x_rcc.o(.text) for RCC_APB2PeriphResetCmd
    stm32f10x_rcc.o(.text) refers to stm32f10x_rcc.o(.data) for APBAHBPrescTable
    stm32f10x_usart.o(.text) refers to stm32f10x_rcc.o(.text) for RCC_APB2PeriphResetCmd
    stm32f10x_adc.o(.text) refers to stm32f10x_rcc.o(.text) for RCC_APB2PeriphResetCmd
    stm32f10x_tim.o(.text) refers to stm32f10x_rcc.o(.text) for RCC_APB2PeriphResetCmd
    delay.o(.text) refers to delay.o(.data) for UsCount
    usart.o(.text) refers to stm32f10x_rcc.o(.text) for RCC_APB2PeriphClockCmd
    usart.o(.text) refers to stm32f10x_gpio.o(.text) for GPIO_Init
    usart.o(.text) refers to stm32f10x_usart.o(.text) for USART_Init
    usart.o(.text) refers to misc.o(.text) for NVIC_Init
    usart.o(.text) refers to c89vsnprintf.o(.text) for __c89vsnprintf
    led.o(.text) refers to stm32f10x_rcc.o(.text) for RCC_APB2PeriphClockCmd
    led.o(.text) refers to stm32f10x_gpio.o(.text) for GPIO_Init
    button_led.o(.text) refers to stm32f10x_rcc.o(.text) for RCC_APB2PeriphClockCmd
    button_led.o(.text) refers to stm32f10x_gpio.o(.text) for GPIO_Init
    button_led.o(.text) refers to misc.o(.text) for NVIC_Init
    button_led.o(.text) refers to stm32f10x_exti.o(.text) for EXTI_Init
    button_led.o(.text) refers to button_led.o(.data) for b_h0
    ds18b20.o(.text) refers to stm32f10x_rcc.o(.text) for RCC_APB2PeriphClockCmd
    ds18b20.o(.text) refers to stm32f10x_gpio.o(.text) for GPIO_Init
    ds18b20.o(.text) refers to delay.o(.text) for DelayUs
    ds18b20.o(.text) refers to fflt_clz.o(x$fpl$ffltu) for __aeabi_ui2f
    ds18b20.o(.text) refers to f2d.o(x$fpl$f2d) for __aeabi_f2d
    ds18b20.o(.text) refers to dmul.o(x$fpl$dmul) for __aeabi_dmul
    ds18b20.o(.text) refers to d2f.o(x$fpl$d2f) for __aeabi_d2f
    ds18b20.o(.text) refers to ds18b20.o(.data) for ds18b20_flag
    lcd.o(.text) refers to lcd_init.o(.text) for LCD_Address_Set
    lcd.o(.text) refers to lcd.o(.constdata) for tfont32
    lcd.o(.text) refers to fmul.o(x$fpl$fmul) for __aeabi_fmul
    lcd.o(.text) refers to ffixu.o(x$fpl$ffixu) for __aeabi_f2uiz
    lcd_init.o(.text) refers to stm32f10x_rcc.o(.text) for RCC_APB2PeriphClockCmd
    lcd_init.o(.text) refers to stm32f10x_gpio.o(.text) for GPIO_PinRemapConfig
    lcd_init.o(.text) refers to delay.o(.text) for DelayMs
    relay.o(.text) refers to stm32f10x_rcc.o(.text) for RCC_APB2PeriphClockCmd
    relay.o(.text) refers to stm32f10x_gpio.o(.text) for GPIO_Init
    tds.o(.text) refers to stm32f10x_rcc.o(.text) for RCC_APB2PeriphClockCmd
    tds.o(.text) refers to stm32f10x_gpio.o(.text) for GPIO_Init
    tds.o(.text) refers to stm32f10x_adc.o(.text) for ADC_Init
    tds.o(.text) refers to stm32f10x_dma.o(.text) for DMA_DeInit
    tds.o(.text) refers to fflt_clz.o(x$fpl$ffltu) for __aeabi_ui2f
    tds.o(.text) refers to fdiv.o(x$fpl$fdiv) for __aeabi_fdiv
    tds.o(.text) refers to f2d.o(x$fpl$f2d) for __aeabi_f2d
    tds.o(.text) refers to dmul.o(x$fpl$dmul) for __aeabi_dmul
    tds.o(.text) refers to d2f.o(x$fpl$d2f) for __aeabi_d2f
    tds.o(.text) refers to daddsub_clz.o(x$fpl$dsub) for __aeabi_dsub
    tds.o(.text) refers to daddsub_clz.o(x$fpl$dadd) for __aeabi_dadd
    tds.o(.text) refers to fleqf.o(x$fpl$fleqf) for __aeabi_cfcmple
    tds.o(.text) refers to frleqf.o(x$fpl$frleqf) for __aeabi_cfrcmple
    tds.o(.text) refers to tds.o(.data) for ADC_ConvertedValue
[...]
    SPI1_IRQHandler                          0x080005af   Thumb Code     0  startup_stm32f10x_hd.o(.text)
    SPI2_IRQHandler                          0x080005af   Thumb Code     0  startup_stm32f10x_hd.o(.text)
    SPI3_IRQHandler                          0x080005af   Thumb Code     0  startup_stm32f10x_hd.o(.text)
    TAMPER_IRQHandler                        0x080005af   Thumb Code     0  startup_stm32f10x_hd.o(.text)
    TIM1_BRK_IRQHandler                      0x080005af   Thumb Code     0  startup_stm32f10x_hd.o(.text)
    TIM1_CC_IRQHandler                       0x080005af   Thumb Code     0  startup_stm32f10x_hd.o(.text)
    TIM1_TRG_COM_IRQHandler                  0x080005af   Thumb Code     0  startup_stm32f10x_hd.o(.text)
    TIM1_UP_IRQHandler                       0x080005af   Thumb Code     0  startup_stm32f10x_hd.o(.text)
    TIM2_IRQHandler                          0x080005af   Thumb Code     0  startup_stm32f10x_hd.o(.text)
    TIM3_IRQHandler                          0x080005af   Thumb Code     0  startup_stm32f10x_hd.o(.text)
    TIM4_IRQHandler                          0x080005af   Thumb Code     0  startup_stm32f10x_hd.o(.text)
    TIM5_IRQHandler                          0x080005af   Thumb Code     0  startup_stm32f10x_hd.o(.text)
    TIM6_IRQHandler                          0x080005af   Thumb Code     0  startup_stm32f10x_hd.o(.text)
    TIM7_IRQHandler                          0x080005af   Thumb Code     0  startup_stm32f10x_hd.o(.text)
    TIM8_BRK_IRQHandler                      0x080005af   Thumb Code     0  startup_stm32f10x_hd.o(.text)
    TIM8_CC_IRQHandler                       0x080005af   Thumb Code     0  startup_stm32f10x_hd.o(.text)
    TIM8_TRG_COM_IRQHandler                  0x080005af   Thumb Code     0  startup_stm32f10x_hd.o(.text)
    TIM8_UP_IRQHandler                       0x080005af   Thumb Code     0  startup_stm32f10x_hd.o(.text)
    UART4_IRQHandler                         0x080005af   Thumb Code     0  startup_stm32f10x_hd.o(.text)
    UART5_IRQHandler                         0x080005af   Thumb Code     0  startup_stm32f10x_hd.o(.text)
    USART3_IRQHandler                        0x080005af   Thumb Code     0  startup_stm32f10x_hd.o(.text)
    USBWakeUp_IRQHandler                     0x080005af   Thumb Code     0  startup_stm32f10x_hd.o(.text)
    USB_HP_CAN1_TX_IRQHandler                0x080005af   Thumb Code     0  startup_stm32f10x_hd.o(.text)
    USB_LP_CAN1_RX0_IRQHandler               0x080005af   Thumb Code     0  startup_stm32f10x_hd.o(.text)
    WWDG_IRQHandler                          0x080005af   Thumb Code     0  startup_stm32f10x_hd.o(.text)
    __user_initial_stackheap                 0x080005b1   Thumb Code     0  startup_stm32f10x_hd.o(.text)
    NVIC_PriorityGroupConfig                 0x080005d5   Thumb Code    10  misc.o(.text)
    NVIC_Init                                0x080005df   Thumb Code   100  misc.o(.text)
    NVIC_SetVectorTable                      0x08000643   Thumb Code    14  misc.o(.text)
    NVIC_SystemLPConfig                      0x08000651   Thumb Code    34  misc.o(.text)
    SysTick_CLKSourceConfig                  0x08000673   Thumb Code    40  misc.o(.text)
    GPIO_DeInit                              0x080006b1   Thumb Code   172  stm32f10x_gpio.o(.text)
    GPIO_AFIODeInit                          0x0800075d   Thumb Code    20  stm32f10x_gpio.o(.text)
    GPIO_Init                                0x08000771   Thumb Code   278  stm32f10x_gpio.o(.text)
    GPIO_StructInit                          0x08000887   Thumb Code    16  stm32f10x_gpio.o(.text)
    GPIO_ReadInputDataBit                    0x08000897   Thumb Code    18  stm32f10x_gpio.o(.text)
    GPIO_ReadInputData                       0x080008a9   Thumb Code     8  stm32f10x_gpio.o(.text)
    GPIO_ReadOutputDataBit                   0x080008b1   Thumb Code    18  stm32f10x_gpio.o(.text)
    GPIO_ReadOutputData                      0x080008c3   Thumb Code     8  stm32f10x_gpio.o(.text)
    GPIO_SetBits                             0x080008cb   Thumb Code     4  stm32f10x_gpio.o(.text)
    GPIO_ResetBits                           0x080008cf   Thumb Code     4  stm32f10x_gpio.o(.text)
    GPIO_WriteBit                            0x080008d3   Thumb Code    10  stm32f10x_gpio.o(.text)
    GPIO_Write                               0x080008dd   Thumb Code     4  stm32f10x_gpio.o(.text)
    GPIO_PinLockConfig                       0x080008e1   Thumb Code    18  stm32f10x_gpio.o(.text)
    GPIO_EventOutputConfig                   0x080008f3   Thumb Code    26  stm32f10x_gpio.o(.text)
    GPIO_EventOutputCmd                      0x0800090d   Thumb Code     6  stm32f10x_gpio.o(.text)
    GPIO_PinRemapConfig                      0x08000913   Thumb Code   138  stm32f10x_gpio.o(.text)
    GPIO_EXTILineConfig                      0x0800099d   Thumb Code    66  stm32f10x_gpio.o(.text)
    GPIO_ETH_MediaInterfaceConfig            0x080009df   Thumb Code     8  stm32f10x_gpio.o(.text)
    RCC_DeInit                               0x08000a0d   Thumb Code    64  stm32f10x_rcc.o(.text)
    RCC_HSEConfig                            0x08000a4d   Thumb Code    70  stm32f10x_rcc.o(.text)
    RCC_GetFlagStatus                        0x08000a93   Thumb Code    56  stm32f10x_rcc.o(.text)
    RCC_WaitForHSEStartUp                    0x08000acb   Thumb Code    56  stm32f10x_rcc.o(.text)
    RCC_AdjustHSICalibrationValue            0x08000b03   Thumb Code    20  stm32f10x_rcc.o(.text)
    RCC_HSICmd                               0x08000b17   Thumb Code     6  stm32f10x_rcc.o(.text)
    RCC_PLLConfig                            0x08000b1d   Thumb Code    24  stm32f10x_rcc.o(.text)
    RCC_PLLCmd                               0x08000b35   Thumb Code     6  stm32f10x_rcc.o(.text)
    RCC_SYSCLKConfig                         0x08000b3b   Thumb Code    18  stm32f10x_rcc.o(.text)
    RCC_GetSYSCLKSource                      0x08000b4d   Thumb Code    10  stm32f10x_rcc.o(.text)
    RCC_HCLKConfig                           0x08000b57   Thumb Code    18  stm32f10x_rcc.o(.text)
    RCC_PCLK1Config                          0x08000b69   Thumb Code    18  stm32f10x_rcc.o(.text)
    RCC_PCLK2Config                          0x08000b7b   Thumb Code    20  stm32f10x_rcc.o(.text)
    RCC_ITConfig                             0x08000b8f   Thumb Code    26  stm32f10x_rcc.o(.text)
    RCC_USBCLKConfig                         0x08000ba9   Thumb Code     8  stm32f10x_rcc.o(.text)
    RCC_ADCCLKConfig                         0x08000bb1   Thumb Code    18  stm32f10x_rcc.o(.text)
    RCC_LSEConfig                            0x08000bc3   Thumb Code    50  stm32f10x_rcc.o(.text)
    RCC_LSICmd                               0x08000bf5   Thumb Code     6  stm32f10x_rcc.o(.text)
    RCC_RTCCLKConfig                         0x08000bfb   Thumb Code    12  stm32f10x_rcc.o(.text)
    RCC_RTCCLKCmd                            0x08000c07   Thumb Code     8  stm32f10x_rcc.o(.text)
    RCC_GetClocksFreq                        0x08000c0f   Thumb Code   192  stm32f10x_rcc.o(.text)
    RCC_AHBPeriphClockCmd                    0x08000ccf   Thumb Code    26  stm32f10x_rcc.o(.text)
    RCC_APB2PeriphClockCmd                   0x08000ce9   Thumb Code    26  stm32f10x_rcc.o(.text)
    RCC_APB1PeriphClockCmd                   0x08000d03   Thumb Code    26  stm32f10x_rcc.o(.text)
    RCC_APB2PeriphResetCmd                   0x08000d1d   Thumb Code    26  stm32f10x_rcc.o(.text)
    RCC_APB1PeriphResetCmd                   0x08000d37   Thumb Code    26  stm32f10x_rcc.o(.text)
    RCC_BackupResetCmd                       0x08000d51   Thumb Code     8  stm32f10x_rcc.o(.text)
    RCC_ClockSecuritySystemCmd               0x08000d59   Thumb Code     6  stm32f10x_rcc.o(.text)
    RCC_MCOConfig                            0x08000d5f   Thumb Code     6  stm32f10x_rcc.o(.text)
    RCC_ClearFlag                            0x08000d65   Thumb Code    14  stm32f10x_rcc.o(.text)
    RCC_GetITStatus                          0x08000d73   Thumb Code    20  stm32f10x_rcc.o(.text)
    RCC_ClearITPendingBit                    0x08000d87   Thumb Code     6  stm32f10x_rcc.o(.text)
    USART_DeInit                             0x08000db1   Thumb Code   134  stm32f10x_usart.o(.text)
    USART_Init                               0x08000e37   Thumb Code   210  stm32f10x_usart.o(.text)
    USART_StructInit                         0x08000f09   Thumb Code    24  stm32f10x_usart.o(.text)
    USART_ClockInit                          0x08000f21   Thumb Code    34  stm32f10x_usart.o(.text)
    USART_ClockStructInit                    0x08000f43   Thumb Code    12  stm32f10x_usart.o(.text)
    USART_Cmd                                0x08000f4f   Thumb Code    24  stm32f10x_usart.o(.text)
    USART_ITConfig                           0x08000f67   Thumb Code    74  stm32f10x_usart.o(.text)
    USART_DMACmd                             0x08000fb1   Thumb Code    18  stm32f10x_usart.o(.text)
    USART_SetAddress                         0x08000fc3   Thumb Code    18  stm32f10x_usart.o(.text)
    USART_WakeUpConfig                       0x08000fd5   Thumb Code    18  stm32f10x_usart.o(.text)
    USART_ReceiverWakeUpCmd                  0x08000fe7   Thumb Code    24  stm32f10x_usart.o(.text)
    USART_LINBreakDetectLengthConfig         0x08000fff   Thumb Code    18  stm32f10x_usart.o(.text)
    USART_LINCmd                             0x08001011   Thumb Code    24  stm32f10x_usart.o(.text)
    USART_SendData                           0x08001029   Thumb Code     8  stm32f10x_usart.o(.text)
    USART_ReceiveData                        0x08001031   Thumb Code    10  stm32f10x_usart.o(.text)
    USART_SendBreak                          0x0800103b   Thumb Code    10  stm32f10x_usart.o(.text)
    USART_SetGuardTime                       0x08001045   Thumb Code    16  stm32f10x_usart.o(.text)
    USART_SetPrescaler                       0x08001055   Thumb Code    16  stm32f10x_usart.o(.text)
    USART_SmartCardCmd                       0x08001065   Thumb Code    24  stm32f10x_usart.o(.text)
    USART_SmartCardNACKCmd                   0x0800107d   Thumb Code    24  stm32f10x_usart.o(.text)
    USART_HalfDuplexCmd                      0x08001095   Thumb Code    24  stm32f10x_usart.o(.text)
    USART_OverSampling8Cmd                   0x080010ad   Thumb Code    22  stm32f10x_usart.o(.text)
    USART_OneBitMethodCmd                    0x080010c3   Thumb Code    24  stm32f10x_usart.o(.text)
    USART_IrDAConfig                         0x080010db   Thumb Code    18  stm32f10x_usart.o(.text)
    USART_IrDACmd                            0x080010ed   Thumb Code    24  stm32f10x_usart.o(.text)
    USART_GetFlagStatus                      0x08001105   Thumb Code    26  stm32f10x_usart.o(.text)
    USART_ClearFlag                          0x0800111f   Thumb Code    18  stm32f10x_usart.o(.text)
    USART_GetITStatus                        0x08001131   Thumb Code    84  stm32f10x_usart.o(.text)
    USART_ClearITPendingBit                  0x08001185   Thumb Code    52  stm32f10x_usart.o(.text)
    EXTI_DeInit                              0x080011b9   Thumb Code    28  stm32f10x_exti.o(.text)
    EXTI_Init                                0x080011d5   Thumb Code   142  stm32f10x_exti.o(.text)
    EXTI_StructInit                          0x08001263   Thumb Code    16  stm32f10x_exti.o(.text)
    EXTI_GenerateSWInterrupt                 0x08001273   Thumb Code    16  stm32f10x_exti.o(.text)
    EXTI_GetFlagStatus                       0x08001283   Thumb Code    22  stm32f10x_exti.o(.text)
    EXTI_ClearFlag                           0x08001299   Thumb Code     8  stm32f10x_exti.o(.text)
    EXTI_GetITStatus                         0x080012a1   Thumb Code    34  stm32f10x_exti.o(.text)
    EXTI_ClearITPendingBit                   0x080012c3   Thumb Code     8  stm32f10x_exti.o(.text)
    ADC_DeInit                               0x080012d5   Thumb Code    78  stm32f10x_adc.o(.text)
    ADC_Init                                 0x08001323   Thumb Code    70  stm32f10x_adc.o(.text)
    ADC_StructInit                           0x08001369   Thumb Code    18  stm32f10x_adc.o(.text)
    ADC_Cmd                                  0x0800137b   Thumb Code    22  stm32f10x_adc.o(.text)
    ADC_DMACmd                               0x08001391   Thumb Code    22  stm32f10x_adc.o(.text)
    ADC_ITConfig                             0x080013a7   Thumb Code    24  stm32f10x_adc.o(.text)
    ADC_ResetCalibration                     0x080013bf   Thumb Code    10  stm32f10x_adc.o(.text)
    ADC_GetResetCalibrationStatus            0x080013c9   Thumb Code    20  stm32f10x_adc.o(.text)
    ADC_StartCalibration                     0x080013dd   Thumb Code    10  stm32f10x_adc.o(.text)
    ADC_GetCalibrationStatus                 0x080013e7   Thumb Code    20  stm32f10x_adc.o(.text)
    ADC_SoftwareStartConvCmd                 0x080013fb   Thumb Code    22  stm32f10x_adc.o(.text)
    ADC_GetSoftwareStartConvStatus           0x08001411   Thumb Code    20  stm32f10x_adc.o(.text)
    ADC_DiscModeChannelCountConfig           0x08001425   Thumb Code    24  stm32f10x_adc.o(.text)
    ADC_DiscModeCmd                          0x0800143d   Thumb Code    22  stm32f10x_adc.o(.text)
    ADC_RegularChannelConfig                 0x08001453   Thumb Code   184  stm32f10x_adc.o(.text)
    ADC_ExternalTrigConvCmd                  0x0800150b   Thumb Code    22  stm32f10x_adc.o(.text)
    ADC_GetConversionValue                   0x08001521   Thumb Code     8  stm32f10x_adc.o(.text)
    ADC_GetDualModeConversionValue           0x08001529   Thumb Code     8  stm32f10x_adc.o(.text)
    ADC_AutoInjectedConvCmd                  0x08001531   Thumb Code    22  stm32f10x_adc.o(.text)
    ADC_InjectedDiscModeCmd                  0x08001547   Thumb Code    22  stm32f10x_adc.o(.text)
    ADC_ExternalTrigInjectedConvConfig       0x0800155d   Thumb Code    16  stm32f10x_adc.o(.text)
    ADC_ExternalTrigInjectedConvCmd          0x0800156d   Thumb Code    22  stm32f10x_adc.o(.text)
    ADC_SoftwareStartInjectedConvCmd         0x08001583   Thumb Code    22  stm32f10x_adc.o(.text)
    ADC_GetSoftwareStartInjectedConvCmdStatus 0x08001599   Thumb Code    20  stm32f10x_adc.o(.text)
    ADC_InjectedChannelConfig                0x080015ad   Thumb Code   130  stm32f10x_adc.o(.text)
    ADC_InjectedSequencerLengthConfig        0x0800162f   Thumb Code    24  stm32f10x_adc.o(.text)
    ADC_SetInjectedOffset                    0x08001647   Thumb Code    20  stm32f10x_adc.o(.text)
    ADC_GetInjectedConversionValue           0x0800165b   Thumb Code    28  stm32f10x_adc.o(.text)
    ADC_AnalogWatchdogCmd                    0x08001677   Thumb Code    16  stm32f10x_adc.o(.text)
    ADC_AnalogWatchdogThresholdsConfig       0x08001687   Thumb Code     6  stm32f10x_adc.o(.text)
    ADC_AnalogWatchdogSingleChannelConfig    0x0800168d   Thumb Code    16  stm32f10x_adc.o(.text)
    ADC_TempSensorVrefintCmd                 0x0800169d   Thumb Code    64  stm32f10x_adc.o(.text)
    ADC_GetFlagStatus                        0x080016dd   Thumb Code    18  stm32f10x_adc.o(.text)
    ADC_ClearFlag                            0x080016ef   Thumb Code     6  stm32f10x_adc.o(.text)
    ADC_GetITStatus                          0x080016f5   Thumb Code    36  stm32f10x_adc.o(.text)
    ADC_ClearITPendingBit                    0x08001719   Thumb Code    10  stm32f10x_adc.o(.text)
    DMA_DeInit                               0x08001725   Thumb Code   324  stm32f10x_dma.o(.text)
    DMA_Init                                 0x08001869   Thumb Code    60  stm32f10x_dma.o(.text)
    DMA_StructInit                           0x080018a5   Thumb Code    26  stm32f10x_dma.o(.text)
    DMA_Cmd                                  0x080018bf   Thumb Code    24  stm32f10x_dma.o(.text)
    DMA_ITConfig                             0x080018d7   Thumb Code    18  stm32f10x_dma.o(.text)
    DMA_SetCurrDataCounter                   0x080018e9   Thumb Code     4  stm32f10x_dma.o(.text)
    DMA_GetCurrDataCounter                   0x080018ed   Thumb Code     8  stm32f10x_dma.o(.text)
    DMA_GetFlagStatus                        0x080018f5   Thumb Code    40  stm32f10x_dma.o(.text)
    DMA_ClearFlag                            0x0800191d   Thumb Code    22  stm32f10x_dma.o(.text)
    DMA_GetITStatus                          0x08001933   Thumb Code    40  stm32f10x_dma.o(.text)
    DMA_ClearITPendingBit                    0x0800195b   Thumb Code    22  stm32f10x_dma.o(.text)
    TIM_DeInit                               0x08001979   Thumb Code   424  stm32f10x_tim.o(.text)
    TIM_TimeBaseInit                         0x08001b21   Thumb Code   122  stm32f10x_tim.o(.text)
    TIM_OC1Init                              0x08001b9b   Thumb Code   132  stm32f10x_tim.o(.text)
    TIM_OC2Init                              0x08001c1f   Thumb Code   154  stm32f10x_tim.o(.text)
    TIM_OC3Init                              0x08001cb9   Thumb Code   150  stm32f10x_tim.o(.text)
    TIM_OC4Init                              0x08001d4f   Thumb Code   182  stm32f10x_tim.o(.text)
    TIM_SetIC4Prescaler                      0x08001e05   Thumb Code    26  stm32f10x_tim.o(.text)
    TIM_SetIC3Prescaler                      0x08001ea1   Thumb Code    18  stm32f10x_tim.o(.text)
    TIM_SetIC2Prescaler                      0x08001f2d   Thumb Code    26  stm32f10x_tim.o(.text)
    TIM_SetIC1Prescaler                      0x08001fc9   Thumb Code    18  stm32f10x_tim.o(.text)
    TIM_ICInit                               0x08002047   Thumb Code   150  stm32f10x_tim.o(.text)
    TIM_PWMIConfig                           0x080020dd   Thumb Code   124  stm32f10x_tim.o(.text)
    TIM_BDTRConfig                           0x08002159   Thumb Code    32  stm32f10x_tim.o(.text)
    TIM_TimeBaseStructInit                   0x08002179   Thumb Code    18  stm32f10x_tim.o(.text)
    TIM_OCStructInit                         0x0800218b   Thumb Code    20  stm32f10x_tim.o(.text)
    TIM_ICStructInit                         0x0800219f   Thumb Code    18  stm32f10x_tim.o(.text)
    TIM_BDTRStructInit                       0x080021b1   Thumb Code    40  stm32f10x_tim.o(.text)
    TIM_Cmd                                  0x080021d9   Thumb Code    24  stm32f10x_tim.o(.text)
    TIM_CtrlPWMOutputs                       0x080021f1   Thumb Code    30  stm32f10x_tim.o(.text)
    TIM_ITConfig                             0x0800220f   Thumb Code    18  stm32f10x_tim.o(.text)
    TIM_GenerateEvent                        0x08002221   Thumb Code     4  stm32f10x_tim.o(.text)
    TIM_DMAConfig                            0x08002225   Thumb Code    10  stm32f10x_tim.o(.text)
    TIM_DMACmd                               0x0800222f   Thumb Code    18  stm32f10x_tim.o(.text)
    TIM_InternalClockConfig                  0x08002241   Thumb Code    12  stm32f10x_tim.o(.text)
    TIM_SelectInputTrigger                   0x0800224d   Thumb Code    18  stm32f10x_tim.o(.text)
    TIM_ITRxExternalClockConfig              0x0800225f   Thumb Code    24  stm32f10x_tim.o(.text)
    TIM_TIxExternalClockConfig               0x08002277   Thumb Code    62  stm32f10x_tim.o(.text)
    TIM_ETRConfig                            0x080022b5   Thumb Code    28  stm32f10x_tim.o(.text)
    TIM_ETRClockMode1Config                  0x080022d1   Thumb Code    54  stm32f10x_tim.o(.text)
    TIM_ETRClockMode2Config                  0x08002307   Thumb Code    32  stm32f10x_tim.o(.text)
    TIM_PrescalerConfig                      0x08002327   Thumb Code     6  stm32f10x_tim.o(.text)
    TIM_CounterModeConfig                    0x0800232d   Thumb Code    18  stm32f10x_tim.o(.text)
    TIM_EncoderInterfaceConfig               0x0800233f   Thumb Code    66  stm32f10x_tim.o(.text)
    TIM_ForcedOC1Config                      0x08002381   Thumb Code    18  stm32f10x_tim.o(.text)
    TIM_ForcedOC2Config                      0x08002393   Thumb Code    26  stm32f10x_tim.o(.text)
    TIM_ForcedOC3Config                      0x080023ad   Thumb Code    18  stm32f10x_tim.o(.text)
    TIM_ForcedOC4Config                      0x080023bf   Thumb Code    26  stm32f10x_tim.o(.text)
    TIM_ARRPreloadConfig                     0x080023d9   Thumb Code    24  stm32f10x_tim.o(.text)
    TIM_SelectCOM                            0x080023f1   Thumb Code    24  stm32f10x_tim.o(.text)
    TIM_SelectCCDMA                          0x08002409   Thumb Code    24  stm32f10x_tim.o(.text)
    TIM_CCPreloadControl                     0x08002421   Thumb Code    24  stm32f10x_tim.o(.text)
    TIM_OC1PreloadConfig                     0x08002439   Thumb Code    18  stm32f10x_tim.o(.text)
    TIM_OC2PreloadConfig                     0x0800244b   Thumb Code    26  stm32f10x_tim.o(.text)
    TIM_OC3PreloadConfig                     0x08002465   Thumb Code    18  stm32f10x_tim.o(.text)
    TIM_OC4PreloadConfig                     0x08002477   Thumb Code    26  stm32f10x_tim.o(.text)
    TIM_OC1FastConfig                        0x08002491   Thumb Code    18  stm32f10x_tim.o(.text)
    TIM_OC2FastConfig                        0x080024a3   Thumb Code    26  stm32f10x_tim.o(.text)
    TIM_OC3FastConfig                        0x080024bd   Thumb Code    18  stm32f10x_tim.o(.text)
    TIM_OC4FastConfig                        0x080024cf   Thumb Code    26  stm32f10x_tim.o(.text)
    TIM_ClearOC1Ref                          0x080024e9   Thumb Code    18  stm32f10x_tim.o(.text)
    TIM_ClearOC2Ref                          0x080024fb   Thumb Code    24  stm32f10x_tim.o(.text)
    TIM_ClearOC3Ref                          0x08002513   Thumb Code    18  stm32f10x_tim.o(.text)
    TIM_ClearOC4Ref                          0x08002525   Thumb Code    24  stm32f10x_tim.o(.text)
    TIM_OC1PolarityConfig                    0x0800253d   Thumb Code    18  stm32f10x_tim.o(.text)
    TIM_OC1NPolarityConfig                   0x0800254f   Thumb Code    18  stm32f10x_tim.o(.text)
    TIM_OC2PolarityConfig                    0x08002561   Thumb Code    26  stm32f10x_tim.o(.text)
    TIM_OC2NPolarityConfig                   0x0800257b   Thumb Code    26  stm32f10x_tim.o(.text)
    TIM_OC3PolarityConfig                    0x08002595   Thumb Code    26  stm32f10x_tim.o(.text)
    TIM_OC3NPolarityConfig                   0x080025af   Thumb Code    26  stm32f10x_tim.o(.text)
    TIM_OC4PolarityConfig                    0x080025c9   Thumb Code    26  stm32f10x_tim.o(.text)
    TIM_CCxCmd                               0x080025e3   Thumb Code    30  stm32f10x_tim.o(.text)
    TIM_CCxNCmd                              0x08002601   Thumb Code    30  stm32f10x_tim.o(.text)
    TIM_SelectOCxM                           0x0800261f   Thumb Code    82  stm32f10x_tim.o(.text)
    TIM_UpdateDisableConfig                  0x08002671   Thumb Code    24  stm32f10x_tim.o(.text)
    TIM_UpdateRequestConfig                  0x08002689   Thumb Code    24  stm32f10x_tim.o(.text)
    TIM_SelectHallSensor                     0x080026a1   Thumb Code    24  stm32f10x_tim.o(.text)
    TIM_SelectOnePulseMode                   0x080026b9   Thumb Code    18  stm32f10x_tim.o(.text)
    TIM_SelectOutputTrigger                  0x080026cb   Thumb Code    18  stm32f10x_tim.o(.text)
    TIM_SelectSlaveMode                      0x080026dd   Thumb Code    18  stm32f10x_tim.o(.text)
    TIM_SelectMasterSlaveMode                0x080026ef   Thumb Code    18  stm32f10x_tim.o(.text)
    TIM_SetCounter                           0x08002701   Thumb Code     4  stm32f10x_tim.o(.text)
    TIM_SetAutoreload                        0x08002705   Thumb Code     4  stm32f10x_tim.o(.text)
    TIM_SetCompare1                          0x08002709   Thumb Code     4  stm32f10x_tim.o(.text)
    TIM_SetCompare2                          0x0800270d   Thumb Code     4  stm32f10x_tim.o(.text)
    TIM_SetCompare3                          0x08002711   Thumb Code     4  stm32f10x_tim.o(.text)
    TIM_SetCompare4                          0x08002715   Thumb Code     6  stm32f10x_tim.o(.text)
    TIM_SetClockDivision                     0x0800271b   Thumb Code    18  stm32f10x_tim.o(.text)
    TIM_GetCapture1                          0x0800272d   Thumb Code     6  stm32f10x_tim.o(.text)
    TIM_GetCapture2                          0x08002733   Thumb Code     6  stm32f10x_tim.o(.text)
    TIM_GetCapture3                          0x08002739   Thumb Code     6  stm32f10x_tim.o(.text)
    TIM_GetCapture4                          0x0800273f   Thumb Code     8  stm32f10x_tim.o(.text)
    TIM_GetCounter                           0x08002747   Thumb Code     6  stm32f10x_tim.o(.text)
    TIM_GetPrescaler                         0x0800274d   Thumb Code     6  stm32f10x_tim.o(.text)
    TIM_GetFlagStatus                        0x08002753   Thumb Code    18  stm32f10x_tim.o(.text)
    TIM_ClearFlag                            0x08002765   Thumb Code     6  stm32f10x_tim.o(.text)
    TIM_GetITStatus                          0x0800276b   Thumb Code    34  stm32f10x_tim.o(.text)
    TIM_ClearITPendingBit                    0x0800278d   Thumb Code     6  stm32f10x_tim.o(.text)
    Delay_Init                               0x08002795   Thumb Code    48  delay.o(.text)
    DelayUs                                  0x080027c5   Thumb Code    60  delay.o(.text)
    DelayXms                                 0x08002801   Thumb Code    66  delay.o(.text)
    DelayMs                                  0x08002843   Thumb Code    60  delay.o(.text)
    Usart1_Init                              0x08002889   Thumb Code   166  usart.o(.text)
    Usart2_Init                              0x0800292f   Thumb Code   162  usart.o(.text)
    Usart_SendString                         0x080029d1   Thumb Code    50  usart.o(.text)
    UsartPrintf                              0x08002a03   Thumb Code    72  usart.o(.text)
    USART1_IRQHandler                        0x08002a4b   Thumb Code    24  usart.o(.text)
    led_init                                 0x08002a71   Thumb Code    66  led.o(.text)
    led_on                                   0x08002ab3   Thumb Code     8  led.o(.text)
    led_off                                  0x08002abb   Thumb Code     8  led.o(.text)
    button_led_init                          0x08002ad5   Thumb Code   164  button_led.o(.text)
    EXTI9_5_IRQHandler                       0x08002b79   Thumb Code    56  button_led.o(.text)
    EXTI0_IRQHandler                         0x08002bb1   Thumb Code    24  button_led.o(.text)
    set_button_handler                       0x08002bc9   Thumb Code    14  button_led.o(.text)
    DS18B20_Init                             0x08002bed   Thumb Code    38  ds18b20.o(.text)
    DS18B20_Output                           0x08002c13   Thumb Code    30  ds18b20.o(.text)
    DS18B20_Input                            0x08002c31   Thumb Code    26  ds18b20.o(.text)
    DS18B20_Reset                            0x08002c4b   Thumb Code    98  ds18b20.o(.text)
    DS18B20_WriteData                        0x08002cad   Thumb Code    86  ds18b20.o(.text)
    DS18B20_ReadData                         0x08002d03   Thumb Code    86  ds18b20.o(.text)
    DS18B20_ReadTemp                         0x08002d59   Thumb Code   138  ds18b20.o(.text)
    LCD_Fill                                 0x08002df1   Thumb Code    74  lcd.o(.text)
    LCD_DrawPoint                            0x08002e3b   Thumb Code    28  lcd.o(.text)
    LCD_DrawLine                             0x08002e57   Thumb Code   172  lcd.o(.text)
    LCD_DrawRectangle                        0x08002f03   Thumb Code    74  lcd.o(.text)
    Draw_Circle                              0x08002f4d   Thumb Code   158  lcd.o(.text)
    LCD_ShowChinese32x32                     0x08002feb   Thumb Code   254  lcd.o(.text)
    LCD_ShowChinese24x24                     0x080030e9   Thumb Code   270  lcd.o(.text)
    LCD_ShowChinese16x16                     0x080031f7   Thumb Code   254  lcd.o(.text)
    LCD_ShowChinese                          0x080032f5   Thumb Code   116  lcd.o(.text)
    LCD_ShowChar                             0x08003369   Thumb Code   256  lcd.o(.text)
    LCD_ShowString                           0x08003469   Thumb Code    66  lcd.o(.text)
    mypow                                    0x080034ab   Thumb Code    22  lcd.o(.text)
    LCD_ShowIntNum                           0x080034c1   Thumb Code   150  lcd.o(.text)
    LCD_ShowFloatNum1                        0x08003557   Thumb Code   158  lcd.o(.text)
    LCD_ShowPicture                          0x080035f5   Thumb Code   104  lcd.o(.text)
    LCD_GPIO_Init                            0x08003661   Thumb Code    58  lcd_init.o(.text)
    LCD_Writ_Bus                             0x0800369b   Thumb Code    82  lcd_init.o(.text)
    LCD_WR_DATA8                             0x080036ed   Thumb Code    12  lcd_init.o(.text)
    LCD_WR_DATA                              0x080036f9   Thumb Code    18  lcd_init.o(.text)
    LCD_WR_REG                               0x0800370b   Thumb Code    28  lcd_init.o(.text)
    LCD_Address_Set                          0x08003727   Thumb Code    66  lcd_init.o(.text)
    LCD_Init                                 0x08003769   Thumb Code   502  lcd_init.o(.text)
    relay_init                               0x08003969   Thumb Code    44  relay.o(.text)
    relay_on                                 0x08003995   Thumb Code     8  relay.o(.text)
    relay_off                                0x0800399d   Thumb Code     8  relay.o(.text)
    tds_init                                 0x080039ad   Thumb Code   236  tds.o(.text)
    get_tds_value                            0x08003a99   Thumb Code   308  tds.o(.text)
    Multiple_read_BH1750                     0x08003c05   Thumb Code    58  bh1750.o(.text)
    Single_Write_BH1750                      0x08003c3f   Thumb Code    26  bh1750.o(.text)
    BH1750_Init                              0x08003c59   Thumb Code    10  bh1750.o(.text)
    BH1750_Read_Data                         0x08003c63   Thumb Code    88  bh1750.o(.text)
    BH1750_GPIO_Init                         0x08003ccd   Thumb Code    40  bh1750_iic.o(.text)
    SDA_Pin_IN                               0x08003cf5   Thumb Code    34  bh1750_iic.o(.text)
    SDA_Pin_Output                           0x08003d17   Thumb Code    40  bh1750_iic.o(.text)
    BH1750_IIC_Delay                         0x08003d3f   Thumb Code    10  bh1750_iic.o(.text)
    BH1750_IIC_Init                          0x08003d49   Thumb Code    28  bh1750_iic.o(.text)
    BH1750_IIC_start                         0x08003d65   Thumb Code    52  bh1750_iic.o(.text)
    BH1750_IIC_stop                          0x08003d99   Thumb Code    52  bh1750_iic.o(.text)
    BH1750_IIC_Get_ack                       0x08003dcd   Thumb Code    82  bh1750_iic.o(.text)
    BH1750_IIC_ACK                           0x08003e1f   Thumb Code    42  bh1750_iic.o(.text)
    BH1750_IIC_NACK                          0x08003e49   Thumb Code    38  bh1750_iic.o(.text)
    BH1750_IIC_write_byte                    0x08003e6f   Thumb Code    92  bh1750_iic.o(.text)
    BH1750_IIC_read_byte                     0x08003ecb   Thumb Code   100  bh1750_iic.o(.text)
    PWM_Init                                 0x08003f35   Thumb Code   148  pwm.o(.text)
    PWM_SetCompare2                          0x08003fc9   Thumb Code    14  pwm.o(.text)
    Hardware_Init                            0x08003fe1   Thumb Code    90  main.o(.text)
    _show2                                   0x0800403b   Thumb Code   234  main.o(.text)
    show2                                    0x08004125   Thumb Code   196  main.o(.text)
    show1                                    0x080041e9   Thumb Code  1014  main.o(.text)
    heat                                     0x080045df   Thumb Code   188  main.o(.text)
    h2                                       0x0800469b   Thumb Code    64  main.o(.text)
    h1                                       0x080046db   Thumb Code    94  main.o(.text)
    h0                                       0x08004739   Thumb Code   100  main.o(.text)
    main                                     0x0800479d   Thumb Code   600  main.o(.text)
    OneNet_DevLink                           0x08004a31   Thumb Code   264  onenet.o(.text)
    OneNet_FillBuf                           0x08004b39   Thumb Code   348  onenet.o(.text)
    OneNet_SendData                          0x08004c95   Thumb Code   130  onenet.o(.text)
    OneNET_Publish                           0x08004d17   Thumb Code    86  onenet.o(.text)
    OneNET_Subscribe                         0x08004d6d   Thumb Code   904  onenet.o(.text)
    OneNet_RevPro                            0x080050f5   Thumb Code   574  onenet.o(.text)
    MQTT_NewBuffer                           0x08005451   Thumb Code    88  mqttkit.o(.text)
    MQTT_DeleteBuffer                        0x080054a9   Thumb Code    28  mqttkit.o(.text)
    MQTT_DumpLength                          0x080054c5   Thumb Code    46  mqttkit.o(.text)
    MQTT_ReadLength                          0x080054f3   Thumb Code    70  mqttkit.o(.text)
    MQTT_UnPacketRecv                        0x08005539   Thumb Code   106  mqttkit.o(.text)
    MQTT_PacketConnect                       0x080055a3   Thumb Code   666  mqttkit.o(.text)
    MQTT_PacketDisConnect                    0x0800583d   Thumb Code    48  mqttkit.o(.text)
    MQTT_UnPacketConnectAck                  0x0800586d   Thumb Code    30  mqttkit.o(.text)
    MQTT_PacketPublish                       0x0800588b   Thumb Code   452  mqttkit.o(.text)
    MQTT_PacketSaveData                      0x08005a4f   Thumb Code    64  mqttkit.o(.text)
    MQTT_PacketSaveBinData                   0x08005a8f   Thumb Code   192  mqttkit.o(.text)
    MQTT_UnPacketCmd                         0x08005b4f   Thumb Code   140  mqttkit.o(.text)
    MQTT_PacketCmdResp                       0x08005bdb   Thumb Code   132  mqttkit.o(.text)
    MQTT_PacketSubscribe                     0x08005c5f   Thumb Code   254  mqttkit.o(.text)
    MQTT_UnPacketSubscribe                   0x08005d5d   Thumb Code    52  mqttkit.o(.text)
    MQTT_PacketUnSubscribe                   0x08005d91   Thumb Code   304  mqttkit.o(.text)
    MQTT_UnPacketUnSubscribe                 0x08005ec1   Thumb Code    18  mqttkit.o(.text)
    MQTT_UnPacketPublish                     0x08005ed3   Thumb Code   440  mqttkit.o(.text)
    MQTT_PacketPublishAck                    0x0800608b   Thumb Code    72  mqttkit.o(.text)
    MQTT_UnPacketPublishAck                  0x080060d3   Thumb Code    30  mqttkit.o(.text)
    MQTT_PacketPublishRec                    0x080060f1   Thumb Code    72  mqttkit.o(.text)
    MQTT_UnPacketPublishRec                  0x08006139   Thumb Code    30  mqttkit.o(.text)
    MQTT_PacketPublishRel                    0x08006157   Thumb Code    72  mqttkit.o(.text)
    MQTT_UnPacketPublishRel                  0x0800619f   Thumb Code    36  mqttkit.o(.text)
    MQTT_PacketPublishComp                   0x080061c3   Thumb Code    72  mqttkit.o(.text)
    MQTT_UnPacketPublishComp                 0x0800620b   Thumb Code    30  mqttkit.o(.text)
    MQTT_PacketPing                          0x08006229   Thumb Code    48  mqttkit.o(.text)
    ESP8266_Clear                            0x08006259   Thumb Code    20  esp8266.o(.text)
    ESP8266_WaitRecive                       0x0800626d   Thumb Code    42  esp8266.o(.text)
    ESP8266_SendCmd                          0x08006297   Thumb Code    76  esp8266.o(.text)
    ESP8266_SendData                         0x080062e3   Thumb Code    46  esp8266.o(.text)
    ESP8266_GetIPD                           0x08006311   Thumb Code    68  esp8266.o(.text)
    ESP8266_Init                             0x08006355   Thumb Code   136  esp8266.o(.text)
    USART2_IRQHandler                        0x080063dd   Thumb Code    64  esp8266.o(.text)
    utils_hmac_md5                           0x080064e9   Thumb Code   232  utils_hmac.o(.text)
    utils_hmac_sha1                          0x080065d1   Thumb Code   232  utils_hmac.o(.text)
    base64_decode                            0x080066b9   Thumb Code   262  utils_hmac.o(.text)
    utils_md5_init                           0x080067db   Thumb Code    14  utils_md5.o(.text)
    utils_md5_free                           0x080067e9   Thumb Code    20  utils_md5.o(.text)
    utils_md5_clone                          0x080067fd   Thumb Code    18  utils_md5.o(.text)
    utils_md5_starts                         0x0800680f   Thumb Code    26  utils_md5.o(.text)
    utils_md5_process                        0x08006829   Thumb Code  2326  utils_md5.o(.text)
    utils_md5_update                         0x0800713f   Thumb Code   124  utils_md5.o(.text)
    utils_md5_finish                         0x080071bb   Thumb Code   206  utils_md5.o(.text)
    utils_md5                                0x08007289   Thumb Code    50  utils_md5.o(.text)
    utils_hb2hex                             0x080072bb   Thumb Code    24  utils_md5.o(.text)
    utils_sha1_init                          0x080072ef   Thumb Code    14  utils_sha1.o(.text)
    utils_sha1_free                          0x080072fd   Thumb Code    20  utils_sha1.o(.text)
    utils_sha1_clone                         0x08007311   Thumb Code    18  utils_sha1.o(.text)
    utils_sha1_starts                        0x08007323   Thumb Code    30  utils_sha1.o(.text)
    utils_sha1_process                       0x08007341   Thumb Code  6442  utils_sha1.o(.text)
    utils_sha1_update                        0x08008c6b   Thumb Code   124  utils_sha1.o(.text)
    utils_sha1_finish                        0x08008ce7   Thumb Code   228  utils_sha1.o(.text)
    utils_sha1                               0x08008dcb   Thumb Code    50  utils_sha1.o(.text)
    malloc                                   0x08008e05   Thumb Code    94  h1_alloc.o(.text)
    free                                     0x08008e63   Thumb Code    78  h1_free.o(.text)
    __c89vsnprintf                           0x08008eb1   Thumb Code    48  c89vsnprintf.o(.text)
    __2sprintf                               0x08008ee5   Thumb Code    38  __2sprintf.o(.text)
    __2snprintf                              0x08008f11   Thumb Code    50  __2snprintf.o(.text)
    _printf_str                              0x08008f49   Thumb Code    82  _printf_str.o(.text)
    _printf_int_dec                          0x08008f9d   Thumb Code   104  _printf_dec.o(.text)
    __printf                                 0x08009015   Thumb Code   388  __printf_flags_ss_wp.o(.text)
    atoi                                     0x0800919d   Thumb Code    26  atoi.o(.text)
    strchr                                   0x080091b7   Thumb Code    20  strchr.o(.text)
    strncat                                  0x080091cb   Thumb Code    36  strncat.o(.text)
    strstr                                   0x080091ef   Thumb Code    36  strstr.o(.text)
    strcpy                                   0x08009213   Thumb Code    72  strcpy.o(.text)
    strlen                                   0x0800925b   Thumb Code    62  strlen.o(.text)
    strcat                                   0x08009299   Thumb Code    24  strcat.o(.text)
    __aeabi_memcpy                           0x080092b1   Thumb Code     0  rt_memcpy_v6.o(.text)
    __rt_memcpy                              0x080092b1   Thumb Code   138  rt_memcpy_v6.o(.text)
    _memcpy_lastbytes                        0x08009317   Thumb Code     0  rt_memcpy_v6.o(.text)
    __aeabi_memcpy4                          0x0800933b   Thumb Code     0  rt_memcpy_w.o(.text)
    __aeabi_memcpy8                          0x0800933b   Thumb Code     0  rt_memcpy_w.o(.text)
    __rt_memcpy_w                            0x0800933b   Thumb Code   100  rt_memcpy_w.o(.text)
    _memcpy_lastbytes_aligned                0x08009383   Thumb Code     0  rt_memcpy_w.o(.text)
    __aeabi_memset                           0x0800939f   Thumb Code    16  aeabi_memset.o(.text)
    __aeabi_memclr                           0x080093af   Thumb Code     0  rt_memclr.o(.text)
    __rt_memclr                              0x080093af   Thumb Code    68  rt_memclr.o(.text)
    _memset                                  0x080093b3   Thumb Code     0  rt_memclr.o(.text)
    __aeabi_memclr4                          0x080093f3   Thumb Code     0  rt_memclr_w.o(.text)
    __aeabi_memclr8                          0x080093f3   Thumb Code     0  rt_memclr_w.o(.text)
    __rt_memclr_w                            0x080093f3   Thumb Code    78  rt_memclr_w.o(.text)
    _memset_w                                0x080093f7   Thumb Code     0  rt_memclr_w.o(.text)
    __use_two_region_memory                  0x08009441   Thumb Code     2  heapauxi.o(.text)
    __rt_heap_escrow                         0x08009443   Thumb Code     2  heapauxi.o(.text)
    __rt_heap_expand                         0x08009445   Thumb Code     2  heapauxi.o(.text)
    __rt_heap_descriptor                     0x08009449   Thumb Code     8  rt_heap_descriptor_intlibspace.o(.text)
    __aeabi_errno_addr                       0x08009451   Thumb Code     8  rt_errno_addr_intlibspace.o(.text)
    __errno$intlibspace                      0x08009451   Thumb Code     0  rt_errno_addr_intlibspace.o(.text)
    __rt_errno_addr$intlibspace              0x08009451   Thumb Code     0  rt_errno_addr_intlibspace.o(.text)
    __use_no_heap                            0x08009459   Thumb Code     2  hguard.o(.text)
    __heap$guard                             0x0800945b   Thumb Code     2  hguard.o(.text)
    _terminate_user_alloc                    0x0800945d   Thumb Code     2  init_alloc.o(.text)
    _init_user_alloc                         0x0800945f   Thumb Code     2  init_alloc.o(.text)
    __Heap_Full                              0x08009461   Thumb Code    34  init_alloc.o(.text)
    __Heap_Broken                            0x08009483   Thumb Code     6  init_alloc.o(.text)
    _init_alloc                              0x08009489   Thumb Code    94  init_alloc.o(.text)
    __Heap_Initialize                        0x080094e7   Thumb Code    10  h1_init.o(.text)
    __Heap_DescSize                          0x080094f1   Thumb Code     4  h1_init.o(.text)
    _printf_pre_padding                      0x080094f5   Thumb Code    44  _printf_pad.o(.text)
    _printf_post_padding                     0x08009521   Thumb Code    34  _printf_pad.o(.text)
    _printf_truncate_signed                  0x08009543   Thumb Code    18  _printf_truncate.o(.text)
    _printf_truncate_unsigned                0x08009555   Thumb Code    18  _printf_truncate.o(.text)
    _printf_int_common                       0x08009567   Thumb Code   178  _printf_intcommon.o(.text)
    _printf_charcount                        0x08009619   Thumb Code    40  _printf_charcount.o(.text)
    __lib_sel_fp_printf                      0x08009641   Thumb Code     2  _printf_fp_dec.o(.text)
    _printf_fp_dec_real                      0x080097ef   Thumb Code   620  _printf_fp_dec.o(.text)
    _printf_char_common                      0x08009a67   Thumb Code    32  _printf_char_common.o(.text)
    _sputc                                   0x08009a8d   Thumb Code    10  _sputc.o(.text)
    _snputc                                  0x08009a97   Thumb Code    16  _snputc.o(.text)
    _printf_cs_common                        0x08009aa7   Thumb Code    20  _printf_char.o(.text)
    _printf_char                             0x08009abb   Thumb Code    16  _printf_char.o(.text)
    _printf_string                           0x08009acb   Thumb Code     8  _printf_char.o(.text)
    _printf_wctomb                           0x08009ad5   Thumb Code   182  _printf_wctomb.o(.text)
    _printf_longlong_dec                     0x08009b91   Thumb Code   108  _printf_longlong_dec.o(.text)
    _printf_longlong_oct                     0x08009c0d   Thumb Code    68  _printf_oct_int_ll.o(.text)
    _printf_int_oct                          0x08009c51   Thumb Code    24  _printf_oct_int_ll.o(.text)
    _printf_ll_oct                           0x08009c69   Thumb Code    12  _printf_oct_int_ll.o(.text)
    _printf_longlong_hex                     0x08009c7d   Thumb Code    86  _printf_hex_int_ll_ptr.o(.text)
    _printf_int_hex                          0x08009cd3   Thumb Code    28  _printf_hex_int_ll_ptr.o(.text)
    _printf_ll_hex                           0x08009cef   Thumb Code    12  _printf_hex_int_ll_ptr.o(.text)
    _printf_hex_ptr                          0x08009cfb   Thumb Code    18  _printf_hex_int_ll_ptr.o(.text)
    strtol                                   0x08009d11   Thumb Code   112  strtol.o(.text)
    __user_libspace                          0x08009d81   Thumb Code     8  libspace.o(.text)
    __user_perproc_libspace                  0x08009d81   Thumb Code     0  libspace.o(.text)
    __user_perthread_libspace                0x08009d81   Thumb Code     0  libspace.o(.text)
    __rt_ctype_table                         0x08009d89   Thumb Code    16  rt_ctype_table.o(.text)
    __rt_locale                              0x08009d99   Thumb Code     8  rt_locale_intlibspace.o(.text)
    __Heap_ProvideMemory                     0x08009da1   Thumb Code    52  h1_extend.o(.text)
    _ll_udiv10                               0x08009dd5   Thumb Code   138  lludiv10.o(.text)
    _printf_fp_infnan                        0x08009e61   Thumb Code   112  _printf_fp_infnan.o(.text)
    _printf_lcs_common                       0x08009ee1   Thumb Code    20  _printf_wchar.o(.text)
    _printf_wchar                            0x08009ef5   Thumb Code    16  _printf_wchar.o(.text)
    _printf_wstring                          0x08009f05   Thumb Code     8  _printf_wchar.o(.text)
    _strtoul                                 0x08009f0d   Thumb Code   158  _strtoul.o(.text)
    _btod_etento                             0x08009fad   Thumb Code   216  bigflt0.o(.text)
    _wcrtomb                                 0x0800a089   Thumb Code    64  _wcrtomb.o(.text)
    __rt_SIGRTMEM                            0x0800a0c9   Thumb Code    14  defsig_rtmem_outer.o(.text)
    __I$use$semihosting                      0x0800a0d7   Thumb Code     0  use_no_semi.o(.text)
    __use_no_semihosting_swi                 0x0800a0d7   Thumb Code     2  use_no_semi.o(.text)
    __semihosting_library_function           0x0800a0d9   Thumb Code     0  indicate_semi.o(.text)
    __user_setup_stackheap                   0x0800a0d9   Thumb Code    74  sys_stackheap_outer.o(.text)
    _chval                                   0x0800a123   Thumb Code    28  _chval.o(.text)
    exit                                     0x0800a13f   Thumb Code    18  exit.o(.text)
    __sig_exit                               0x0800a151   Thumb Code    10  defsig_exit.o(.text)
    __rt_SIGRTMEM_inner                      0x0800a15d   Thumb Code    22  defsig_rtmem_inner.o(.text)
    strcmp                                   0x0800a1ad   Thumb Code   128  strcmpv7m.o(.text)
    _sys_exit                                0x0800a22d   Thumb Code     8  sys_exit.o(.text)
    __default_signal_display                 0x0800a239   Thumb Code    50  defsig_general.o(.text)
    _ttywrch                                 0x0800a26b   Thumb Code    14  sys_wrch.o(.text)
    _btod_d2e                                0x0800a279   Thumb Code    62  btod.o(CL$$btod_d2e)
    _d2e_denorm_low                          0x0800a2b7   Thumb Code    70  btod.o(CL$$btod_d2e_denorm_low)
    _d2e_norm_op1                            0x0800a2fd   Thumb Code    96  btod.o(CL$$btod_d2e_norm_op1)
    __btod_div_common                        0x0800a35d   Thumb Code   696  btod.o(CL$$btod_div_common)
    _e2e                                     0x0800a695   Thumb Code   198  btod.o(CL$$btod_e2e)
    _btod_ediv                               0x0800a75b   Thumb Code    40  btod.o(CL$$btod_ediv)
    _btod_emul                               0x0800a783   Thumb Code    40  btod.o(CL$$btod_emul)
    __btod_mult_common                       0x0800a7ab   Thumb Code   580  btod.o(CL$$btod_mult_common)
    __ARM_fpclassify                         0x0800a9ef   Thumb Code    40  fpclassify.o(i.__ARM_fpclassify)
    _is_digit                                0x0800aa17   Thumb Code    14  __printf_wp.o(i._is_digit)
    _get_lc_numeric                          0x0800aa25   Thumb Code    44  lc_numeric_c.o(locale$$code)
    _get_lc_ctype                            0x0800aa51   Thumb Code    44  lc_ctype_c.o(locale$$code)
    __aeabi_d2f                              0x0800aa7d   Thumb Code     0  d2f.o(x$fpl$d2f)
    _d2f                                     0x0800aa7d   Thumb Code    98  d2f.o(x$fpl$d2f)
    __aeabi_dadd                             0x0800aae1   Thumb Code     0  daddsub_clz.o(x$fpl$dadd)
    _dadd                                    0x0800aae1   Thumb Code   332  daddsub_clz.o(x$fpl$dadd)
    __aeabi_ddiv                             0x0800ac31   Thumb Code     0  ddiv.o(x$fpl$ddiv)
    _ddiv                                    0x0800ac31   Thumb Code   552  ddiv.o(x$fpl$ddiv)
    __aeabi_d2uiz                            0x0800aee1   Thumb Code     0  dfixu.o(x$fpl$dfixu)
    _dfixu                                   0x0800aee1   Thumb Code    90  dfixu.o(x$fpl$dfixu)
    __aeabi_dmul                             0x0800af3d   Thumb Code     0  dmul.o(x$fpl$dmul)
    _dmul                                    0x0800af3d   Thumb Code   332  dmul.o(x$fpl$dmul)
    __fpl_dnaninf                            0x0800b091   Thumb Code   156  dnaninf.o(x$fpl$dnaninf)
    __fpl_dretinf                            0x0800b12d   Thumb Code    12  dretinf.o(x$fpl$dretinf)
    __aeabi_drsub                            0x0800b139   Thumb Code     0  daddsub_clz.o(x$fpl$drsb)
    _drsb                                    0x0800b139   Thumb Code    22  daddsub_clz.o(x$fpl$drsb)
    __aeabi_dsub                             0x0800b151   Thumb Code     0  daddsub_clz.o(x$fpl$dsub)
    _dsub                                    0x0800b151   Thumb Code   464  daddsub_clz.o(x$fpl$dsub)
    __aeabi_f2d                              0x0800b325   Thumb Code     0  f2d.o(x$fpl$f2d)
    _f2d                                     0x0800b325   Thumb Code    86  f2d.o(x$fpl$f2d)
    __fpl_fcmp_Inf                           0x0800b37b   Thumb Code    24  fcmpi.o(x$fpl$fcmpinf)
    __aeabi_fdiv                             0x0800b395   Thumb Code     0  fdiv.o(x$fpl$fdiv)
    _fdiv                                    0x0800b395   Thumb Code   384  fdiv.o(x$fpl$fdiv)
    __aeabi_f2iz                             0x0800b519   Thumb Code     0  ffix.o(x$fpl$ffix)
    _ffix                                    0x0800b519   Thumb Code    54  ffix.o(x$fpl$ffix)
    __aeabi_f2uiz                            0x0800b551   Thumb Code     0  ffixu.o(x$fpl$ffixu)
    _ffixu                                   0x0800b551   Thumb Code    62  ffixu.o(x$fpl$ffixu)
    __aeabi_i2f                              0x0800b591   Thumb Code     0  fflt_clz.o(x$fpl$fflt)
    _fflt                                    0x0800b591   Thumb Code    48  fflt_clz.o(x$fpl$fflt)
    __aeabi_ui2f                             0x0800b5c1   Thumb Code     0  fflt_clz.o(x$fpl$ffltu)
    _ffltu                                   0x0800b5c1   Thumb Code    38  fflt_clz.o(x$fpl$ffltu)
    __aeabi_cfcmple                          0x0800b5e9   Thumb Code     0  fleqf.o(x$fpl$fleqf)
    _fcmple                                  0x0800b5e9   Thumb Code   104  fleqf.o(x$fpl$fleqf)
    __fpl_fcmple_InfNaN                      0x0800b63b   Thumb Code     0  fleqf.o(x$fpl$fleqf)
    __aeabi_fmul                             0x0800b651   Thumb Code     0  fmul.o(x$fpl$fmul)
    _fmul                                    0x0800b651   Thumb Code   258  fmul.o(x$fpl$fmul)
    __fpl_fnaninf                            0x0800b753   Thumb Code   140  fnaninf.o(x$fpl$fnaninf)
    __fpl_fretinf                            0x0800b7df   Thumb Code    10  fretinf.o(x$fpl$fretinf)
    __aeabi_cfrcmple                         0x0800b7e9   Thumb Code     0  frleqf.o(x$fpl$frleqf)
    _frcmple                                 0x0800b7e9   Thumb Code    98  frleqf.o(x$fpl$frleqf)
    _printf_fp_dec                           0x0800b84b   Thumb Code     4  printf1.o(x$fpl$printf1)
    __I$use$fp                               0x0800b84e   Number         0  usenofp.o(x$fpl$usenofp)
    ascii_1608                               0x0800b84e   Data        1520  lcd.o(.constdata)
    ascii_3216                               0x0800be3e   Data        6080  lcd.o(.constdata)
    tfont16                                  0x0800d5fe   Data         884  lcd.o(.constdata)
    tfont24                                  0x0800d972   Data         370  lcd.o(.constdata)
    tfont32                                  0x0800dae4   Data         650  lcd.o(.constdata)
    Region$$Table$$Base                      0x0800df4c   Number         0  anon$$obj.o(Region$$Table)
    Region$$Table$$Limit                     0x0800df6c   Number         0  anon$$obj.o(Region$$Table)
    __ctype                                  0x0800df95   Data           0  lc_ctype_c.o(locale$$data)
    SystemCoreClock                          0x20000000   Data           4  system_stm32f10x.o(.data)
    AHBPrescTable                            0x20000004   Data          16  system_stm32f10x.o(.data)
    UsCount                                  0x20000028   Data           1  delay.o(.data)
    MsCount                                  0x2000002a   Data           2  delay.o(.data)
    b_h0                                     0x2000002c   Data           4  button_led.o(.data)
    b_h1                                     0x20000030   Data           4  button_led.o(.data)
    b_h2                                     0x20000034   Data           4  button_led.o(.data)
    ds18b20_flag                             0x20000038   Data           1  ds18b20.o(.data)
    ADC_ConvertedValue                       0x2000003a   Data           2  tds.o(.data)
    BH1750_Buf                               0x2000003c   Data           8  bh1750.o(.data)
    BH1750_temp                              0x20000044   Data           4  bh1750.o(.data)
    dis_data                                 0x20000048   Data           4  bh1750.o(.data)
    temp                                     0x2000004c   Data           4  main.o(.data)
    water_quality                            0x20000050   Data           4  main.o(.data)
    light_led                                0x20000054   Data           1  main.o(.data)
    alarm_lamp                               0x20000055   Data           1  main.o(.data)
    temp_limit                               0x20000056   Data           1  main.o(.data)
    water_limit                              0x20000057   Data           1  main.o(.data)
    led_limit                                0x20000058   Data           1  main.o(.data)
    lcd_page                                 0x20000059   Data           1  main.o(.data)
    lcd_clean                                0x2000005a   Data           1  main.o(.data)
    hot_state                                0x2000005b   Data           1  main.o(.data)
    esp8266_cnt                              0x2000005e   Data           2  esp8266.o(.data)
    esp8266_cntPre                           0x20000060   Data           2  esp8266.o(.data)
    base64char                               0x20000064   Data           4  utils_hmac.o(.data)
    esp8266_buf                              0x20000068   Data         512  esp8266.o(.bss)
    __libspace_start                         0x20000268   Data          96  libspace.o(.bss)
    __temporary_stack_top$libspace           0x200002c8   Data           0  libspace.o(.bss)



==============================================================================

Memory Map of the image

  Image Entry point : 0x08000131

  Load Region LR_IROM1 (Base: 0x08000000, Size: 0x0000e100, Max: 0x00040000, ABSOLUTE)

    Execution Region ER_IROM1 (Base: 0x08000000, Size: 0x0000e098, Max: 0x00040000, ABSOLUTE)

    Base Addr    Size         Type   Attr      Idx    E Section Name        Object

    0x08000000   0x00000130   Data   RO          139    RESET               startup_stm32f10x_hd.o
    0x08000130   0x00000008   Code   RO          795  * !!!main             c_w.l(__main.o)
    0x08000138   0x00000034   Code   RO         1188    !!!scatter          c_w.l(__scatter.o)
    0x0800016c   0x0000001a   Code   RO         1190    !!handler_copy      c_w.l(__scatter_copy.o)
    0x08000186   0x00000002   PAD
    0x08000188   0x0000001c   Code   RO         1192    !!handler_zi        c_w.l(__scatter_zi.o)
    0x080001a4   0x00000000   Code   RO          768    .ARM.Collect$$_printf_percent$$00000000  c_w.l(_printf_percent.o)
    0x080001a4   0x00000006   Code   RO          927    .ARM.Collect$$_printf_percent$$00000001  c_w.l(_printf_n.o)
    0x080001aa   0x00000006   Code   RO          929    .ARM.Collect$$_printf_percent$$00000002  c_w.l(_printf_p.o)
    0x080001b0   0x00000006   Code   RO          767    .ARM.Collect$$_printf_percent$$00000003  c_w.l(_printf_f.o)
    0x080001b6   0x00000006   Code   RO          933    .ARM.Collect$$_printf_percent$$00000004  c_w.l(_printf_e.o)
    0x080001bc   0x00000006   Code   RO          934    .ARM.Collect$$_printf_percent$$00000005  c_w.l(_printf_g.o)
    0x080001c2   0x00000006   Code   RO          935    .ARM.Collect$$_printf_percent$$00000006  c_w.l(_printf_a.o)
    0x080001c8   0x0000000a   Code   RO          940    .ARM.Collect$$_printf_percent$$00000007  c_w.l(_printf_ll.o)
    0x080001d2   0x00000006   Code   RO          931    .ARM.Collect$$_printf_percent$$00000008  c_w.l(_printf_i.o)
    0x080001d8   0x00000006   Code   RO          766    .ARM.Collect$$_printf_percent$$00000009  c_w.l(_printf_d.o)
    0x080001de   0x00000006   Code   RO          932    .ARM.Collect$$_printf_percent$$0000000A  c_w.l(_printf_u.o)
    0x080001e4   0x00000006   Code   RO          930    .ARM.Collect$$_printf_percent$$0000000B  c_w.l(_printf_o.o)
    0x080001ea   0x00000006   Code   RO          928    .ARM.Collect$$_printf_percent$$0000000C  c_w.l(_printf_x.o)
    0x080001f0   0x00000006   Code   RO          937    .ARM.Collect$$_printf_percent$$0000000D  c_w.l(_printf_lli.o)
    0x080001f6   0x00000006   Code   RO          938    .ARM.Collect$$_printf_percent$$0000000E  c_w.l(_printf_lld.o)
    0x080001fc   0x00000006   Code   RO          939    .ARM.Collect$$_printf_percent$$0000000F  c_w.l(_printf_llu.o)
    0x08000202   0x00000006   Code   RO          944    .ARM.Collect$$_printf_percent$$00000010  c_w.l(_printf_llo.o)
    0x08000208   0x00000006   Code   RO          945    .ARM.Collect$$_printf_percent$$00000011  c_w.l(_printf_llx.o)
    0x0800020e   0x0000000a   Code   RO          941    .ARM.Collect$$_printf_percent$$00000012  c_w.l(_printf_l.o)
    0x08000218   0x00000006   Code   RO          926    .ARM.Collect$$_printf_percent$$00000013  c_w.l(_printf_c.o)
    0x0800021e   0x00000006   Code   RO          765    .ARM.Collect$$_printf_percent$$00000014  c_w.l(_printf_s.o)
    0x08000224   0x00000006   Code   RO          942    .ARM.Collect$$_printf_percent$$00000015  c_w.l(_printf_lc.o)
    0x0800022a   0x00000006   Code   RO          943    .ARM.Collect$$_printf_percent$$00000016  c_w.l(_printf_ls.o)
    0x08000230   0x00000004   Code   RO          936    .ARM.Collect$$_printf_percent$$00000017  c_w.l(_printf_percent_end.o)
    0x08000234   0x00000002   Code   RO         1127    .ARM.Collect$$libinit$$00000000  c_w.l(libinit.o)
    0x08000236   0x00000000   Code   RO          951    .ARM.Collect$$libinit$$00000002  c_w.l(libinit2.o)
    0x08000236   0x00000000   Code   RO          953    .ARM.Collect$$libinit$$00000004  c_w.l(libinit2.o)
    0x08000236   0x00000008   Code   RO          954    .ARM.Collect$$libinit$$00000005  c_w.l(libinit2.o)
    0x0800023e   0x00000000   Code   RO          956    .ARM.Collect$$libinit$$0000000A  c_w.l(libinit2.o)
    0x0800023e   0x00000000   Code   RO          958    .ARM.Collect$$libinit$$0000000C  c_w.l(libinit2.o)
    0x0800023e   0x00000000   Code   RO          960    .ARM.Collect$$libinit$$0000000E  c_w.l(libinit2.o)
    0x0800023e   0x00000006   Code   RO          961    .ARM.Collect$$libinit$$0000000F  c_w.l(libinit2.o)
    0x08000244   0x00000000   Code   RO          963    .ARM.Collect$$libinit$$00000011  c_w.l(libinit2.o)
    0x08000244   0x0000000c   Code   RO          964    .ARM.Collect$$libinit$$00000012  c_w.l(libinit2.o)
    0x08000250   0x00000000   Code   RO          965    .ARM.Collect$$libinit$$00000013  c_w.l(libinit2.o)
    0x08000250   0x00000000   Code   RO          967    .ARM.Collect$$libinit$$00000015  c_w.l(libinit2.o)
    0x08000250   0x0000000a   Code   RO          968    .ARM.Collect$$libinit$$00000016  c_w.l(libinit2.o)
    0x0800025a   0x00000000   Code   RO          969    .ARM.Collect$$libinit$$00000017  c_w.l(libinit2.o)
    0x0800025a   0x00000000   Code   RO          971    .ARM.Collect$$libinit$$00000019  c_w.l(libinit2.o)
    0x0800025a   0x00000000   Code   RO          973    .ARM.Collect$$libinit$$0000001B  c_w.l(libinit2.o)
    0x0800025a   0x00000000   Code   RO          975    .ARM.Collect$$libinit$$0000001D  c_w.l(libinit2.o)
    0x0800025a   0x00000000   Code   RO          977    .ARM.Collect$$libinit$$0000001F  c_w.l(libinit2.o)
    0x0800025a   0x00000000   Code   RO          979    .ARM.Collect$$libinit$$00000021  c_w.l(libinit2.o)
    0x0800025a   0x00000000   Code   RO          981    .ARM.Collect$$libinit$$00000023  c_w.l(libinit2.o)
    0x0800025a   0x00000000   Code   RO          983    .ARM.Collect$$libinit$$00000025  c_w.l(libinit2.o)
    0x0800025a   0x00000000   Code   RO          987    .ARM.Collect$$libinit$$0000002C  c_w.l(libinit2.o)
    0x0800025a   0x00000000   Code   RO          989    .ARM.Collect$$libinit$$0000002E  c_w.l(libinit2.o)
    0x0800025a   0x00000000   Code   RO          991    .ARM.Collect$$libinit$$00000030  c_w.l(libinit2.o)
    0x0800025a   0x00000000   Code   RO          993    .ARM.Collect$$libinit$$00000032  c_w.l(libinit2.o)
    0x0800025a   0x00000002   Code   RO          994    .ARM.Collect$$libinit$$00000033  c_w.l(libinit2.o)
    0x0800025c   0x00000002   Code   RO         1185    .ARM.Collect$$libshutdown$$00000000  c_w.l(libshutdown.o)
    0x0800025e   0x00000000   Code   RO         1141    .ARM.Collect$$libshutdown$$00000002  c_w.l(libshutdown2.o)
    0x0800025e   0x00000000   Code   RO         1143    .ARM.Collect$$libshutdown$$00000004  c_w.l(libshutdown2.o)
    0x0800025e   0x00000000   Code   RO         1146    .ARM.Collect$$libshutdown$$00000007  c_w.l(libshutdown2.o)
    0x0800025e   0x00000000   Code   RO         1149    .ARM.Collect$$libshutdown$$0000000A  c_w.l(libshutdown2.o)
    0x0800025e   0x00000000   Code   RO         1151    .ARM.Collect$$libshutdown$$0000000C  c_w.l(libshutdown2.o)
    0x0800025e   0x00000000   Code   RO         1154    .ARM.Collect$$libshutdown$$0000000F  c_w.l(libshutdown2.o)
    0x0800025e   0x00000002   Code   RO         1155    .ARM.Collect$$libshutdown$$00000010  c_w.l(libshutdown2.o)
    0x08000260   0x00000000   Code   RO          845    .ARM.Collect$$rtentry$$00000000  c_w.l(__rtentry.o)
    0x08000260   0x00000000   Code   RO         1012    .ARM.Collect$$rtentry$$00000002  c_w.l(__rtentry2.o)
    0x08000260   0x00000006   Code   RO         1024    .ARM.Collect$$rtentry$$00000004  c_w.l(__rtentry4.o)
    0x08000266   0x00000000   Code   RO         1014    .ARM.Collect$$rtentry$$00000009  c_w.l(__rtentry2.o)
    0x08000266   0x00000004   Code   RO         1015    .ARM.Collect$$rtentry$$0000000A  c_w.l(__rtentry2.o)
    0x0800026a   0x00000000   Code   RO         1017    .ARM.Collect$$rtentry$$0000000C  c_w.l(__rtentry2.o)
    0x0800026a   0x00000008   Code   RO         1018    .ARM.Collect$$rtentry$$0000000D  c_w.l(__rtentry2.o)
    0x08000272   0x00000002   Code   RO         1130    .ARM.Collect$$rtexit$$00000000  c_w.l(rtexit.o)
    0x08000274   0x00000000   Code   RO         1159    .ARM.Collect$$rtexit$$00000002  c_w.l(rtexit2.o)
    0x08000274   0x00000004   Code   RO         1160    .ARM.Collect$$rtexit$$00000003  c_w.l(rtexit2.o)
    0x08000278   0x00000006   Code   RO         1161    .ARM.Collect$$rtexit$$00000004  c_w.l(rtexit2.o)
    0x0800027e   0x00000002   PAD
    0x08000280   0x00000000   Code   RO         1035    .emb_text           c_w.l(maybetermalloc1.o)
    0x08000280   0x00000134   Code   RO           17    .text               stm32f10x_it.o
    0x080003b4   0x000001e0   Code   RO          119    .text               system_stm32f10x.o
    0x08000594   0x00000040   Code   RO          140    .text               startup_stm32f10x_hd.o
    0x080005d4   0x000000dc   Code   RO          144    .text               misc.o
    0x080006b0   0x0000035c   Code   RO          182    .text               stm32f10x_gpio.o
    0x08000a0c   0x000003a4   Code   RO          194    .text               stm32f10x_rcc.o
    0x08000db0   0x00000408   Code   RO          208    .text               stm32f10x_usart.o
    0x080011b8   0x0000011c   Code   RO          220    .text               stm32f10x_exti.o
    0x080012d4   0x0000044e   Code   RO          232    .text               stm32f10x_adc.o
    0x08001722   0x00000002   PAD
    0x08001724   0x00000254   Code   RO          244    .text               stm32f10x_dma.o
    0x08001978   0x00000e1a   Code   RO          256    .text               stm32f10x_tim.o
    0x08002792   0x00000002   PAD
    0x08002794   0x000000f4   Code   RO          268    .text               delay.o
    0x08002888   0x000001e8   Code   RO          286    .text               usart.o
    0x08002a70   0x00000064   Code   RO          308    .text               led.o
    0x08002ad4   0x00000118   Code   RO          326    .text               button_led.o
    0x08002bec   0x00000204   Code   RO          344    .text               ds18b20.o
    0x08002df0   0x00000870   Code   RO          362    .text               lcd.o
    0x08003660   0x00000308   Code   RO          386    .text               lcd_init.o
    0x08003968   0x00000044   Code   RO          398    .text               relay.o
    0x080039ac   0x00000258   Code   RO          413    .text               tds.o
    0x08003c04   0x000000c8   Code   RO          431    .text               bh1750.o
    0x08003ccc   0x00000268   Code   RO          452    .text               bh1750_iic.o
    0x08003f34   0x000000ac   Code   RO          464    .text               pwm.o
    0x08003fe0   0x00000a50   Code   RO          479    .text               main.o
    0x08004a30   0x00000a20   Code   RO          522    .text               onenet.o
    0x08005450   0x00000e08   Code   RO          561    .text               mqttkit.o
    0x08006258   0x00000290   Code   RO          589    .text               esp8266.o
    0x080064e8   0x000002dc   Code   RO          605    .text               utils_hmac.o
    0x080067c4   0x00000b14   Code   RO          637    .text               utils_md5.o
    0x080072d8   0x00001b2c   Code   RO          651    .text               utils_sha1.o
    0x08008e04   0x0000005e   Code   RO          671    .text               c_w.l(h1_alloc.o)
    0x08008e62   0x0000004e   Code   RO          673    .text               c_w.l(h1_free.o)
    0x08008eb0   0x00000034   Code   RO          729    .text               c_w.l(c89vsnprintf.o)
    0x08008ee4   0x0000002c   Code   RO          731    .text               c_w.l(__2sprintf.o)
    0x08008f10   0x00000038   Code   RO          733    .text               c_w.l(__2snprintf.o)
    0x08008f48   0x00000052   Code   RO          741    .text               c_w.l(_printf_str.o)
    0x08008f9a   0x00000002   PAD
    0x08008f9c   0x00000078   Code   RO          743    .text               c_w.l(_printf_dec.o)
    0x08009014   0x00000188   Code   RO          762    .text               c_w.l(__printf_flags_ss_wp.o)
    0x0800919c   0x0000001a   Code   RO          769    .text               c_w.l(atoi.o)
    0x080091b6   0x00000014   Code   RO          771    .text               c_w.l(strchr.o)
    0x080091ca   0x00000024   Code   RO          773    .text               c_w.l(strncat.o)
    0x080091ee   0x00000024   Code   RO          775    .text               c_w.l(strstr.o)
    0x08009212   0x00000048   Code   RO          777    .text               c_w.l(strcpy.o)
    0x0800925a   0x0000003e   Code   RO          779    .text               c_w.l(strlen.o)
    0x08009298   0x00000018   Code   RO          781    .text               c_w.l(strcat.o)
    0x080092b0   0x0000008a   Code   RO          783    .text               c_w.l(rt_memcpy_v6.o)
    0x0800933a   0x00000064   Code   RO          785    .text               c_w.l(rt_memcpy_w.o)
    0x0800939e   0x00000010   Code   RO          787    .text               c_w.l(aeabi_memset.o)
    0x080093ae   0x00000044   Code   RO          789    .text               c_w.l(rt_memclr.o)
    0x080093f2   0x0000004e   Code   RO          791    .text               c_w.l(rt_memclr_w.o)
    0x08009440   0x00000006   Code   RO          793    .text               c_w.l(heapauxi.o)
    0x08009446   0x00000002   PAD
    0x08009448   0x00000008   Code   RO          849    .text               c_w.l(rt_heap_descriptor_intlibspace.o)
    0x08009450   0x00000008   Code   RO          854    .text               c_w.l(rt_errno_addr_intlibspace.o)
    0x08009458   0x00000004   Code   RO          856    .text               c_w.l(hguard.o)
    0x0800945c   0x0000008a   Code   RO          858    .text               c_w.l(init_alloc.o)
    0x080094e6   0x0000000e   Code   RO          862    .text               c_w.l(h1_init.o)
    0x080094f4   0x0000004e   Code   RO          876    .text               c_w.l(_printf_pad.o)
    0x08009542   0x00000024   Code   RO          878    .text               c_w.l(_printf_truncate.o)
    0x08009566   0x000000b2   Code   RO          880    .text               c_w.l(_printf_intcommon.o)
    0x08009618   0x00000028   Code   RO          882    .text               c_w.l(_printf_charcount.o)
    0x08009640   0x0000041a   Code   RO          884    .text               c_w.l(_printf_fp_dec.o)
    0x08009a5a   0x00000002   PAD
    0x08009a5c   0x00000030   Code   RO          886    .text               c_w.l(_printf_char_common.o)
    0x08009a8c   0x0000000a   Code   RO          888    .text               c_w.l(_sputc.o)
    0x08009a96   0x00000010   Code   RO          890    .text               c_w.l(_snputc.o)
    0x08009aa6   0x0000002c   Code   RO          892    .text               c_w.l(_printf_char.o)
    0x08009ad2   0x00000002   PAD
    0x08009ad4   0x000000bc   Code   RO          894    .text               c_w.l(_printf_wctomb.o)
    0x08009b90   0x0000007c   Code   RO          897    .text               c_w.l(_printf_longlong_dec.o)
    0x08009c0c   0x00000070   Code   RO          903    .text               c_w.l(_printf_oct_int_ll.o)
    0x08009c7c   0x00000094   Code   RO          923    .text               c_w.l(_printf_hex_int_ll_ptr.o)
    0x08009d10   0x00000070   Code   RO          946    .text               c_w.l(strtol.o)
    0x08009d80   0x00000008   Code   RO         1008    .text               c_w.l(libspace.o)
    0x08009d88   0x00000010   Code   RO         1026    .text               c_w.l(rt_ctype_table.o)
    0x08009d98   0x00000008   Code   RO         1031    .text               c_w.l(rt_locale_intlibspace.o)
    0x08009da0   0x00000034   Code   RO         1037    .text               c_w.l(h1_extend.o)
    0x08009dd4   0x0000008a   Code   RO         1041    .text               c_w.l(lludiv10.o)
    0x08009e5e   0x00000002   PAD
    0x08009e60   0x00000080   Code   RO         1043    .text               c_w.l(_printf_fp_infnan.o)
    0x08009ee0   0x0000002c   Code   RO         1047    .text               c_w.l(_printf_wchar.o)
    0x08009f0c   0x0000009e   Code   RO         1049    .text               c_w.l(_strtoul.o)
    0x08009faa   0x00000002   PAD
    0x08009fac   0x000000dc   Code   RO         1051    .text               c_w.l(bigflt0.o)
    0x0800a088   0x00000040   Code   RO         1076    .text               c_w.l(_wcrtomb.o)
    0x0800a0c8   0x0000000e   Code   RO         1081    .text               c_w.l(defsig_rtmem_outer.o)
    0x0800a0d6   0x00000002   Code   RO         1096    .text               c_w.l(use_no_semi.o)
    0x0800a0d8   0x00000000   Code   RO         1098    .text               c_w.l(indicate_semi.o)
    0x0800a0d8   0x0000004a   Code   RO         1099    .text               c_w.l(sys_stackheap_outer.o)
    0x0800a122   0x0000001c   Code   RO         1105    .text               c_w.l(_chval.o)
    0x0800a13e   0x00000012   Code   RO         1110    .text               c_w.l(exit.o)
    0x0800a150   0x0000000a   Code   RO         1112    .text               c_w.l(defsig_exit.o)
    0x0800a15a   0x00000002   PAD
    0x0800a15c   0x00000050   Code   RO         1114    .text               c_w.l(defsig_rtmem_inner.o)
    0x0800a1ac   0x00000080   Code   RO         1116    .text               c_w.l(strcmpv7m.o)
    0x0800a22c   0x0000000c   Code   RO         1128    .text               c_w.l(sys_exit.o)
    0x0800a238   0x00000032   Code   RO         1138    .text               c_w.l(defsig_general.o)
    0x0800a26a   0x0000000e   Code   RO         1156    .text               c_w.l(sys_wrch.o)
    0x0800a278   0x0000003e   Code   RO         1054    CL$$btod_d2e        c_w.l(btod.o)
    0x0800a2b6   0x00000046   Code   RO         1056    CL$$btod_d2e_denorm_low  c_w.l(btod.o)
    0x0800a2fc   0x00000060   Code   RO         1055    CL$$btod_d2e_norm_op1  c_w.l(btod.o)
    0x0800a35c   0x00000338   Code   RO         1064    CL$$btod_div_common  c_w.l(btod.o)
    0x0800a694   0x000000c6   Code   RO         1061    CL$$btod_e2e        c_w.l(btod.o)
    0x0800a75a   0x00000028   Code   RO         1058    CL$$btod_ediv       c_w.l(btod.o)
    0x0800a782   0x00000028   Code   RO         1057    CL$$btod_emul       c_w.l(btod.o)
    0x0800a7aa   0x00000244   Code   RO         1063    CL$$btod_mult_common  c_w.l(btod.o)
    0x0800a9ee   0x00000028   Code   RO         1094    i.__ARM_fpclassify  m_ws.l(fpclassify.o)
    0x0800aa16   0x0000000e   Code   RO          755    i._is_digit         c_w.l(__printf_wp.o)
    0x0800aa24   0x0000002c   Code   RO         1079    locale$$code        c_w.l(lc_numeric_c.o)
    0x0800aa50   0x0000002c   Code   RO         1108    locale$$code        c_w.l(lc_ctype_c.o)
    0x0800aa7c   0x00000062   Code   RO          797    x$fpl$d2f           fz_ws.l(d2f.o)
    0x0800aade   0x00000002   PAD
    0x0800aae0   0x00000150   Code   RO          799    x$fpl$dadd          fz_ws.l(daddsub_clz.o)
    0x0800ac30   0x000002b0   Code   RO          806    x$fpl$ddiv          fz_ws.l(ddiv.o)
    0x0800aee0   0x0000005a   Code   RO          809    x$fpl$dfixu         fz_ws.l(dfixu.o)
    0x0800af3a   0x00000002   PAD
    0x0800af3c   0x00000154   Code   RO          813    x$fpl$dmul          fz_ws.l(dmul.o)
    0x0800b090   0x0000009c   Code   RO          995    x$fpl$dnaninf       fz_ws.l(dnaninf.o)
    0x0800b12c   0x0000000c   Code   RO          997    x$fpl$dretinf       fz_ws.l(dretinf.o)
    0x0800b138   0x00000016   Code   RO          800    x$fpl$drsb          fz_ws.l(daddsub_clz.o)
    0x0800b14e   0x00000002   PAD
    0x0800b150   0x000001d4   Code   RO          801    x$fpl$dsub          fz_ws.l(daddsub_clz.o)
    0x0800b324   0x00000056   Code   RO          815    x$fpl$f2d           fz_ws.l(f2d.o)
    0x0800b37a   0x00000018   Code   RO          999    x$fpl$fcmpinf       fz_ws.l(fcmpi.o)
    0x0800b392   0x00000002   PAD
    0x0800b394   0x00000184   Code   RO          818    x$fpl$fdiv          fz_ws.l(fdiv.o)
    0x0800b518   0x00000036   Code   RO          821    x$fpl$ffix          fz_ws.l(ffix.o)
    0x0800b54e   0x00000002   PAD
    0x0800b550   0x0000003e   Code   RO          825    x$fpl$ffixu         fz_ws.l(ffixu.o)
    0x0800b58e   0x00000002   PAD
    0x0800b590   0x00000030   Code   RO          830    x$fpl$fflt          fz_ws.l(fflt_clz.o)
    0x0800b5c0   0x00000026   Code   RO          829    x$fpl$ffltu         fz_ws.l(fflt_clz.o)
    0x0800b5e6   0x00000002   PAD
    0x0800b5e8   0x00000068   Code   RO          835    x$fpl$fleqf         fz_ws.l(fleqf.o)
    0x0800b650   0x00000102   Code   RO          837    x$fpl$fmul          fz_ws.l(fmul.o)
    0x0800b752   0x0000008c   Code   RO         1001    x$fpl$fnaninf       fz_ws.l(fnaninf.o)
    0x0800b7de   0x0000000a   Code   RO         1003    x$fpl$fretinf       fz_ws.l(fretinf.o)
    0x0800b7e8   0x00000062   Code   RO          839    x$fpl$frleqf        fz_ws.l(frleqf.o)
    0x0800b84a   0x00000004   Code   RO          841    x$fpl$printf1       fz_ws.l(printf1.o)
    0x0800b84e   0x00000000   Code   RO         1005    x$fpl$usenofp       fz_ws.l(usenofp.o)
    0x0800b84e   0x00002520   Data   RO          363    .constdata          lcd.o
    0x0800dd6e   0x00000040   Data   RO          638    .constdata          utils_md5.o
    0x0800ddae   0x00000040   Data   RO          652    .constdata          utils_sha1.o
    0x0800ddee   0x00000011   Data   RO          763    .constdata          c_w.l(__printf_flags_ss_wp.o)
    0x0800ddff   0x00000001   PAD
    0x0800de00   0x00000008   Data   RO          895    .constdata          c_w.l(_printf_wctomb.o)
    0x0800de08   0x00000028   Data   RO          924    .constdata          c_w.l(_printf_hex_int_ll_ptr.o)
    0x0800de30   0x00000094   Data   RO         1052    .constdata          c_w.l(bigflt0.o)
    0x0800dec4   0x00000042   Data   RO          480    .conststring        main.o
    0x0800df06   0x00000002   PAD
    0x0800df08   0x00000041   Data   RO          606    .conststring        utils_hmac.o
    0x0800df49   0x00000003   PAD
    0x0800df4c   0x00000020   Data   RO         1186    Region$$Table       anon$$obj.o
    0x0800df6c   0x0000001c   Data   RO         1078    locale$$data        c_w.l(lc_numeric_c.o)
    0x0800df88   0x00000110   Data   RO         1107    locale$$data        c_w.l(lc_ctype_c.o)


    Execution Region RW_IRAM1 (Base: 0x20000000, Size: 0x00001ac8, Max: 0x0000c000, ABSOLUTE)

    Base Addr    Size         Type   Attr      Idx    E Section Name        Object

    0x20000000   0x00000014   Data   RW          120    .data               system_stm32f10x.o
    0x20000014   0x00000014   Data   RW          195    .data               stm32f10x_rcc.o
    0x20000028   0x00000004   Data   RW          269    .data               delay.o
    0x2000002c   0x0000000c   Data   RW          327    .data               button_led.o
    0x20000038   0x00000001   Data   RW          345    .data               ds18b20.o
    0x20000039   0x00000001   PAD
    0x2000003a   0x00000002   Data   RW          414    .data               tds.o
    0x2000003c   0x00000010   Data   RW          432    .data               bh1750.o
    0x2000004c   0x00000010   Data   RW          481    .data               main.o
    0x2000005c   0x00000002   Data   RW          524    .data               onenet.o
    0x2000005e   0x00000004   Data   RW          591    .data               esp8266.o
    0x20000062   0x00000002   PAD
    0x20000064   0x00000004   Data   RW          607    .data               utils_hmac.o
    0x20000068   0x00000200   Zero   RW          590    .bss                esp8266.o
    0x20000268   0x00000060   Zero   RW         1009    .bss                c_w.l(libspace.o)
    0x200002c8   0x00000c00   Zero   RW          138    HEAP                startup_stm32f10x_hd.o
    0x20000ec8   0x00000c00   Zero   RW          137    STACK               startup_stm32f10x_hd.o


==============================================================================

Image component sizes


      Code (inc. data)   RO Data    RW Data    ZI Data      Debug   Object Name

       200         18          0         16          0       1750   bh1750.o
       616          6          0          0          0       2472   bh1750_iic.o
       280         22          0         12          0       1842   button_led.o
         0          0          0          0          0       4548   core_cm3.o
       244         10          0          4          0       1540   delay.o
       516         14          0          1          0       2109   ds18b20.o
       656        204          0          4        512       3055   esp8266.o
      2160         24       9504          0          0       9470   lcd.o
       776         10          0          0          0       2062   lcd_init.o
       100         18          0          0          0        738   led.o
      2640        420         66         16          0       2874   main.o
       220         22          0          0          0     217881   misc.o
      3592         78          0          0          0      15411   mqttkit.o
      2592       1120          0          2          0       5034   onenet.o
       172         10          0          0          0        851   pwm.o
        68          8          0          0          0        744   relay.o
        64         26        304          0       6144        840   startup_stm32f10x_hd.o
      1102         26          0          0          0      11049   stm32f10x_adc.o
       596          8          0          0          0       4378   stm32f10x_dma.o
       284         10          0          0          0       2267   stm32f10x_exti.o
       860         38          0          0          0       5745   stm32f10x_gpio.o
       308        250          0          0          0      54746   stm32f10x_it.o
       932         36          0         20          0       8948   stm32f10x_rcc.o
      3610         88          0          0          0      22852   stm32f10x_tim.o
      1032         22          0          0          0       8472   stm32f10x_usart.o
       480         38          0         20          0       1875   system_stm32f10x.o
       600         56          0          2          0       1358   tds.o
       488         14          0          0          0       3001   usart.o
       732          6         65          4          0       4808   utils_hmac.o
      2836        266         64          0          0       5080   utils_md5.o
      6956         42         64          0          0       5479   utils_sha1.o

    ----------------------------------------------------------------------
     35716       2910      10104        104       6656     413279   Object Totals
         0          0         32          0          0          0   (incl. Generated)
         4          0          5          3          0          0   (incl. Padding)

    ----------------------------------------------------------------------

      Code (inc. data)   RO Data    RW Data    ZI Data      Debug   Library Member Name

        56          6          0          0          0         88   __2snprintf.o
        44          6          0          0          0         84   __2sprintf.o
         8          0          0          0          0         68   __main.o
       392          4         17          0          0         92   __printf_flags_ss_wp.o
        14          0          0          0          0         68   __printf_wp.o
         0          0          0          0          0          0   __rtentry.o
        12          0          0          0          0          0   __rtentry2.o
         6          0          0          0          0          0   __rtentry4.o
        52          8          0          0          0          0   __scatter.o
        26          0          0          0          0          0   __scatter_copy.o
        28          0          0          0          0          0   __scatter_zi.o
        28          0          0          0          0         68   _chval.o
         6          0          0          0          0          0   _printf_a.o
         6          0          0          0          0          0   _printf_c.o
        44          0          0          0          0        108   _printf_char.o
        48          6          0          0          0         96   _printf_char_common.o
        40          0          0          0          0         68   _printf_charcount.o
         6          0          0          0          0          0   _printf_d.o
       120         16          0          0          0         92   _printf_dec.o
         6          0          0          0          0          0   _printf_e.o
         6          0          0          0          0          0   _printf_f.o
      1050          0          0          0          0        216   _printf_fp_dec.o
       128         16          0          0          0         84   _printf_fp_infnan.o
         6          0          0          0          0          0   _printf_g.o
       148          4         40          0          0        160   _printf_hex_int_ll_ptr.o
         6          0          0          0          0          0   _printf_i.o
       178          0          0          0          0         88   _printf_intcommon.o
        10          0          0          0          0          0   _printf_l.o
         6          0          0          0          0          0   _printf_lc.o
        10          0          0          0          0          0   _printf_ll.o
         6          0          0          0          0          0   _printf_lld.o
         6          0          0          0          0          0   _printf_lli.o
         6          0          0          0          0          0   _printf_llo.o
         6          0          0          0          0          0   _printf_llu.o
         6          0          0          0          0          0   _printf_llx.o
       124         16          0          0          0         92   _printf_longlong_dec.o
         6          0          0          0          0          0   _printf_ls.o
         6          0          0          0          0          0   _printf_n.o
         6          0          0          0          0          0   _printf_o.o
       112          8          0          0          0        124   _printf_oct_int_ll.o
         6          0          0          0          0          0   _printf_p.o
        78          0          0          0          0        108   _printf_pad.o
         0          0          0          0          0          0   _printf_percent.o
         4          0          0          0          0          0   _printf_percent_end.o
         6          0          0          0          0          0   _printf_s.o
        82          0          0          0          0         80   _printf_str.o
        36          0          0          0          0         84   _printf_truncate.o
         6          0          0          0          0          0   _printf_u.o
        44          0          0          0          0        108   _printf_wchar.o
       188          6          8          0          0         92   _printf_wctomb.o
         6          0          0          0          0          0   _printf_x.o
        16          0          0          0          0         68   _snputc.o
        10          0          0          0          0         68   _sputc.o
       158          0          0          0          0         92   _strtoul.o
        64          0          0          0          0         92   _wcrtomb.o
        16          0          0          0          0         68   aeabi_memset.o
        26          0          0          0          0         80   atoi.o
       220          4        148          0          0         96   bigflt0.o
      1910        128          0          0          0        672   btod.o
        52          4          0          0          0         80   c89vsnprintf.o
        10          0          0          0          0         68   defsig_exit.o
        50          0          0          0          0         88   defsig_general.o
        80         58          0          0          0         76   defsig_rtmem_inner.o
        14          0          0          0          0         80   defsig_rtmem_outer.o
        18          0          0          0          0         80   exit.o
        94          0          0          0          0         80   h1_alloc.o
        52          0          0          0          0         68   h1_extend.o
        78          0          0          0          0         80   h1_free.o
        14          0          0          0          0         84   h1_init.o
         6          0          0          0          0        152   heapauxi.o
         4          0          0          0          0        136   hguard.o
         0          0          0          0          0          0   indicate_semi.o
       138          0          0          0          0        168   init_alloc.o
        44         10        272          0          0         76   lc_ctype_c.o
        44         10         28          0          0         76   lc_numeric_c.o
         2          0          0          0          0          0   libinit.o
        38          0          0          0          0          0   libinit2.o
         2          0          0          0          0          0   libshutdown.o
         2          0          0          0          0          0   libshutdown2.o
         8          4          0          0         96         68   libspace.o
       138          0          0          0          0         80   lludiv10.o
         0          0          0          0          0          0   maybetermalloc1.o
        16          4          0          0          0         76   rt_ctype_table.o
         8          4          0          0          0         68   rt_errno_addr_intlibspace.o
         8          4          0          0          0         68   rt_heap_descriptor_intlibspace.o
         8          4          0          0          0         68   rt_locale_intlibspace.o
        68          0          0          0          0         68   rt_memclr.o
        78          0          0          0          0         80   rt_memclr_w.o
       138          0          0          0          0         68   rt_memcpy_v6.o
       100          0          0          0          0         80   rt_memcpy_w.o
         2          0          0          0          0          0   rtexit.o
        10          0          0          0          0          0   rtexit2.o
        24          0          0          0          0         68   strcat.o
        20          0          0          0          0         68   strchr.o
       128          0          0          0          0         68   strcmpv7m.o
        72          0          0          0          0         80   strcpy.o
        62          0          0          0          0         76   strlen.o
        36          0          0          0          0         76   strncat.o
        36          0          0          0          0         80   strstr.o
       112          0          0          0          0         88   strtol.o
        12          4          0          0          0         68   sys_exit.o
        74          0          0          0          0         80   sys_stackheap_outer.o
        14          0          0          0          0         76   sys_wrch.o
         2          0          0          0          0         68   use_no_semi.o
        98          4          0          0          0         92   d2f.o
       826         16          0          0          0        348   daddsub_clz.o
       688        140          0          0          0        208   ddiv.o
        90          4          0          0          0         92   dfixu.o
       340         12          0          0          0        104   dmul.o
       156          4          0          0          0         92   dnaninf.o
        12          0          0          0          0         68   dretinf.o
        86          4          0          0          0         84   f2d.o
        24          0          0          0          0         68   fcmpi.o
       388         76          0          0          0         96   fdiv.o
        54          4          0          0          0         84   ffix.o
        62          4          0          0          0         84   ffixu.o
        86          0          0          0          0        136   fflt_clz.o
       104          4          0          0          0         84   fleqf.o
       258          4          0          0          0         84   fmul.o
       140          4          0          0          0         84   fnaninf.o
        10          0          0          0          0         68   fretinf.o
        98          0          0          0          0         68   frleqf.o
         4          0          0          0          0         68   printf1.o
         0          0          0          0          0          0   usenofp.o
        40          0          0          0          0         68   fpclassify.o

    ----------------------------------------------------------------------
     11162        614        514          0         96       8396   Library Totals
        32          0          1          0          0          0   (incl. Padding)

    ----------------------------------------------------------------------

      Code (inc. data)   RO Data    RW Data    ZI Data      Debug   Library Name

      7566        334        513          0         96       6316   c_w.l
      3524        280          0          0          0       2012   fz_ws.l
        40          0          0          0          0         68   m_ws.l

    ----------------------------------------------------------------------
     11162        614        514          0         96       8396   Library Totals

    ----------------------------------------------------------------------

==============================================================================


      Code (inc. data)   RO Data    RW Data    ZI Data      Debug   

     46878       3524      10618        104       6752     414131   Grand Totals
     46878       3524      10618        104       6752     414131   ELF Image Totals
     46878       3524      10618        104          0          0   ROM Totals

==============================================================================

    Total RO  Size (Code + RO Data)                57496 (  56.15kB)
    Total RW  Size (RW Data + ZI Data)              6856 (   6.70kB)
    Total ROM Size (Code + RO Data + RW Data)      57600 (  56.25kB)

==============================================================================

