Component: ARM Compiler 5.06 update 5 (build 528) Tool: armlink [4d35e2]

==============================================================================

Section Cross References

    startup_stm32f103xb.o(RESET) refers to startup_stm32f103xb.o(STACK) for __initial_sp
    startup_stm32f103xb.o(RESET) refers to startup_stm32f103xb.o(.text) for Reset_Handler
    startup_stm32f103xb.o(RESET) refers to stm32f1xx_it.o(i.NMI_Handler) for NMI_Handler
    startup_stm32f103xb.o(RESET) refers to stm32f1xx_it.o(i.HardFault_Handler) for HardFault_Handler
    startup_stm32f103xb.o(RESET) refers to stm32f1xx_it.o(i.MemManage_Handler) for MemManage_Handler
    startup_stm32f103xb.o(RESET) refers to stm32f1xx_it.o(i.BusFault_Handler) for BusFault_Handler
    startup_stm32f103xb.o(RESET) refers to stm32f1xx_it.o(i.UsageFault_Handler) for UsageFault_Handler
    startup_stm32f103xb.o(RESET) refers to stm32f1xx_it.o(i.SVC_Handler) for SVC_Handler
    startup_stm32f103xb.o(RESET) refers to stm32f1xx_it.o(i.DebugMon_Handler) for DebugMon_Handler
    startup_stm32f103xb.o(RESET) refers to stm32f1xx_it.o(i.PendSV_Handler) for PendSV_Handler
    startup_stm32f103xb.o(RESET) refers to stm32f1xx_it.o(i.SysTick_Handler) for SysTick_Handler
    startup_stm32f103xb.o(RESET) refers to stm32f1xx_it.o(i.DMA1_Channel4_IRQHandler) for DMA1_Channel4_IRQHandler
    startup_stm32f103xb.o(RESET) refers to stm32f1xx_it.o(i.DMA1_Channel5_IRQHandler) for DMA1_Channel5_IRQHandler
    startup_stm32f103xb.o(RESET) refers to stm32f1xx_it.o(i.USART1_IRQHandler) for USART1_IRQHandler
    startup_stm32f103xb.o(.text) refers to system_stm32f1xx.o(i.SystemInit) for SystemInit
    startup_stm32f103xb.o(.text) refers to entry.o(.ARM.Collect$$$$00000000) for __main
    main.o(i.SystemClock_Config) refers to memseta.o(.text) for __aeabi_memclr4
    main.o(i.SystemClock_Config) refers to stm32f1xx_hal_rcc.o(i.HAL_RCC_OscConfig) for HAL_RCC_OscConfig
    main.o(i.SystemClock_Config) refers to main.o(i.Error_Handler) for Error_Handler
    main.o(i.SystemClock_Config) refers to stm32f1xx_hal_rcc.o(i.HAL_RCC_ClockConfig) for HAL_RCC_ClockConfig
    main.o(i.main) refers to stm32f1xx_hal.o(i.HAL_Init) for HAL_Init
    main.o(i.main) refers to pid.o(i.PID_Init) for PID_Init
    main.o(i.main) refers to main.o(i.SystemClock_Config) for SystemClock_Config
    main.o(i.main) refers to gpio.o(i.MX_GPIO_Init) for MX_GPIO_Init
    main.o(i.main) refers to tim.o(i.MX_TIM2_Init) for MX_TIM2_Init
    main.o(i.main) refers to usart.o(i.MX_USART1_UART_Init) for MX_USART1_UART_Init
    main.o(i.main) refers to dma.o(i.MX_DMA_Init) for MX_DMA_Init
    main.o(i.main) refers to i2c.o(i.MX_I2C1_Init) for MX_I2C1_Init
    main.o(i.main) refers to tim.o(i.MX_TIM3_Init) for MX_TIM3_Init
    main.o(i.main) refers to stm32f1xx_hal_uart.o(i.HAL_UART_Receive_DMA) for HAL_UART_Receive_DMA
    main.o(i.main) refers to stm32f1xx_hal_tim.o(i.HAL_TIM_PWM_Start) for HAL_TIM_PWM_Start
    main.o(i.main) refers to oled.o(i.oled_init) for oled_init
    main.o(i.main) refers to delay.o(i.HAL_Delay) for HAL_Delay
    main.o(i.main) refers to user.o(i.user_Init) for user_Init
    main.o(i.main) refers to printfa.o(i.__0printf) for __2printf
    main.o(i.main) refers to ds18b20.o(i.DS18B20_Init) for DS18B20_Init
    main.o(i.main) refers to ds18b20.o(i.DS18B20_Get_Temperature) for DS18B20_Get_Temperature
    main.o(i.main) refers to pid.o(i.calculate_tempture) for calculate_tempture
    main.o(i.main) refers to ds18b20.o(i.delay_ms_tim) for delay_ms_tim
    main.o(i.main) refers to user.o(i.user_show) for user_show
    main.o(i.main) refers to usart.o(.bss) for huart1
    main.o(i.main) refers to tim.o(.bss) for htim3
    main.o(i.main) refers to main.o(.data) for target
    gpio.o(i.MX_GPIO_Init) refers to stm32f1xx_hal_gpio.o(i.HAL_GPIO_WritePin) for HAL_GPIO_WritePin
    gpio.o(i.MX_GPIO_Init) refers to stm32f1xx_hal_gpio.o(i.HAL_GPIO_Init) for HAL_GPIO_Init
    dma.o(i.MX_DMA_Init) refers to stm32f1xx_hal_cortex.o(i.HAL_NVIC_SetPriority) for HAL_NVIC_SetPriority
    dma.o(i.MX_DMA_Init) refers to stm32f1xx_hal_cortex.o(i.HAL_NVIC_EnableIRQ) for HAL_NVIC_EnableIRQ
    i2c.o(i.HAL_I2C_MspDeInit) refers to stm32f1xx_hal_gpio.o(i.HAL_GPIO_DeInit) for HAL_GPIO_DeInit
    i2c.o(i.HAL_I2C_MspInit) refers to stm32f1xx_hal_gpio.o(i.HAL_GPIO_Init) for HAL_GPIO_Init
    i2c.o(i.MX_I2C1_Init) refers to stm32f1xx_hal_i2c.o(i.HAL_I2C_Init) for HAL_I2C_Init
    i2c.o(i.MX_I2C1_Init) refers to main.o(i.Error_Handler) for Error_Handler
    i2c.o(i.MX_I2C1_Init) refers to i2c.o(.bss) for hi2c1
    tim.o(i.HAL_TIM_MspPostInit) refers to stm32f1xx_hal_gpio.o(i.HAL_GPIO_Init) for HAL_GPIO_Init
    tim.o(i.MX_TIM2_Init) refers to stm32f1xx_hal_tim.o(i.HAL_TIM_Base_Init) for HAL_TIM_Base_Init
    tim.o(i.MX_TIM2_Init) refers to main.o(i.Error_Handler) for Error_Handler
    tim.o(i.MX_TIM2_Init) refers to stm32f1xx_hal_tim.o(i.HAL_TIM_ConfigClockSource) for HAL_TIM_ConfigClockSource
[...]
    ../clib/microlib/printf/printf.c         0x00000000   Number         0  printfb.o ABSOLUTE
    ../clib/microlib/printf/printf.c         0x00000000   Number         0  printf7.o ABSOLUTE
    ../clib/microlib/printf/printf.c         0x00000000   Number         0  printf8.o ABSOLUTE
    ../clib/microlib/printf/printf.c         0x00000000   Number         0  printfa.o ABSOLUTE
    ../clib/microlib/printf/printf.c         0x00000000   Number         0  printf6.o ABSOLUTE
    ../clib/microlib/printf/stubs.s          0x00000000   Number         0  stubs.o ABSOLUTE
    ../clib/microlib/stdio/streams.c         0x00000000   Number         0  stdout.o ABSOLUTE
    ../clib/microlib/string/memcpy.c         0x00000000   Number         0  memcpyb.o ABSOLUTE
    ../clib/microlib/string/memcpy.c         0x00000000   Number         0  memcpya.o ABSOLUTE
    ../clib/microlib/string/memset.c         0x00000000   Number         0  memseta.o ABSOLUTE
    ../clib/microlib/stubs.s                 0x00000000   Number         0  iusefp.o ABSOLUTE
    ../clib/scanf.c                          0x00000000   Number         0  _strtoul.o ABSOLUTE
    ../clib/scanf.c                          0x00000000   Number         0  atoi.o ABSOLUTE
    ../clib/scanf.c                          0x00000000   Number         0  _chval.o ABSOLUTE
    ../clib/scanf.c                          0x00000000   Number         0  strtol.o ABSOLUTE
    ../fplib/microlib/f2d.c                  0x00000000   Number         0  f2d.o ABSOLUTE
    ../fplib/microlib/fpadd.c                0x00000000   Number         0  fadd.o ABSOLUTE
    ../fplib/microlib/fpadd.c                0x00000000   Number         0  dadd.o ABSOLUTE
    ../fplib/microlib/fpdiv.c                0x00000000   Number         0  ddiv.o ABSOLUTE
    ../fplib/microlib/fpepilogue.c           0x00000000   Number         0  depilogue.o ABSOLUTE
    ../fplib/microlib/fpepilogue.c           0x00000000   Number         0  fepilogue.o ABSOLUTE
    ../fplib/microlib/fpfix.c                0x00000000   Number         0  ffixi.o ABSOLUTE
    ../fplib/microlib/fpfix.c                0x00000000   Number         0  dfixi.o ABSOLUTE
    ../fplib/microlib/fpfix.c                0x00000000   Number         0  dfixul.o ABSOLUTE
    ../fplib/microlib/fpflt.c                0x00000000   Number         0  fflti.o ABSOLUTE
    ../fplib/microlib/fpmul.c                0x00000000   Number         0  fmul.o ABSOLUTE
    ../fplib/microlib/fpmul.c                0x00000000   Number         0  dmul.o ABSOLUTE
    ..\BSP\DS18B20\DS18B20.c                 0x00000000   Number         0  ds18b20.o ABSOLUTE
    ..\BSP\OLED\OLED.c                       0x00000000   Number         0  oled.o ABSOLUTE
    ..\BSP\usertool\user.c                   0x00000000   Number         0  user.o ABSOLUTE
    ..\Core\Src\dma.c                        0x00000000   Number         0  dma.o ABSOLUTE
    ..\Core\Src\gpio.c                       0x00000000   Number         0  gpio.o ABSOLUTE
    ..\Core\Src\i2c.c                        0x00000000   Number         0  i2c.o ABSOLUTE
    ..\Core\Src\main.c                       0x00000000   Number         0  main.o ABSOLUTE
    ..\Core\Src\stm32f1xx_hal_msp.c          0x00000000   Number         0  stm32f1xx_hal_msp.o ABSOLUTE
    ..\Core\Src\stm32f1xx_it.c               0x00000000   Number         0  stm32f1xx_it.o ABSOLUTE
    ..\Core\Src\system_stm32f1xx.c           0x00000000   Number         0  system_stm32f1xx.o ABSOLUTE
    ..\Core\Src\tim.c                        0x00000000   Number         0  tim.o ABSOLUTE
    ..\Core\Src\usart.c                      0x00000000   Number         0  usart.o ABSOLUTE
    ..\Drivers\STM32F1xx_HAL_Driver\Src\stm32f1xx_hal.c 0x00000000   Number         0  stm32f1xx_hal.o ABSOLUTE
    ..\Drivers\STM32F1xx_HAL_Driver\Src\stm32f1xx_hal_cortex.c 0x00000000   Number         0  stm32f1xx_hal_cortex.o ABSOLUTE
    ..\Drivers\STM32F1xx_HAL_Driver\Src\stm32f1xx_hal_dma.c 0x00000000   Number         0  stm32f1xx_hal_dma.o ABSOLUTE
    ..\Drivers\STM32F1xx_HAL_Driver\Src\stm32f1xx_hal_exti.c 0x00000000   Number         0  stm32f1xx_hal_exti.o ABSOLUTE
    ..\Drivers\STM32F1xx_HAL_Driver\Src\stm32f1xx_hal_flash.c 0x00000000   Number         0  stm32f1xx_hal_flash.o ABSOLUTE
    ..\Drivers\STM32F1xx_HAL_Driver\Src\stm32f1xx_hal_flash_ex.c 0x00000000   Number         0  stm32f1xx_hal_flash_ex.o ABSOLUTE
    ..\Drivers\STM32F1xx_HAL_Driver\Src\stm32f1xx_hal_gpio.c 0x00000000   Number         0  stm32f1xx_hal_gpio.o ABSOLUTE
    ..\Drivers\STM32F1xx_HAL_Driver\Src\stm32f1xx_hal_gpio_ex.c 0x00000000   Number         0  stm32f1xx_hal_gpio_ex.o ABSOLUTE
    ..\Drivers\STM32F1xx_HAL_Driver\Src\stm32f1xx_hal_i2c.c 0x00000000   Number         0  stm32f1xx_hal_i2c.o ABSOLUTE
    ..\Drivers\STM32F1xx_HAL_Driver\Src\stm32f1xx_hal_pwr.c 0x00000000   Number         0  stm32f1xx_hal_pwr.o ABSOLUTE
    ..\Drivers\STM32F1xx_HAL_Driver\Src\stm32f1xx_hal_rcc.c 0x00000000   Number         0  stm32f1xx_hal_rcc.o ABSOLUTE
    ..\Drivers\STM32F1xx_HAL_Driver\Src\stm32f1xx_hal_rcc_ex.c 0x00000000   Number         0  stm32f1xx_hal_rcc_ex.o ABSOLUTE
    ..\Drivers\STM32F1xx_HAL_Driver\Src\stm32f1xx_hal_tim.c 0x00000000   Number         0  stm32f1xx_hal_tim.o ABSOLUTE
    ..\Drivers\STM32F1xx_HAL_Driver\Src\stm32f1xx_hal_tim_ex.c 0x00000000   Number         0  stm32f1xx_hal_tim_ex.o ABSOLUTE
    ..\Drivers\STM32F1xx_HAL_Driver\Src\stm32f1xx_hal_uart.c 0x00000000   Number         0  stm32f1xx_hal_uart.o ABSOLUTE
    ..\PID\PID.c                             0x00000000   Number         0  pid.o ABSOLUTE
    ..\SYSTEM\delay\delay.c                  0x00000000   Number         0  delay.o ABSOLUTE
    ..\SYSTEM\sys\sys.c                      0x00000000   Number         0  sys.o ABSOLUTE
    ..\\BSP\\DS18B20\\DS18B20.c              0x00000000   Number         0  ds18b20.o ABSOLUTE
    ..\\BSP\\OLED\\OLED.c                    0x00000000   Number         0  oled.o ABSOLUTE
    ..\\BSP\\usertool\\user.c                0x00000000   Number         0  user.o ABSOLUTE
    ..\\PID\\PID.c                           0x00000000   Number         0  pid.o ABSOLUTE
    ..\\SYSTEM\\delay\\delay.c               0x00000000   Number         0  delay.o ABSOLUTE
    ..\\SYSTEM\\sys\\sys.c                   0x00000000   Number         0  sys.o ABSOLUTE
    cdrcmple.s                               0x00000000   Number         0  cdrcmple.o ABSOLUTE
    dc.s                                     0x00000000   Number         0  dc.o ABSOLUTE
    handlers.s                               0x00000000   Number         0  handlers.o ABSOLUTE
    init.s                                   0x00000000   Number         0  init.o ABSOLUTE
    startup_stm32f103xb.s                    0x00000000   Number         0  startup_stm32f103xb.o ABSOLUTE
    RESET                                    0x08000000   Section      236  startup_stm32f103xb.o(RESET)
    .ARM.Collect$$$$00000000                 0x080000ec   Section        0  entry.o(.ARM.Collect$$$$00000000)
    .ARM.Collect$$$$00000001                 0x080000ec   Section        4  entry2.o(.ARM.Collect$$$$00000001)
    .ARM.Collect$$$$00000004                 0x080000f0   Section        4  entry5.o(.ARM.Collect$$$$00000004)
    .ARM.Collect$$$$00000008                 0x080000f4   Section        0  entry7b.o(.ARM.Collect$$$$00000008)
    .ARM.Collect$$$$0000000A                 0x080000f4   Section        0  entry8b.o(.ARM.Collect$$$$0000000A)
    .ARM.Collect$$$$0000000B                 0x080000f4   Section        8  entry9a.o(.ARM.Collect$$$$0000000B)
    .ARM.Collect$$$$0000000D                 0x080000fc   Section        0  entry10a.o(.ARM.Collect$$$$0000000D)
    .ARM.Collect$$$$0000000F                 0x080000fc   Section        0  entry11a.o(.ARM.Collect$$$$0000000F)
    .ARM.Collect$$$$00002712                 0x080000fc   Section        4  entry2.o(.ARM.Collect$$$$00002712)
    __lit__00000000                          0x080000fc   Data           4  entry2.o(.ARM.Collect$$$$00002712)
    .text                                    0x08000100   Section       36  startup_stm32f103xb.o(.text)
    .text                                    0x08000124   Section        0  llushr.o(.text)
    .text                                    0x08000144   Section        0  memcpya.o(.text)
    .text                                    0x08000168   Section        0  memseta.o(.text)
    .text                                    0x0800018c   Section        0  atoi.o(.text)
    .text                                    0x080001a6   Section        0  fadd.o(.text)
    .text                                    0x08000256   Section        0  fmul.o(.text)
    .text                                    0x080002ba   Section        0  dmul.o(.text)
    .text                                    0x0800039e   Section        0  fflti.o(.text)
    .text                                    0x080003b0   Section        0  ffixi.o(.text)
    .text                                    0x080003e2   Section        0  dfixi.o(.text)
    .text                                    0x08000420   Section        0  f2d.o(.text)
    .text                                    0x08000446   Section        0  uidiv.o(.text)
    .text                                    0x08000472   Section        0  uldiv.o(.text)
    .text                                    0x080004d4   Section        0  strtol.o(.text)
    .text                                    0x08000544   Section        0  iusefp.o(.text)
    .text                                    0x08000544   Section        0  fepilogue.o(.text)
    .text                                    0x080005b2   Section        0  depilogue.o(.text)
    .text                                    0x0800066c   Section        0  dadd.o(.text)
    .text                                    0x080007ba   Section        0  ddiv.o(.text)
    .text                                    0x08000898   Section        0  dfixul.o(.text)
    .text                                    0x080008c8   Section       48  cdrcmple.o(.text)
    .text                                    0x080008f8   Section       36  init.o(.text)
    .text                                    0x0800091c   Section        0  llshl.o(.text)
    .text                                    0x0800093a   Section        0  llsshr.o(.text)
    .text                                    0x08000960   Section        0  ctype_o.o(.text)
    .text                                    0x08000968   Section        0  _strtoul.o(.text)
    .text                                    0x08000a06   Section        0  _chval.o(.text)
    i.BusFault_Handler                       0x08000a22   Section        0  stm32f1xx_it.o(i.BusFault_Handler)
    i.DMA1_Channel4_IRQHandler               0x08000a28   Section        0  stm32f1xx_it.o(i.DMA1_Channel4_IRQHandler)
    i.DMA1_Channel5_IRQHandler               0x08000a38   Section        0  stm32f1xx_it.o(i.DMA1_Channel5_IRQHandler)
    i.DMA_SetConfig                          0x08000a48   Section        0  stm32f1xx_hal_dma.o(i.DMA_SetConfig)
    DMA_SetConfig                            0x08000a49   Thumb Code    44  stm32f1xx_hal_dma.o(i.DMA_SetConfig)
    i.DS18B20_Check                          0x08000a74   Section        0  ds18b20.o(i.DS18B20_Check)
    i.DS18B20_Get_Temperature                0x08000acc   Section        0  ds18b20.o(i.DS18B20_Get_Temperature)
    i.DS18B20_IO_IN                          0x08000b50   Section        0  ds18b20.o(i.DS18B20_IO_IN)
    i.DS18B20_IO_OUT                         0x08000b70   Section        0  ds18b20.o(i.DS18B20_IO_OUT)
    i.DS18B20_Init                           0x08000b90   Section        0  ds18b20.o(i.DS18B20_Init)
    i.DS18B20_Read_Bit                       0x08000bb8   Section        0  ds18b20.o(i.DS18B20_Read_Bit)
    i.DS18B20_Read_Byte                      0x08000c00   Section        0  ds18b20.o(i.DS18B20_Read_Byte)
    i.DS18B20_Rst                            0x08000c24   Section        0  ds18b20.o(i.DS18B20_Rst)
    i.DS18B20_Start                          0x08000c54   Section        0  ds18b20.o(i.DS18B20_Start)
    i.DS18B20_Write_Byte                     0x08000c6c   Section        0  ds18b20.o(i.DS18B20_Write_Byte)
    i.DebugMon_Handler                       0x08000cd0   Section        0  stm32f1xx_it.o(i.DebugMon_Handler)
    i.Error_Handler                          0x08000cd2   Section        0  main.o(i.Error_Handler)
    i.HAL_DMA_Abort                          0x08000cd8   Section        0  stm32f1xx_hal_dma.o(i.HAL_DMA_Abort)
    i.HAL_DMA_Abort_IT                       0x08000d30   Section        0  stm32f1xx_hal_dma.o(i.HAL_DMA_Abort_IT)
    i.HAL_DMA_IRQHandler                     0x08000de0   Section        0  stm32f1xx_hal_dma.o(i.HAL_DMA_IRQHandler)
    i.HAL_DMA_Init                           0x08000f7c   Section        0  stm32f1xx_hal_dma.o(i.HAL_DMA_Init)
    i.HAL_DMA_Start_IT                       0x08000fe4   Section        0  stm32f1xx_hal_dma.o(i.HAL_DMA_Start_IT)
    i.HAL_Delay                              0x08001080   Section        0  delay.o(i.HAL_Delay)
    i.HAL_GPIO_Init                          0x0800108c   Section        0  stm32f1xx_hal_gpio.o(i.HAL_GPIO_Init)
    i.HAL_GPIO_ReadPin                       0x080013ac   Section        0  stm32f1xx_hal_gpio.o(i.HAL_GPIO_ReadPin)
    i.HAL_GPIO_WritePin                      0x080013bc   Section        0  stm32f1xx_hal_gpio.o(i.HAL_GPIO_WritePin)
    i.HAL_GetTick                            0x080013c8   Section        0  stm32f1xx_hal.o(i.HAL_GetTick)
    i.HAL_I2C_Init                           0x080013d4   Section        0  stm32f1xx_hal_i2c.o(i.HAL_I2C_Init)
    i.HAL_I2C_Mem_Write                      0x080015a4   Section        0  stm32f1xx_hal_i2c.o(i.HAL_I2C_Mem_Write)
    i.HAL_I2C_MspInit                        0x08001708   Section        0  i2c.o(i.HAL_I2C_MspInit)
    i.HAL_IncTick                            0x08001794   Section        0  stm32f1xx_hal.o(i.HAL_IncTick)
    i.HAL_Init                               0x080017ac   Section        0  stm32f1xx_hal.o(i.HAL_Init)
    i.HAL_InitTick                           0x080017d4   Section        0  stm32f1xx_hal.o(i.HAL_InitTick)
    i.HAL_MspInit                            0x08001820   Section        0  stm32f1xx_hal_msp.o(i.HAL_MspInit)
    i.HAL_NVIC_EnableIRQ                     0x08001874   Section        0  stm32f1xx_hal_cortex.o(i.HAL_NVIC_EnableIRQ)
    i.HAL_NVIC_SetPriority                   0x08001894   Section        0  stm32f1xx_hal_cortex.o(i.HAL_NVIC_SetPriority)
    i.HAL_NVIC_SetPriorityGrouping           0x08001910   Section        0  stm32f1xx_hal_cortex.o(i.HAL_NVIC_SetPriorityGrouping)
    i.HAL_RCC_ClockConfig                    0x08001938   Section        0  stm32f1xx_hal_rcc.o(i.HAL_RCC_ClockConfig)
    i.HAL_RCC_GetHCLKFreq                    0x08001ac4   Section        0  stm32f1xx_hal_rcc.o(i.HAL_RCC_GetHCLKFreq)
    i.HAL_RCC_GetPCLK1Freq                   0x08001ad0   Section        0  stm32f1xx_hal_rcc.o(i.HAL_RCC_GetPCLK1Freq)
    i.HAL_RCC_GetPCLK2Freq                   0x08001af0   Section        0  stm32f1xx_hal_rcc.o(i.HAL_RCC_GetPCLK2Freq)
    i.HAL_RCC_GetSysClockFreq                0x08001b10   Section        0  stm32f1xx_hal_rcc.o(i.HAL_RCC_GetSysClockFreq)
    i.HAL_RCC_OscConfig                      0x08001b80   Section        0  stm32f1xx_hal_rcc.o(i.HAL_RCC_OscConfig)
    i.HAL_SYSTICK_Config                     0x08001fe4   Section        0  stm32f1xx_hal_cortex.o(i.HAL_SYSTICK_Config)
    i.HAL_TIMEx_MasterConfigSynchronization  0x08002018   Section        0  stm32f1xx_hal_tim_ex.o(i.HAL_TIMEx_MasterConfigSynchronization)
    i.HAL_TIM_Base_Init                      0x0800209c   Section        0  stm32f1xx_hal_tim.o(i.HAL_TIM_Base_Init)
    i.HAL_TIM_Base_MspInit                   0x08002104   Section        0  tim.o(i.HAL_TIM_Base_MspInit)
    i.HAL_TIM_Base_Start                     0x08002130   Section        0  stm32f1xx_hal_tim.o(i.HAL_TIM_Base_Start)
    i.HAL_TIM_Base_Stop                      0x0800219c   Section        0  stm32f1xx_hal_tim.o(i.HAL_TIM_Base_Stop)
    i.HAL_TIM_ConfigClockSource              0x080021ce   Section        0  stm32f1xx_hal_tim.o(i.HAL_TIM_ConfigClockSource)
    i.HAL_TIM_MspPostInit                    0x080022dc   Section        0  tim.o(i.HAL_TIM_MspPostInit)
    i.HAL_TIM_PWM_ConfigChannel              0x08002334   Section        0  stm32f1xx_hal_tim.o(i.HAL_TIM_PWM_ConfigChannel)
    i.HAL_TIM_PWM_Init                       0x08002438   Section        0  stm32f1xx_hal_tim.o(i.HAL_TIM_PWM_Init)
    i.HAL_TIM_PWM_MspInit                    0x080024a0   Section        0  tim.o(i.HAL_TIM_PWM_MspInit)
    i.HAL_TIM_PWM_Start                      0x080024d0   Section        0  stm32f1xx_hal_tim.o(i.HAL_TIM_PWM_Start)
    i.HAL_UARTEx_RxEventCallback             0x080025a4   Section        0  stm32f1xx_hal_uart.o(i.HAL_UARTEx_RxEventCallback)
    i.HAL_UART_DMAStop                       0x080025a6   Section        0  stm32f1xx_hal_uart.o(i.HAL_UART_DMAStop)
    i.HAL_UART_ErrorCallback                 0x08002630   Section        0  stm32f1xx_hal_uart.o(i.HAL_UART_ErrorCallback)
    i.HAL_UART_IRQHandler                    0x08002634   Section        0  stm32f1xx_hal_uart.o(i.HAL_UART_IRQHandler)
    i.HAL_UART_Init                          0x08002918   Section        0  stm32f1xx_hal_uart.o(i.HAL_UART_Init)
    i.HAL_UART_MspInit                       0x08002990   Section        0  usart.o(i.HAL_UART_MspInit)
    i.HAL_UART_Receive_DMA                   0x08002aa0   Section        0  stm32f1xx_hal_uart.o(i.HAL_UART_Receive_DMA)
    i.HAL_UART_RxCpltCallback                0x08002acc   Section        0  stm32f1xx_hal_uart.o(i.HAL_UART_RxCpltCallback)
    i.HAL_UART_RxHalfCpltCallback            0x08002ace   Section        0  stm32f1xx_hal_uart.o(i.HAL_UART_RxHalfCpltCallback)
    i.HAL_UART_Transmit                      0x08002ad0   Section        0  stm32f1xx_hal_uart.o(i.HAL_UART_Transmit)
    i.HAL_UART_Transmit_DMA                  0x08002b84   Section        0  stm32f1xx_hal_uart.o(i.HAL_UART_Transmit_DMA)
    i.HAL_UART_TxCpltCallback                0x08002c10   Section        0  stm32f1xx_hal_uart.o(i.HAL_UART_TxCpltCallback)
    i.HAL_UART_TxHalfCpltCallback            0x08002c12   Section        0  stm32f1xx_hal_uart.o(i.HAL_UART_TxHalfCpltCallback)
    i.HardFault_Handler                      0x08002c14   Section        0  stm32f1xx_it.o(i.HardFault_Handler)
    i.I2C_IsAcknowledgeFailed                0x08002c18   Section        0  stm32f1xx_hal_i2c.o(i.I2C_IsAcknowledgeFailed)
    I2C_IsAcknowledgeFailed                  0x08002c19   Thumb Code    62  stm32f1xx_hal_i2c.o(i.I2C_IsAcknowledgeFailed)
    i.I2C_RequestMemoryWrite                 0x08002c58   Section        0  stm32f1xx_hal_i2c.o(i.I2C_RequestMemoryWrite)
    I2C_RequestMemoryWrite                   0x08002c59   Thumb Code   220  stm32f1xx_hal_i2c.o(i.I2C_RequestMemoryWrite)
    i.I2C_WaitOnBTFFlagUntilTimeout          0x08002d38   Section        0  stm32f1xx_hal_i2c.o(i.I2C_WaitOnBTFFlagUntilTimeout)
    I2C_WaitOnBTFFlagUntilTimeout            0x08002d39   Thumb Code   102  stm32f1xx_hal_i2c.o(i.I2C_WaitOnBTFFlagUntilTimeout)
    i.I2C_WaitOnFlagUntilTimeout             0x08002d9e   Section        0  stm32f1xx_hal_i2c.o(i.I2C_WaitOnFlagUntilTimeout)
    I2C_WaitOnFlagUntilTimeout               0x08002d9f   Thumb Code   190  stm32f1xx_hal_i2c.o(i.I2C_WaitOnFlagUntilTimeout)
    i.I2C_WaitOnMasterAddressFlagUntilTimeout 0x08002e5c   Section        0  stm32f1xx_hal_i2c.o(i.I2C_WaitOnMasterAddressFlagUntilTimeout)
    I2C_WaitOnMasterAddressFlagUntilTimeout  0x08002e5d   Thumb Code   250  stm32f1xx_hal_i2c.o(i.I2C_WaitOnMasterAddressFlagUntilTimeout)
    i.I2C_WaitOnTXEFlagUntilTimeout          0x08002f56   Section        0  stm32f1xx_hal_i2c.o(i.I2C_WaitOnTXEFlagUntilTimeout)
    I2C_WaitOnTXEFlagUntilTimeout            0x08002f57   Thumb Code   102  stm32f1xx_hal_i2c.o(i.I2C_WaitOnTXEFlagUntilTimeout)
    i.MX_DMA_Init                            0x08002fbc   Section        0  dma.o(i.MX_DMA_Init)
    i.MX_GPIO_Init                           0x08003000   Section        0  gpio.o(i.MX_GPIO_Init)
    i.MX_I2C1_Init                           0x0800308c   Section        0  i2c.o(i.MX_I2C1_Init)
    i.MX_TIM2_Init                           0x080030c8   Section        0  tim.o(i.MX_TIM2_Init)
    i.MX_TIM3_Init                           0x08003134   Section        0  tim.o(i.MX_TIM3_Init)
    i.MX_USART1_UART_Init                    0x080031b0   Section        0  usart.o(i.MX_USART1_UART_Init)
    i.MemManage_Handler                      0x080031e8   Section        0  stm32f1xx_it.o(i.MemManage_Handler)
    i.NMI_Handler                            0x080031ec   Section        0  stm32f1xx_it.o(i.NMI_Handler)
    i.PID_Init                               0x080031f0   Section        0  pid.o(i.PID_Init)
    i.PendSV_Handler                         0x08003218   Section        0  stm32f1xx_it.o(i.PendSV_Handler)
    i.RCC_Delay                              0x0800321c   Section        0  stm32f1xx_hal_rcc.o(i.RCC_Delay)
    RCC_Delay                                0x0800321d   Thumb Code    36  stm32f1xx_hal_rcc.o(i.RCC_Delay)
    i.SVC_Handler                            0x08003244   Section        0  stm32f1xx_it.o(i.SVC_Handler)
    i.SysTick_Handler                        0x08003246   Section        0  stm32f1xx_it.o(i.SysTick_Handler)
    i.SystemClock_Config                     0x0800324e   Section        0  main.o(i.SystemClock_Config)
    i.SystemInit                             0x080032b4   Section        0  system_stm32f1xx.o(i.SystemInit)
    i.TIM_Base_SetConfig                     0x080032b8   Section        0  stm32f1xx_hal_tim.o(i.TIM_Base_SetConfig)
    i.TIM_CCxChannelCmd                      0x0800332c   Section        0  stm32f1xx_hal_tim.o(i.TIM_CCxChannelCmd)
    i.TIM_ETR_SetConfig                      0x0800334e   Section        0  stm32f1xx_hal_tim.o(i.TIM_ETR_SetConfig)
    i.TIM_ITRx_SetConfig                     0x08003364   Section        0  stm32f1xx_hal_tim.o(i.TIM_ITRx_SetConfig)
    TIM_ITRx_SetConfig                       0x08003365   Thumb Code    18  stm32f1xx_hal_tim.o(i.TIM_ITRx_SetConfig)
    i.TIM_OC1_SetConfig                      0x08003378   Section        0  stm32f1xx_hal_tim.o(i.TIM_OC1_SetConfig)
    TIM_OC1_SetConfig                        0x08003379   Thumb Code    90  stm32f1xx_hal_tim.o(i.TIM_OC1_SetConfig)
    i.TIM_OC2_SetConfig                      0x080033d8   Section        0  stm32f1xx_hal_tim.o(i.TIM_OC2_SetConfig)
    i.TIM_OC3_SetConfig                      0x08003440   Section        0  stm32f1xx_hal_tim.o(i.TIM_OC3_SetConfig)
    TIM_OC3_SetConfig                        0x08003441   Thumb Code    98  stm32f1xx_hal_tim.o(i.TIM_OC3_SetConfig)
    i.TIM_OC4_SetConfig                      0x080034a8   Section        0  stm32f1xx_hal_tim.o(i.TIM_OC4_SetConfig)
    TIM_OC4_SetConfig                        0x080034a9   Thumb Code    68  stm32f1xx_hal_tim.o(i.TIM_OC4_SetConfig)
    i.TIM_TI1_ConfigInputStage               0x080034f0   Section        0  stm32f1xx_hal_tim.o(i.TIM_TI1_ConfigInputStage)
    TIM_TI1_ConfigInputStage                 0x080034f1   Thumb Code    38  stm32f1xx_hal_tim.o(i.TIM_TI1_ConfigInputStage)
    i.TIM_TI2_ConfigInputStage               0x08003516   Section        0  stm32f1xx_hal_tim.o(i.TIM_TI2_ConfigInputStage)
    TIM_TI2_ConfigInputStage                 0x08003517   Thumb Code    40  stm32f1xx_hal_tim.o(i.TIM_TI2_ConfigInputStage)
    i.UART_DMAAbortOnError                   0x0800353e   Section        0  stm32f1xx_hal_uart.o(i.UART_DMAAbortOnError)
    UART_DMAAbortOnError                     0x0800353f   Thumb Code    20  stm32f1xx_hal_uart.o(i.UART_DMAAbortOnError)
    i.UART_DMAError                          0x08003552   Section        0  stm32f1xx_hal_uart.o(i.UART_DMAError)
    UART_DMAError                            0x08003553   Thumb Code    80  stm32f1xx_hal_uart.o(i.UART_DMAError)
    i.UART_DMAReceiveCplt                    0x080035a2   Section        0  stm32f1xx_hal_uart.o(i.UART_DMAReceiveCplt)
    UART_DMAReceiveCplt                      0x080035a3   Thumb Code   180  stm32f1xx_hal_uart.o(i.UART_DMAReceiveCplt)
    i.UART_DMARxHalfCplt                     0x08003656   Section        0  stm32f1xx_hal_uart.o(i.UART_DMARxHalfCplt)
    UART_DMARxHalfCplt                       0x08003657   Thumb Code    36  stm32f1xx_hal_uart.o(i.UART_DMARxHalfCplt)
    i.UART_DMATransmitCplt                   0x0800367a   Section        0  stm32f1xx_hal_uart.o(i.UART_DMATransmitCplt)
    UART_DMATransmitCplt                     0x0800367b   Thumb Code    88  stm32f1xx_hal_uart.o(i.UART_DMATransmitCplt)
    i.UART_DMATxHalfCplt                     0x080036d2   Section        0  stm32f1xx_hal_uart.o(i.UART_DMATxHalfCplt)
    UART_DMATxHalfCplt                       0x080036d3   Thumb Code    14  stm32f1xx_hal_uart.o(i.UART_DMATxHalfCplt)
    i.UART_EndRxTransfer                     0x080036e0   Section        0  stm32f1xx_hal_uart.o(i.UART_EndRxTransfer)
    UART_EndRxTransfer                       0x080036e1   Thumb Code   108  stm32f1xx_hal_uart.o(i.UART_EndRxTransfer)
    i.UART_EndTransmit_IT                    0x0800374c   Section        0  stm32f1xx_hal_uart.o(i.UART_EndTransmit_IT)
    UART_EndTransmit_IT                      0x0800374d   Thumb Code    32  stm32f1xx_hal_uart.o(i.UART_EndTransmit_IT)
    i.UART_EndTxTransfer                     0x0800376c   Section        0  stm32f1xx_hal_uart.o(i.UART_EndTxTransfer)
    UART_EndTxTransfer                       0x0800376d   Thumb Code    38  stm32f1xx_hal_uart.o(i.UART_EndTxTransfer)
    i.UART_Receive_IT                        0x08003792   Section        0  stm32f1xx_hal_uart.o(i.UART_Receive_IT)
    UART_Receive_IT                          0x08003793   Thumb Code   252  stm32f1xx_hal_uart.o(i.UART_Receive_IT)
    i.UART_SetConfig                         0x08003890   Section        0  stm32f1xx_hal_uart.o(i.UART_SetConfig)
    UART_SetConfig                           0x08003891   Thumb Code   248  stm32f1xx_hal_uart.o(i.UART_SetConfig)
    i.UART_Start_Receive_DMA                 0x0800398c   Section        0  stm32f1xx_hal_uart.o(i.UART_Start_Receive_DMA)
    i.UART_Transmit_IT                       0x08003a54   Section        0  stm32f1xx_hal_uart.o(i.UART_Transmit_IT)
    UART_Transmit_IT                         0x08003a55   Thumb Code    96  stm32f1xx_hal_uart.o(i.UART_Transmit_IT)
    i.UART_WaitOnFlagUntilTimeout            0x08003ab4   Section        0  stm32f1xx_hal_uart.o(i.UART_WaitOnFlagUntilTimeout)
    UART_WaitOnFlagUntilTimeout              0x08003ab5   Thumb Code   146  stm32f1xx_hal_uart.o(i.UART_WaitOnFlagUntilTimeout)
    i.USART1_IRQHandler                      0x08003b48   Section        0  stm32f1xx_it.o(i.USART1_IRQHandler)
    i.USAR_UART_IDLECallback                 0x08003ba0   Section        0  usart.o(i.USAR_UART_IDLECallback)
    i.UsageFault_Handler                     0x08003c90   Section        0  stm32f1xx_it.o(i.UsageFault_Handler)
    i.__0printf                              0x08003c94   Section        0  printfa.o(i.__0printf)
    i.__0sprintf                             0x08003cb4   Section        0  printfa.o(i.__0sprintf)
    i.__NVIC_GetPriorityGrouping             0x08003cdc   Section        0  stm32f1xx_hal_cortex.o(i.__NVIC_GetPriorityGrouping)
    __NVIC_GetPriorityGrouping               0x08003cdd   Thumb Code    10  stm32f1xx_hal_cortex.o(i.__NVIC_GetPriorityGrouping)
    i.__NVIC_SetPriority                     0x08003cec   Section        0  stm32f1xx_hal_cortex.o(i.__NVIC_SetPriority)
    __NVIC_SetPriority                       0x08003ced   Thumb Code    32  stm32f1xx_hal_cortex.o(i.__NVIC_SetPriority)
    i.__aeabi_errno_addr                     0x08003d14   Section        0  errno.o(i.__aeabi_errno_addr)
    i.__scatterload_copy                     0x08003d1c   Section       14  handlers.o(i.__scatterload_copy)
    i.__scatterload_null                     0x08003d2a   Section        2  handlers.o(i.__scatterload_null)
    i.__scatterload_zeroinit                 0x08003d2c   Section       14  handlers.o(i.__scatterload_zeroinit)
    i._fp_digits                             0x08003d3c   Section        0  printfa.o(i._fp_digits)
    _fp_digits                               0x08003d3d   Thumb Code   366  printfa.o(i._fp_digits)
    i._printf_core                           0x08003ec0   Section        0  printfa.o(i._printf_core)
    _printf_core                             0x08003ec1   Thumb Code  1744  printfa.o(i._printf_core)
    i._printf_post_padding                   0x0800459c   Section        0  printfa.o(i._printf_post_padding)
    _printf_post_padding                     0x0800459d   Thumb Code    36  printfa.o(i._printf_post_padding)
    i._printf_pre_padding                    0x080045c0   Section        0  printfa.o(i._printf_pre_padding)
    _printf_pre_padding                      0x080045c1   Thumb Code    46  printfa.o(i._printf_pre_padding)
    i._sputc                                 0x080045ee   Section        0  printfa.o(i._sputc)
    _sputc                                   0x080045ef   Thumb Code    10  printfa.o(i._sputc)
    i.calculate_tempture                     0x080045f8   Section        0  pid.o(i.calculate_tempture)
    i.delay_ms                               0x08004668   Section        0  delay.o(i.delay_ms)
    i.delay_ms_tim                           0x0800467a   Section        0  ds18b20.o(i.delay_ms_tim)
    i.delay_us                               0x08004694   Section        0  delay.o(i.delay_us)
    i.fputc                                  0x080046dc   Section        0  usart.o(i.fputc)
    i.main                                   0x080046f8   Section        0  main.o(i.main)
    i.oled_clear                             0x08004818   Section        0  oled.o(i.oled_clear)
    i.oled_cmd                               0x08004850   Section        0  oled.o(i.oled_cmd)
    oled_cmd                                 0x08004851   Thumb Code    30  oled.o(i.oled_cmd)
    i.oled_data                              0x08004874   Section        0  oled.o(i.oled_data)
    oled_data                                0x08004875   Thumb Code    30  oled.o(i.oled_data)
    i.oled_display_float                     0x08004898   Section        0  oled.o(i.oled_display_float)
    i.oled_full                              0x080048d4   Section        0  oled.o(i.oled_full)
    i.oled_init                              0x0800490e   Section        0  oled.o(i.oled_init)
    i.oled_origin                            0x080049c6   Section        0  oled.o(i.oled_origin)
    oled_origin                              0x080049c7   Thumb Code    40  oled.o(i.oled_origin)
    i.oled_show_string                       0x080049f0   Section        0  oled.o(i.oled_show_string)
    i.user_Init                              0x08004adc   Section        0  user.o(i.user_Init)
    i.user_delaynus_tim                      0x08004af8   Section        0  ds18b20.o(i.user_delaynus_tim)
    i.user_set                               0x08004b30   Section        0  user.o(i.user_set)
    i.user_show                              0x08004b68   Section        0  user.o(i.user_show)
    .constdata                               0x08004bcc   Section       18  stm32f1xx_hal_rcc.o(.constdata)
    aPLLMULFactorTable                       0x08004bcc   Data          16  stm32f1xx_hal_rcc.o(.constdata)
    aPredivFactorTable                       0x08004bdc   Data           2  stm32f1xx_hal_rcc.o(.constdata)
    .constdata                               0x08004bde   Section       24  system_stm32f1xx.o(.constdata)
    .constdata                               0x08004bf6   Section     2072  oled.o(.constdata)
    .constdata                               0x0800540e   Section      129  ctype_o.o(.constdata)
    .constdata                               0x08005490   Section        4  ctype_o.o(.constdata)
    table                                    0x08005490   Data           4  ctype_o.o(.constdata)
    .data                                    0x20000000   Section       32  main.o(.data)
    kp                                       0x20000000   Data           4  main.o(.data)
    ki                                       0x20000004   Data           4  main.o(.data)
    target_temp                              0x20000008   Data           4  main.o(.data)
    ntemp                                    0x2000000c   Data           4  main.o(.data)
    .data                                    0x20000020   Section        1  usart.o(.data)
    .data                                    0x20000024   Section        9  stm32f1xx_hal.o(.data)
    .data                                    0x20000030   Section        4  system_stm32f1xx.o(.data)
    .data                                    0x20000034   Section        4  delay.o(.data)
    g_fac_us                                 0x20000034   Data           4  delay.o(.data)
    .data                                    0x20000038   Section       16  pid.o(.data)
    ntemp                                    0x20000038   Data           4  pid.o(.data)
    kp                                       0x2000003c   Data           4  pid.o(.data)
    ki                                       0x20000040   Data           4  pid.o(.data)
    .data                                    0x20000048   Section        4  stdout.o(.data)
    .data                                    0x2000004c   Section        4  errno.o(.data)
    _errno                                   0x2000004c   Data           4  errno.o(.data)
    .bss                                     0x20000050   Section       84  i2c.o(.bss)
    .bss                                     0x200000a4   Section      144  tim.o(.bss)
    .bss                                     0x20000134   Section      720  usart.o(.bss)
    STACK                                    0x20000408   Section     1024  startup_stm32f103xb.o(STACK)

    Global Symbols

    Symbol Name                              Value     Ov Type        Size  Object(Section)

    BuildAttributes$$THM_ISAv4$P$D$K$B$S$PE$A:L22UL41UL21$X:L11$S22US41US21$IEEE1$IW$USESV6$~STKCKD$USESV7$~SHL$OTIME$ROPI$EBA8$MICROLIB$REQ8$PRES8$EABIv2 0x00000000   Number         0  anon$$obj.o ABSOLUTE
    __ARM_use_no_argv                        0x00000000   Number         0  main.o ABSOLUTE
    _printf_a                                0x00000000   Number         0  stubs.o ABSOLUTE
    _printf_c                                0x00000000   Number         0  stubs.o ABSOLUTE
    _printf_charcount                        0x00000000   Number         0  stubs.o ABSOLUTE
    _printf_d                                0x00000000   Number         0  stubs.o ABSOLUTE
    _printf_e                                0x00000000   Number         0  stubs.o ABSOLUTE
    _printf_f                                0x00000000   Number         0  stubs.o ABSOLUTE
    _printf_flags                            0x00000000   Number         0  stubs.o ABSOLUTE
    _printf_fp_dec                           0x00000000   Number         0  stubs.o ABSOLUTE
    _printf_fp_hex                           0x00000000   Number         0  stubs.o ABSOLUTE
    _printf_g                                0x00000000   Number         0  stubs.o ABSOLUTE
    _printf_i                                0x00000000   Number         0  stubs.o ABSOLUTE
    _printf_int_dec                          0x00000000   Number         0  stubs.o ABSOLUTE
    _printf_l                                0x00000000   Number         0  stubs.o ABSOLUTE
    _printf_lc                               0x00000000   Number         0  stubs.o ABSOLUTE
    _printf_ll                               0x00000000   Number         0  stubs.o ABSOLUTE
    _printf_lld                              0x00000000   Number         0  stubs.o ABSOLUTE
    _printf_lli                              0x00000000   Number         0  stubs.o ABSOLUTE
    _printf_llo                              0x00000000   Number         0  stubs.o ABSOLUTE
    _printf_llu                              0x00000000   Number         0  stubs.o ABSOLUTE
    _printf_llx                              0x00000000   Number         0  stubs.o ABSOLUTE
    _printf_longlong_dec                     0x00000000   Number         0  stubs.o ABSOLUTE
    _printf_longlong_hex                     0x00000000   Number         0  stubs.o ABSOLUTE
    _printf_longlong_oct                     0x00000000   Number         0  stubs.o ABSOLUTE
    _printf_ls                               0x00000000   Number         0  stubs.o ABSOLUTE
    _printf_mbtowc                           0x00000000   Number         0  stubs.o ABSOLUTE
    _printf_n                                0x00000000   Number         0  stubs.o ABSOLUTE
    _printf_o                                0x00000000   Number         0  stubs.o ABSOLUTE
    _printf_p                                0x00000000   Number         0  stubs.o ABSOLUTE
    _printf_percent                          0x00000000   Number         0  stubs.o ABSOLUTE
    _printf_pre_padding                      0x00000000   Number         0  stubs.o ABSOLUTE
    _printf_return_value                     0x00000000   Number         0  stubs.o ABSOLUTE
    _printf_s                                0x00000000   Number         0  stubs.o ABSOLUTE
    _printf_sizespec                         0x00000000   Number         0  stubs.o ABSOLUTE
    _printf_str                              0x00000000   Number         0  stubs.o ABSOLUTE
    _printf_truncate_signed                  0x00000000   Number         0  stubs.o ABSOLUTE
    _printf_truncate_unsigned                0x00000000   Number         0  stubs.o ABSOLUTE
    _printf_u                                0x00000000   Number         0  stubs.o ABSOLUTE
    _printf_wc                               0x00000000   Number         0  stubs.o ABSOLUTE
    _printf_wctomb                           0x00000000   Number         0  stubs.o ABSOLUTE
    _printf_widthprec                        0x00000000   Number         0  stubs.o ABSOLUTE
    _printf_x                                0x00000000   Number         0  stubs.o ABSOLUTE
    __cpp_initialize__aeabi_                  - Undefined Weak Reference
    __cxa_finalize                            - Undefined Weak Reference
    __decompress                              - Undefined Weak Reference
    _clock_init                               - Undefined Weak Reference
    _microlib_exit                            - Undefined Weak Reference
    __Vectors_Size                           0x000000ec   Number         0  startup_stm32f103xb.o ABSOLUTE
    __Vectors                                0x08000000   Data           4  startup_stm32f103xb.o(RESET)
    __Vectors_End                            0x080000ec   Data           0  startup_stm32f103xb.o(RESET)
    __main                                   0x080000ed   Thumb Code     0  entry.o(.ARM.Collect$$$$00000000)
    _main_stk                                0x080000ed   Thumb Code     0  entry2.o(.ARM.Collect$$$$00000001)
    _main_scatterload                        0x080000f1   Thumb Code     0  entry5.o(.ARM.Collect$$$$00000004)
    __main_after_scatterload                 0x080000f5   Thumb Code     0  entry5.o(.ARM.Collect$$$$00000004)
    _main_clock                              0x080000f5   Thumb Code     0  entry7b.o(.ARM.Collect$$$$00000008)
    _main_cpp_init                           0x080000f5   Thumb Code     0  entry8b.o(.ARM.Collect$$$$0000000A)
    _main_init                               0x080000f5   Thumb Code     0  entry9a.o(.ARM.Collect$$$$0000000B)
    __rt_final_cpp                           0x080000fd   Thumb Code     0  entry10a.o(.ARM.Collect$$$$0000000D)
    __rt_final_exit                          0x080000fd   Thumb Code     0  entry11a.o(.ARM.Collect$$$$0000000F)
    Reset_Handler                            0x08000101   Thumb Code     8  startup_stm32f103xb.o(.text)
    ADC1_2_IRQHandler                        0x0800011b   Thumb Code     0  startup_stm32f103xb.o(.text)
    CAN1_RX1_IRQHandler                      0x0800011b   Thumb Code     0  startup_stm32f103xb.o(.text)
    CAN1_SCE_IRQHandler                      0x0800011b   Thumb Code     0  startup_stm32f103xb.o(.text)
    DMA1_Channel1_IRQHandler                 0x0800011b   Thumb Code     0  startup_stm32f103xb.o(.text)
    DMA1_Channel2_IRQHandler                 0x0800011b   Thumb Code     0  startup_stm32f103xb.o(.text)
    DMA1_Channel3_IRQHandler                 0x0800011b   Thumb Code     0  startup_stm32f103xb.o(.text)
    DMA1_Channel6_IRQHandler                 0x0800011b   Thumb Code     0  startup_stm32f103xb.o(.text)
    DMA1_Channel7_IRQHandler                 0x0800011b   Thumb Code     0  startup_stm32f103xb.o(.text)
    EXTI0_IRQHandler                         0x0800011b   Thumb Code     0  startup_stm32f103xb.o(.text)
    EXTI15_10_IRQHandler                     0x0800011b   Thumb Code     0  startup_stm32f103xb.o(.text)
    EXTI1_IRQHandler                         0x0800011b   Thumb Code     0  startup_stm32f103xb.o(.text)
    EXTI2_IRQHandler                         0x0800011b   Thumb Code     0  startup_stm32f103xb.o(.text)
    EXTI3_IRQHandler                         0x0800011b   Thumb Code     0  startup_stm32f103xb.o(.text)
    EXTI4_IRQHandler                         0x0800011b   Thumb Code     0  startup_stm32f103xb.o(.text)
    EXTI9_5_IRQHandler                       0x0800011b   Thumb Code     0  startup_stm32f103xb.o(.text)
    FLASH_IRQHandler                         0x0800011b   Thumb Code     0  startup_stm32f103xb.o(.text)
    I2C1_ER_IRQHandler                       0x0800011b   Thumb Code     0  startup_stm32f103xb.o(.text)
    I2C1_EV_IRQHandler                       0x0800011b   Thumb Code     0  startup_stm32f103xb.o(.text)
    I2C2_ER_IRQHandler                       0x0800011b   Thumb Code     0  startup_stm32f103xb.o(.text)
    I2C2_EV_IRQHandler                       0x0800011b   Thumb Code     0  startup_stm32f103xb.o(.text)
    PVD_IRQHandler                           0x0800011b   Thumb Code     0  startup_stm32f103xb.o(.text)
    RCC_IRQHandler                           0x0800011b   Thumb Code     0  startup_stm32f103xb.o(.text)
    RTC_Alarm_IRQHandler                     0x0800011b   Thumb Code     0  startup_stm32f103xb.o(.text)
    RTC_IRQHandler                           0x0800011b   Thumb Code     0  startup_stm32f103xb.o(.text)
    SPI1_IRQHandler                          0x0800011b   Thumb Code     0  startup_stm32f103xb.o(.text)
    SPI2_IRQHandler                          0x0800011b   Thumb Code     0  startup_stm32f103xb.o(.text)
    TAMPER_IRQHandler                        0x0800011b   Thumb Code     0  startup_stm32f103xb.o(.text)
    TIM1_BRK_IRQHandler                      0x0800011b   Thumb Code     0  startup_stm32f103xb.o(.text)
    TIM1_CC_IRQHandler                       0x0800011b   Thumb Code     0  startup_stm32f103xb.o(.text)
    TIM1_TRG_COM_IRQHandler                  0x0800011b   Thumb Code     0  startup_stm32f103xb.o(.text)
    TIM1_UP_IRQHandler                       0x0800011b   Thumb Code     0  startup_stm32f103xb.o(.text)
    TIM2_IRQHandler                          0x0800011b   Thumb Code     0  startup_stm32f103xb.o(.text)
    TIM3_IRQHandler                          0x0800011b   Thumb Code     0  startup_stm32f103xb.o(.text)
    TIM4_IRQHandler                          0x0800011b   Thumb Code     0  startup_stm32f103xb.o(.text)
    USART2_IRQHandler                        0x0800011b   Thumb Code     0  startup_stm32f103xb.o(.text)
    USART3_IRQHandler                        0x0800011b   Thumb Code     0  startup_stm32f103xb.o(.text)
    USBWakeUp_IRQHandler                     0x0800011b   Thumb Code     0  startup_stm32f103xb.o(.text)
    USB_HP_CAN1_TX_IRQHandler                0x0800011b   Thumb Code     0  startup_stm32f103xb.o(.text)
    USB_LP_CAN1_RX0_IRQHandler               0x0800011b   Thumb Code     0  startup_stm32f103xb.o(.text)
    WWDG_IRQHandler                          0x0800011b   Thumb Code     0  startup_stm32f103xb.o(.text)
    __aeabi_llsr                             0x08000125   Thumb Code    32  llushr.o(.text)
    _ll_ushift_r                             0x08000125   Thumb Code     0  llushr.o(.text)
    __aeabi_memcpy                           0x08000145   Thumb Code    36  memcpya.o(.text)
    __aeabi_memcpy4                          0x08000145   Thumb Code     0  memcpya.o(.text)
    __aeabi_memcpy8                          0x08000145   Thumb Code     0  memcpya.o(.text)
    __aeabi_memset                           0x08000169   Thumb Code    14  memseta.o(.text)
    __aeabi_memset4                          0x08000169   Thumb Code     0  memseta.o(.text)
    __aeabi_memset8                          0x08000169   Thumb Code     0  memseta.o(.text)
    __aeabi_memclr                           0x08000177   Thumb Code     4  memseta.o(.text)
    __aeabi_memclr4                          0x08000177   Thumb Code     0  memseta.o(.text)
    __aeabi_memclr8                          0x08000177   Thumb Code     0  memseta.o(.text)
    _memset$wrapper                          0x0800017b   Thumb Code    18  memseta.o(.text)
    atoi                                     0x0800018d   Thumb Code    26  atoi.o(.text)
    __aeabi_fadd                             0x080001a7   Thumb Code   164  fadd.o(.text)
    __aeabi_fsub                             0x0800024b   Thumb Code     6  fadd.o(.text)
    __aeabi_frsub                            0x08000251   Thumb Code     6  fadd.o(.text)
    __aeabi_fmul                             0x08000257   Thumb Code   100  fmul.o(.text)
    __aeabi_dmul                             0x080002bb   Thumb Code   228  dmul.o(.text)
    __aeabi_i2f                              0x0800039f   Thumb Code    18  fflti.o(.text)
    __aeabi_f2iz                             0x080003b1   Thumb Code    50  ffixi.o(.text)
    __aeabi_d2iz                             0x080003e3   Thumb Code    62  dfixi.o(.text)
    __aeabi_f2d                              0x08000421   Thumb Code    38  f2d.o(.text)
    __aeabi_uidiv                            0x08000447   Thumb Code     0  uidiv.o(.text)
    __aeabi_uidivmod                         0x08000447   Thumb Code    44  uidiv.o(.text)
    __aeabi_uldivmod                         0x08000473   Thumb Code    98  uldiv.o(.text)
    strtol                                   0x080004d5   Thumb Code   112  strtol.o(.text)
    __I$use$fp                               0x08000545   Thumb Code     0  iusefp.o(.text)
    _float_round                             0x08000545   Thumb Code    18  fepilogue.o(.text)
    _float_epilogue                          0x08000557   Thumb Code    92  fepilogue.o(.text)
    _double_round                            0x080005b3   Thumb Code    30  depilogue.o(.text)
    _double_epilogue                         0x080005d1   Thumb Code   156  depilogue.o(.text)
    __aeabi_dadd                             0x0800066d   Thumb Code   322  dadd.o(.text)
    __aeabi_dsub                             0x080007af   Thumb Code     6  dadd.o(.text)
    __aeabi_drsub                            0x080007b5   Thumb Code     6  dadd.o(.text)
    __aeabi_ddiv                             0x080007bb   Thumb Code   222  ddiv.o(.text)
    __aeabi_d2ulz                            0x08000899   Thumb Code    48  dfixul.o(.text)
    __aeabi_cdrcmple                         0x080008c9   Thumb Code    48  cdrcmple.o(.text)
    __scatterload                            0x080008f9   Thumb Code    28  init.o(.text)
    __scatterload_rt2                        0x080008f9   Thumb Code     0  init.o(.text)
    __aeabi_llsl                             0x0800091d   Thumb Code    30  llshl.o(.text)
    _ll_shift_l                              0x0800091d   Thumb Code     0  llshl.o(.text)
    __aeabi_lasr                             0x0800093b   Thumb Code    36  llsshr.o(.text)
    _ll_sshift_r                             0x0800093b   Thumb Code     0  llsshr.o(.text)
    __rt_ctype_table                         0x08000961   Thumb Code     4  ctype_o.o(.text)
    _strtoul                                 0x08000969   Thumb Code   158  _strtoul.o(.text)
    _chval                                   0x08000a07   Thumb Code    28  _chval.o(.text)
    BusFault_Handler                         0x08000a23   Thumb Code     4  stm32f1xx_it.o(i.BusFault_Handler)
    DMA1_Channel4_IRQHandler                 0x08000a29   Thumb Code    10  stm32f1xx_it.o(i.DMA1_Channel4_IRQHandler)
    DMA1_Channel5_IRQHandler                 0x08000a39   Thumb Code    10  stm32f1xx_it.o(i.DMA1_Channel5_IRQHandler)
    DS18B20_Check                            0x08000a75   Thumb Code    82  ds18b20.o(i.DS18B20_Check)
    DS18B20_Get_Temperature                  0x08000acd   Thumb Code   128  ds18b20.o(i.DS18B20_Get_Temperature)
    DS18B20_IO_IN                            0x08000b51   Thumb Code    28  ds18b20.o(i.DS18B20_IO_IN)
    DS18B20_IO_OUT                           0x08000b71   Thumb Code    28  ds18b20.o(i.DS18B20_IO_OUT)
    DS18B20_Init                             0x08000b91   Thumb Code    36  ds18b20.o(i.DS18B20_Init)
    DS18B20_Read_Bit                         0x08000bb9   Thumb Code    68  ds18b20.o(i.DS18B20_Read_Bit)
    DS18B20_Read_Byte                        0x08000c01   Thumb Code    34  ds18b20.o(i.DS18B20_Read_Byte)
    DS18B20_Rst                              0x08000c25   Thumb Code    42  ds18b20.o(i.DS18B20_Rst)
    DS18B20_Start                            0x08000c55   Thumb Code    24  ds18b20.o(i.DS18B20_Start)
    DS18B20_Write_Byte                       0x08000c6d   Thumb Code    96  ds18b20.o(i.DS18B20_Write_Byte)
    DebugMon_Handler                         0x08000cd1   Thumb Code     2  stm32f1xx_it.o(i.DebugMon_Handler)
    Error_Handler                            0x08000cd3   Thumb Code     6  main.o(i.Error_Handler)
    HAL_DMA_Abort                            0x08000cd9   Thumb Code    86  stm32f1xx_hal_dma.o(i.HAL_DMA_Abort)
    HAL_DMA_Abort_IT                         0x08000d31   Thumb Code   172  stm32f1xx_hal_dma.o(i.HAL_DMA_Abort_IT)
    HAL_DMA_IRQHandler                       0x08000de1   Thumb Code   408  stm32f1xx_hal_dma.o(i.HAL_DMA_IRQHandler)
    HAL_DMA_Init                             0x08000f7d   Thumb Code   100  stm32f1xx_hal_dma.o(i.HAL_DMA_Init)
    HAL_DMA_Start_IT                         0x08000fe5   Thumb Code   156  stm32f1xx_hal_dma.o(i.HAL_DMA_Start_IT)
    HAL_Delay                                0x08001081   Thumb Code    12  delay.o(i.HAL_Delay)
    HAL_GPIO_Init                            0x0800108d   Thumb Code   766  stm32f1xx_hal_gpio.o(i.HAL_GPIO_Init)
    HAL_GPIO_ReadPin                         0x080013ad   Thumb Code    16  stm32f1xx_hal_gpio.o(i.HAL_GPIO_ReadPin)
    HAL_GPIO_WritePin                        0x080013bd   Thumb Code    12  stm32f1xx_hal_gpio.o(i.HAL_GPIO_WritePin)
    HAL_GetTick                              0x080013c9   Thumb Code     6  stm32f1xx_hal.o(i.HAL_GetTick)
    HAL_I2C_Init                             0x080013d5   Thumb Code   446  stm32f1xx_hal_i2c.o(i.HAL_I2C_Init)
    HAL_I2C_Mem_Write                        0x080015a5   Thumb Code   348  stm32f1xx_hal_i2c.o(i.HAL_I2C_Mem_Write)
    HAL_I2C_MspInit                          0x08001709   Thumb Code   124  i2c.o(i.HAL_I2C_MspInit)
    HAL_IncTick                              0x08001795   Thumb Code    16  stm32f1xx_hal.o(i.HAL_IncTick)
    HAL_Init                                 0x080017ad   Thumb Code    34  stm32f1xx_hal.o(i.HAL_Init)
    HAL_InitTick                             0x080017d5   Thumb Code    64  stm32f1xx_hal.o(i.HAL_InitTick)
    HAL_MspInit                              0x08001821   Thumb Code    76  stm32f1xx_hal_msp.o(i.HAL_MspInit)
    HAL_NVIC_EnableIRQ                       0x08001875   Thumb Code    32  stm32f1xx_hal_cortex.o(i.HAL_NVIC_EnableIRQ)
    HAL_NVIC_SetPriority                     0x08001895   Thumb Code   124  stm32f1xx_hal_cortex.o(i.HAL_NVIC_SetPriority)
    HAL_NVIC_SetPriorityGrouping             0x08001911   Thumb Code    32  stm32f1xx_hal_cortex.o(i.HAL_NVIC_SetPriorityGrouping)
    HAL_RCC_ClockConfig                      0x08001939   Thumb Code   376  stm32f1xx_hal_rcc.o(i.HAL_RCC_ClockConfig)
    HAL_RCC_GetHCLKFreq                      0x08001ac5   Thumb Code     6  stm32f1xx_hal_rcc.o(i.HAL_RCC_GetHCLKFreq)
    HAL_RCC_GetPCLK1Freq                     0x08001ad1   Thumb Code    22  stm32f1xx_hal_rcc.o(i.HAL_RCC_GetPCLK1Freq)
    HAL_RCC_GetPCLK2Freq                     0x08001af1   Thumb Code    22  stm32f1xx_hal_rcc.o(i.HAL_RCC_GetPCLK2Freq)
    HAL_RCC_GetSysClockFreq                  0x08001b11   Thumb Code    92  stm32f1xx_hal_rcc.o(i.HAL_RCC_GetSysClockFreq)
    HAL_RCC_OscConfig                        0x08001b81   Thumb Code  1114  stm32f1xx_hal_rcc.o(i.HAL_RCC_OscConfig)
    HAL_SYSTICK_Config                       0x08001fe5   Thumb Code    52  stm32f1xx_hal_cortex.o(i.HAL_SYSTICK_Config)
    HAL_TIMEx_MasterConfigSynchronization    0x08002019   Thumb Code   118  stm32f1xx_hal_tim_ex.o(i.HAL_TIMEx_MasterConfigSynchronization)
    HAL_TIM_Base_Init                        0x0800209d   Thumb Code   102  stm32f1xx_hal_tim.o(i.HAL_TIM_Base_Init)
    HAL_TIM_Base_MspInit                     0x08002105   Thumb Code    40  tim.o(i.HAL_TIM_Base_MspInit)
    HAL_TIM_Base_Start                       0x08002131   Thumb Code    94  stm32f1xx_hal_tim.o(i.HAL_TIM_Base_Start)
    HAL_TIM_Base_Stop                        0x0800219d   Thumb Code    50  stm32f1xx_hal_tim.o(i.HAL_TIM_Base_Stop)
    HAL_TIM_ConfigClockSource                0x080021cf   Thumb Code   268  stm32f1xx_hal_tim.o(i.HAL_TIM_ConfigClockSource)
    HAL_TIM_MspPostInit                      0x080022dd   Thumb Code    74  tim.o(i.HAL_TIM_MspPostInit)
    HAL_TIM_PWM_ConfigChannel                0x08002335   Thumb Code   260  stm32f1xx_hal_tim.o(i.HAL_TIM_PWM_ConfigChannel)
    HAL_TIM_PWM_Init                         0x08002439   Thumb Code   102  stm32f1xx_hal_tim.o(i.HAL_TIM_PWM_Init)
    HAL_TIM_PWM_MspInit                      0x080024a1   Thumb Code    40  tim.o(i.HAL_TIM_PWM_MspInit)
    HAL_TIM_PWM_Start                        0x080024d1   Thumb Code   198  stm32f1xx_hal_tim.o(i.HAL_TIM_PWM_Start)
    HAL_UARTEx_RxEventCallback               0x080025a5   Thumb Code     2  stm32f1xx_hal_uart.o(i.HAL_UARTEx_RxEventCallback)
    HAL_UART_DMAStop                         0x080025a7   Thumb Code   138  stm32f1xx_hal_uart.o(i.HAL_UART_DMAStop)
    HAL_UART_ErrorCallback                   0x08002631   Thumb Code     2  stm32f1xx_hal_uart.o(i.HAL_UART_ErrorCallback)
    HAL_UART_IRQHandler                      0x08002635   Thumb Code   736  stm32f1xx_hal_uart.o(i.HAL_UART_IRQHandler)
    HAL_UART_Init                            0x08002919   Thumb Code   118  stm32f1xx_hal_uart.o(i.HAL_UART_Init)
    HAL_UART_MspInit                         0x08002991   Thumb Code   248  usart.o(i.HAL_UART_MspInit)
    HAL_UART_Receive_DMA                     0x08002aa1   Thumb Code    44  stm32f1xx_hal_uart.o(i.HAL_UART_Receive_DMA)
    HAL_UART_RxCpltCallback                  0x08002acd   Thumb Code     2  stm32f1xx_hal_uart.o(i.HAL_UART_RxCpltCallback)
    HAL_UART_RxHalfCpltCallback              0x08002acf   Thumb Code     2  stm32f1xx_hal_uart.o(i.HAL_UART_RxHalfCpltCallback)
    HAL_UART_Transmit                        0x08002ad1   Thumb Code   178  stm32f1xx_hal_uart.o(i.HAL_UART_Transmit)
    HAL_UART_Transmit_DMA                    0x08002b85   Thumb Code   128  stm32f1xx_hal_uart.o(i.HAL_UART_Transmit_DMA)
    HAL_UART_TxCpltCallback                  0x08002c11   Thumb Code     2  stm32f1xx_hal_uart.o(i.HAL_UART_TxCpltCallback)
    HAL_UART_TxHalfCpltCallback              0x08002c13   Thumb Code     2  stm32f1xx_hal_uart.o(i.HAL_UART_TxHalfCpltCallback)
    HardFault_Handler                        0x08002c15   Thumb Code     4  stm32f1xx_it.o(i.HardFault_Handler)
    MX_DMA_Init                              0x08002fbd   Thumb Code    64  dma.o(i.MX_DMA_Init)
    MX_GPIO_Init                             0x08003001   Thumb Code   130  gpio.o(i.MX_GPIO_Init)
    MX_I2C1_Init                             0x0800308d   Thumb Code    48  i2c.o(i.MX_I2C1_Init)
    MX_TIM2_Init                             0x080030c9   Thumb Code   102  tim.o(i.MX_TIM2_Init)
    MX_TIM3_Init                             0x08003135   Thumb Code   114  tim.o(i.MX_TIM3_Init)
    MX_USART1_UART_Init                      0x080031b1   Thumb Code    46  usart.o(i.MX_USART1_UART_Init)
    MemManage_Handler                        0x080031e9   Thumb Code     4  stm32f1xx_it.o(i.MemManage_Handler)
    NMI_Handler                              0x080031ed   Thumb Code     4  stm32f1xx_it.o(i.NMI_Handler)
    PID_Init                                 0x080031f1   Thumb Code    20  pid.o(i.PID_Init)
    PendSV_Handler                           0x08003219   Thumb Code     2  stm32f1xx_it.o(i.PendSV_Handler)
    SVC_Handler                              0x08003245   Thumb Code     2  stm32f1xx_it.o(i.SVC_Handler)
    SysTick_Handler                          0x08003247   Thumb Code     8  stm32f1xx_it.o(i.SysTick_Handler)
    SystemClock_Config                       0x0800324f   Thumb Code   102  main.o(i.SystemClock_Config)
    SystemInit                               0x080032b5   Thumb Code     2  system_stm32f1xx.o(i.SystemInit)
    TIM_Base_SetConfig                       0x080032b9   Thumb Code   104  stm32f1xx_hal_tim.o(i.TIM_Base_SetConfig)
    TIM_CCxChannelCmd                        0x0800332d   Thumb Code    34  stm32f1xx_hal_tim.o(i.TIM_CCxChannelCmd)
    TIM_ETR_SetConfig                        0x0800334f   Thumb Code    22  stm32f1xx_hal_tim.o(i.TIM_ETR_SetConfig)
    TIM_OC2_SetConfig                        0x080033d9   Thumb Code   100  stm32f1xx_hal_tim.o(i.TIM_OC2_SetConfig)
    UART_Start_Receive_DMA                   0x0800398d   Thumb Code   186  stm32f1xx_hal_uart.o(i.UART_Start_Receive_DMA)
    USART1_IRQHandler                        0x08003b49   Thumb Code    76  stm32f1xx_it.o(i.USART1_IRQHandler)
    USAR_UART_IDLECallback                   0x08003ba1   Thumb Code   220  usart.o(i.USAR_UART_IDLECallback)
    UsageFault_Handler                       0x08003c91   Thumb Code     4  stm32f1xx_it.o(i.UsageFault_Handler)
    __0printf                                0x08003c95   Thumb Code    22  printfa.o(i.__0printf)
    __1printf                                0x08003c95   Thumb Code     0  printfa.o(i.__0printf)
    __2printf                                0x08003c95   Thumb Code     0  printfa.o(i.__0printf)
    __c89printf                              0x08003c95   Thumb Code     0  printfa.o(i.__0printf)
    printf                                   0x08003c95   Thumb Code     0  printfa.o(i.__0printf)
    __0sprintf                               0x08003cb5   Thumb Code    34  printfa.o(i.__0sprintf)
    __1sprintf                               0x08003cb5   Thumb Code     0  printfa.o(i.__0sprintf)
    __2sprintf                               0x08003cb5   Thumb Code     0  printfa.o(i.__0sprintf)
    __c89sprintf                             0x08003cb5   Thumb Code     0  printfa.o(i.__0sprintf)
    sprintf                                  0x08003cb5   Thumb Code     0  printfa.o(i.__0sprintf)
    __aeabi_errno_addr                       0x08003d15   Thumb Code     4  errno.o(i.__aeabi_errno_addr)
    __rt_errno_addr                          0x08003d15   Thumb Code     0  errno.o(i.__aeabi_errno_addr)
    __scatterload_copy                       0x08003d1d   Thumb Code    14  handlers.o(i.__scatterload_copy)
    __scatterload_null                       0x08003d2b   Thumb Code     2  handlers.o(i.__scatterload_null)
    __scatterload_zeroinit                   0x08003d2d   Thumb Code    14  handlers.o(i.__scatterload_zeroinit)
    calculate_tempture                       0x080045f9   Thumb Code    98  pid.o(i.calculate_tempture)
    delay_ms                                 0x08004669   Thumb Code    18  delay.o(i.delay_ms)
    delay_ms_tim                             0x0800467b   Thumb Code    24  ds18b20.o(i.delay_ms_tim)
    delay_us                                 0x08004695   Thumb Code    68  delay.o(i.delay_us)
    fputc                                    0x080046dd   Thumb Code    22  usart.o(i.fputc)
    main                                     0x080046f9   Thumb Code   198  main.o(i.main)
    oled_clear                               0x08004819   Thumb Code    56  oled.o(i.oled_clear)
    oled_display_float                       0x08004899   Thumb Code    52  oled.o(i.oled_display_float)
    oled_full                                0x080048d5   Thumb Code    58  oled.o(i.oled_full)
    oled_init                                0x0800490f   Thumb Code   184  oled.o(i.oled_init)
    oled_show_string                         0x080049f1   Thumb Code   228  oled.o(i.oled_show_string)
    user_Init                                0x08004add   Thumb Code    20  user.o(i.user_Init)
    user_delaynus_tim                        0x08004af9   Thumb Code    52  ds18b20.o(i.user_delaynus_tim)
    user_set                                 0x08004b31   Thumb Code    42  user.o(i.user_set)
    user_show                                0x08004b69   Thumb Code    76  user.o(i.user_show)
    AHBPrescTable                            0x08004bde   Data          16  system_stm32f1xx.o(.constdata)
    APBPrescTable                            0x08004bee   Data           8  system_stm32f1xx.o(.constdata)
    F6x8                                     0x08004bf6   Data         552  oled.o(.constdata)
    F8X16                                    0x08004e1e   Data        1520  oled.o(.constdata)
    __ctype_table                            0x0800540e   Data         129  ctype_o.o(.constdata)
    Region$$Table$$Base                      0x08005494   Number         0  anon$$obj.o(Region$$Table)
    Region$$Table$$Limit                     0x080054b4   Number         0  anon$$obj.o(Region$$Table)
    target                                   0x20000010   Data           4  main.o(.data)
    usernum                                  0x20000014   Data           1  main.o(.data)
    tempture                                 0x20000018   Data           4  main.o(.data)
    setpwm                                   0x2000001c   Data           4  main.o(.data)
    RX_Len                                   0x20000020   Data           1  usart.o(.data)
    uwTick                                   0x20000024   Data           4  stm32f1xx_hal.o(.data)
    uwTickPrio                               0x20000028   Data           4  stm32f1xx_hal.o(.data)
    uwTickFreq                               0x2000002c   Data           1  stm32f1xx_hal.o(.data)
    SystemCoreClock                          0x20000030   Data           4  system_stm32f1xx.o(.data)
    Itergral                                 0x20000044   Data           4  pid.o(.data)
    __stdout                                 0x20000048   Data           4  stdout.o(.data)
    hi2c1                                    0x20000050   Data          84  i2c.o(.bss)
    htim2                                    0x200000a4   Data          72  tim.o(.bss)
    htim3                                    0x200000ec   Data          72  tim.o(.bss)
    RX_Buff                                  0x20000134   Data         256  usart.o(.bss)
    RX_data                                  0x20000234   Data         256  usart.o(.bss)
    huart1                                   0x20000334   Data          72  usart.o(.bss)
    hdma_usart1_rx                           0x2000037c   Data          68  usart.o(.bss)
    hdma_usart1_tx                           0x200003c0   Data          68  usart.o(.bss)
    __initial_sp                             0x20000808   Data           0  startup_stm32f103xb.o(STACK)



==============================================================================

Memory Map of the image

  Image Entry point : 0x080000ed

  Load Region LR_IROM1 (Base: 0x08000000, Size: 0x00005504, Max: 0x00010000, ABSOLUTE)

    Execution Region ER_IROM1 (Exec base: 0x08000000, Load base: 0x08000000, Size: 0x000054b4, Max: 0x00010000, ABSOLUTE)

    Exec Addr    Load Addr    Size         Type   Attr      Idx    E Section Name        Object

    0x08000000   0x08000000   0x000000ec   Data   RO            3    RESET               startup_stm32f103xb.o
    0x080000ec   0x080000ec   0x00000000   Code   RO         3818  * .ARM.Collect$$$$00000000  mc_w.l(entry.o)
    0x080000ec   0x080000ec   0x00000004   Code   RO         4106    .ARM.Collect$$$$00000001  mc_w.l(entry2.o)
    0x080000f0   0x080000f0   0x00000004   Code   RO         4109    .ARM.Collect$$$$00000004  mc_w.l(entry5.o)
    0x080000f4   0x080000f4   0x00000000   Code   RO         4111    .ARM.Collect$$$$00000008  mc_w.l(entry7b.o)
    0x080000f4   0x080000f4   0x00000000   Code   RO         4113    .ARM.Collect$$$$0000000A  mc_w.l(entry8b.o)
    0x080000f4   0x080000f4   0x00000008   Code   RO         4114    .ARM.Collect$$$$0000000B  mc_w.l(entry9a.o)
    0x080000fc   0x080000fc   0x00000000   Code   RO         4116    .ARM.Collect$$$$0000000D  mc_w.l(entry10a.o)
    0x080000fc   0x080000fc   0x00000000   Code   RO         4118    .ARM.Collect$$$$0000000F  mc_w.l(entry11a.o)
    0x080000fc   0x080000fc   0x00000004   Code   RO         4107    .ARM.Collect$$$$00002712  mc_w.l(entry2.o)
    0x08000100   0x08000100   0x00000024   Code   RO            4    .text               startup_stm32f103xb.o
    0x08000124   0x08000124   0x00000020   Code   RO         3821    .text               mc_w.l(llushr.o)
    0x08000144   0x08000144   0x00000024   Code   RO         3823    .text               mc_w.l(memcpya.o)
    0x08000168   0x08000168   0x00000024   Code   RO         3825    .text               mc_w.l(memseta.o)
    0x0800018c   0x0800018c   0x0000001a   Code   RO         4090    .text               mc_w.l(atoi.o)
    0x080001a6   0x080001a6   0x000000b0   Code   RO         4092    .text               mf_w.l(fadd.o)
    0x08000256   0x08000256   0x00000064   Code   RO         4094    .text               mf_w.l(fmul.o)
    0x080002ba   0x080002ba   0x000000e4   Code   RO         4096    .text               mf_w.l(dmul.o)
    0x0800039e   0x0800039e   0x00000012   Code   RO         4098    .text               mf_w.l(fflti.o)
    0x080003b0   0x080003b0   0x00000032   Code   RO         4100    .text               mf_w.l(ffixi.o)
    0x080003e2   0x080003e2   0x0000003e   Code   RO         4102    .text               mf_w.l(dfixi.o)
    0x08000420   0x08000420   0x00000026   Code   RO         4104    .text               mf_w.l(f2d.o)
    0x08000446   0x08000446   0x0000002c   Code   RO         4121    .text               mc_w.l(uidiv.o)
    0x08000472   0x08000472   0x00000062   Code   RO         4123    .text               mc_w.l(uldiv.o)
    0x080004d4   0x080004d4   0x00000070   Code   RO         4132    .text               mc_w.l(strtol.o)
    0x08000544   0x08000544   0x00000000   Code   RO         4134    .text               mc_w.l(iusefp.o)
    0x08000544   0x08000544   0x0000006e   Code   RO         4135    .text               mf_w.l(fepilogue.o)
    0x080005b2   0x080005b2   0x000000ba   Code   RO         4137    .text               mf_w.l(depilogue.o)
    0x0800066c   0x0800066c   0x0000014e   Code   RO         4139    .text               mf_w.l(dadd.o)
    0x080007ba   0x080007ba   0x000000de   Code   RO         4141    .text               mf_w.l(ddiv.o)
    0x08000898   0x08000898   0x00000030   Code   RO         4143    .text               mf_w.l(dfixul.o)
    0x080008c8   0x080008c8   0x00000030   Code   RO         4145    .text               mf_w.l(cdrcmple.o)
    0x080008f8   0x080008f8   0x00000024   Code   RO         4147    .text               mc_w.l(init.o)
    0x0800091c   0x0800091c   0x0000001e   Code   RO         4149    .text               mc_w.l(llshl.o)
    0x0800093a   0x0800093a   0x00000024   Code   RO         4151    .text               mc_w.l(llsshr.o)
    0x0800095e   0x0800095e   0x00000002   PAD
    0x08000960   0x08000960   0x00000008   Code   RO         4153    .text               mc_w.l(ctype_o.o)
    0x08000968   0x08000968   0x0000009e   Code   RO         4181    .text               mc_w.l(_strtoul.o)
    0x08000a06   0x08000a06   0x0000001c   Code   RO         4183    .text               mc_w.l(_chval.o)
    0x08000a22   0x08000a22   0x00000004   Code   RO          424    i.BusFault_Handler  stm32f1xx_it.o
    0x08000a26   0x08000a26   0x00000002   PAD
    0x08000a28   0x08000a28   0x00000010   Code   RO          425    i.DMA1_Channel4_IRQHandler  stm32f1xx_it.o
    0x08000a38   0x08000a38   0x00000010   Code   RO          426    i.DMA1_Channel5_IRQHandler  stm32f1xx_it.o
    0x08000a48   0x08000a48   0x0000002c   Code   RO         1440    i.DMA_SetConfig     stm32f1xx_hal_dma.o
    0x08000a74   0x08000a74   0x00000058   Code   RO         3574    i.DS18B20_Check     ds18b20.o
    0x08000acc   0x08000acc   0x00000084   Code   RO         3575    i.DS18B20_Get_Temperature  ds18b20.o
    0x08000b50   0x08000b50   0x00000020   Code   RO         3576    i.DS18B20_IO_IN     ds18b20.o
    0x08000b70   0x08000b70   0x00000020   Code   RO         3577    i.DS18B20_IO_OUT    ds18b20.o
    0x08000b90   0x08000b90   0x00000028   Code   RO         3578    i.DS18B20_Init      ds18b20.o
    0x08000bb8   0x08000bb8   0x00000048   Code   RO         3579    i.DS18B20_Read_Bit  ds18b20.o
    0x08000c00   0x08000c00   0x00000022   Code   RO         3580    i.DS18B20_Read_Byte  ds18b20.o
    0x08000c22   0x08000c22   0x00000002   PAD
    0x08000c24   0x08000c24   0x00000030   Code   RO         3581    i.DS18B20_Rst       ds18b20.o
    0x08000c54   0x08000c54   0x00000018   Code   RO         3582    i.DS18B20_Start     ds18b20.o
    0x08000c6c   0x08000c6c   0x00000064   Code   RO         3583    i.DS18B20_Write_Byte  ds18b20.o
    0x08000cd0   0x08000cd0   0x00000002   Code   RO          427    i.DebugMon_Handler  stm32f1xx_it.o
    0x08000cd2   0x08000cd2   0x00000006   Code   RO           13    i.Error_Handler     main.o
    0x08000cd8   0x08000cd8   0x00000056   Code   RO         1441    i.HAL_DMA_Abort     stm32f1xx_hal_dma.o
    0x08000d2e   0x08000d2e   0x00000002   PAD
    0x08000d30   0x08000d30   0x000000b0   Code   RO         1442    i.HAL_DMA_Abort_IT  stm32f1xx_hal_dma.o
    0x08000de0   0x08000de0   0x0000019c   Code   RO         1446    i.HAL_DMA_IRQHandler  stm32f1xx_hal_dma.o
    0x08000f7c   0x08000f7c   0x00000068   Code   RO         1447    i.HAL_DMA_Init      stm32f1xx_hal_dma.o
    0x08000fe4   0x08000fe4   0x0000009c   Code   RO         1451    i.HAL_DMA_Start_IT  stm32f1xx_hal_dma.o
    0x08001080   0x08001080   0x0000000c   Code   RO         3457    i.HAL_Delay         delay.o
    0x0800108c   0x0800108c   0x00000320   Code   RO         1377    i.HAL_GPIO_Init     stm32f1xx_hal_gpio.o
    0x080013ac   0x080013ac   0x00000010   Code   RO         1379    i.HAL_GPIO_ReadPin  stm32f1xx_hal_gpio.o
    0x080013bc   0x080013bc   0x0000000c   Code   RO         1381    i.HAL_GPIO_WritePin  stm32f1xx_hal_gpio.o
    0x080013c8   0x080013c8   0x0000000c   Code   RO         1066    i.HAL_GetTick       stm32f1xx_hal.o
    0x080013d4   0x080013d4   0x000001d0   Code   RO          589    i.HAL_I2C_Init      stm32f1xx_hal_i2c.o
    0x080015a4   0x080015a4   0x00000164   Code   RO          610    i.HAL_I2C_Mem_Write  stm32f1xx_hal_i2c.o
    0x08001708   0x08001708   0x0000008c   Code   RO          239    i.HAL_I2C_MspInit   i2c.o
    0x08001794   0x08001794   0x00000018   Code   RO         1072    i.HAL_IncTick       stm32f1xx_hal.o
    0x080017ac   0x080017ac   0x00000028   Code   RO         1073    i.HAL_Init          stm32f1xx_hal.o
    0x080017d4   0x080017d4   0x0000004c   Code   RO         1074    i.HAL_InitTick      stm32f1xx_hal.o
    0x08001820   0x08001820   0x00000054   Code   RO          518    i.HAL_MspInit       stm32f1xx_hal_msp.o
    0x08001874   0x08001874   0x00000020   Code   RO         1537    i.HAL_NVIC_EnableIRQ  stm32f1xx_hal_cortex.o
    0x08001894   0x08001894   0x0000007c   Code   RO         1543    i.HAL_NVIC_SetPriority  stm32f1xx_hal_cortex.o
    0x08001910   0x08001910   0x00000028   Code   RO         1544    i.HAL_NVIC_SetPriorityGrouping  stm32f1xx_hal_cortex.o
    0x08001938   0x08001938   0x0000018c   Code   RO         1230    i.HAL_RCC_ClockConfig  stm32f1xx_hal_rcc.o
    0x08001ac4   0x08001ac4   0x0000000c   Code   RO         1235    i.HAL_RCC_GetHCLKFreq  stm32f1xx_hal_rcc.o
    0x08001ad0   0x08001ad0   0x00000020   Code   RO         1237    i.HAL_RCC_GetPCLK1Freq  stm32f1xx_hal_rcc.o
    0x08001af0   0x08001af0   0x00000020   Code   RO         1238    i.HAL_RCC_GetPCLK2Freq  stm32f1xx_hal_rcc.o
    0x08001b10   0x08001b10   0x00000070   Code   RO         1239    i.HAL_RCC_GetSysClockFreq  stm32f1xx_hal_rcc.o
    0x08001b80   0x08001b80   0x00000464   Code   RO         1242    i.HAL_RCC_OscConfig  stm32f1xx_hal_rcc.o
    0x08001fe4   0x08001fe4   0x00000034   Code   RO         1548    i.HAL_SYSTICK_Config  stm32f1xx_hal_cortex.o
    0x08002018   0x08002018   0x00000084   Code   RO         2799    i.HAL_TIMEx_MasterConfigSynchronization  stm32f1xx_hal_tim_ex.o
    0x0800209c   0x0800209c   0x00000066   Code   RO         2065    i.HAL_TIM_Base_Init  stm32f1xx_hal_tim.o
    0x08002102   0x08002102   0x00000002   PAD
    0x08002104   0x08002104   0x0000002c   Code   RO          281    i.HAL_TIM_Base_MspInit  tim.o
    0x08002130   0x08002130   0x0000006c   Code   RO         2068    i.HAL_TIM_Base_Start  stm32f1xx_hal_tim.o
    0x0800219c   0x0800219c   0x00000032   Code   RO         2071    i.HAL_TIM_Base_Stop  stm32f1xx_hal_tim.o
    0x080021ce   0x080021ce   0x0000010c   Code   RO         2074    i.HAL_TIM_ConfigClockSource  stm32f1xx_hal_tim.o
    0x080022da   0x080022da   0x00000002   PAD
    0x080022dc   0x080022dc   0x00000058   Code   RO          282    i.HAL_TIM_MspPostInit  tim.o
    0x08002334   0x08002334   0x00000104   Code   RO         2137    i.HAL_TIM_PWM_ConfigChannel  stm32f1xx_hal_tim.o
    0x08002438   0x08002438   0x00000066   Code   RO         2140    i.HAL_TIM_PWM_Init  stm32f1xx_hal_tim.o
    0x0800249e   0x0800249e   0x00000002   PAD
    0x080024a0   0x080024a0   0x00000030   Code   RO          284    i.HAL_TIM_PWM_MspInit  tim.o
    0x080024d0   0x080024d0   0x000000d4   Code   RO         2145    i.HAL_TIM_PWM_Start  stm32f1xx_hal_tim.o
    0x080025a4   0x080025a4   0x00000002   Code   RO         3059    i.HAL_UARTEx_RxEventCallback  stm32f1xx_hal_uart.o
    0x080025a6   0x080025a6   0x0000008a   Code   RO         3071    i.HAL_UART_DMAStop  stm32f1xx_hal_uart.o
    0x08002630   0x08002630   0x00000002   Code   RO         3073    i.HAL_UART_ErrorCallback  stm32f1xx_hal_uart.o
    0x08002632   0x08002632   0x00000002   PAD
    0x08002634   0x08002634   0x000002e4   Code   RO         3076    i.HAL_UART_IRQHandler  stm32f1xx_hal_uart.o
    0x08002918   0x08002918   0x00000076   Code   RO         3077    i.HAL_UART_Init     stm32f1xx_hal_uart.o
    0x0800298e   0x0800298e   0x00000002   PAD
    0x08002990   0x08002990   0x00000110   Code   RO          347    i.HAL_UART_MspInit  usart.o
    0x08002aa0   0x08002aa0   0x0000002c   Code   RO         3081    i.HAL_UART_Receive_DMA  stm32f1xx_hal_uart.o
    0x08002acc   0x08002acc   0x00000002   Code   RO         3083    i.HAL_UART_RxCpltCallback  stm32f1xx_hal_uart.o
    0x08002ace   0x08002ace   0x00000002   Code   RO         3084    i.HAL_UART_RxHalfCpltCallback  stm32f1xx_hal_uart.o
    0x08002ad0   0x08002ad0   0x000000b2   Code   RO         3085    i.HAL_UART_Transmit  stm32f1xx_hal_uart.o
    0x08002b82   0x08002b82   0x00000002   PAD
    0x08002b84   0x08002b84   0x0000008c   Code   RO         3086    i.HAL_UART_Transmit_DMA  stm32f1xx_hal_uart.o
    0x08002c10   0x08002c10   0x00000002   Code   RO         3088    i.HAL_UART_TxCpltCallback  stm32f1xx_hal_uart.o
    0x08002c12   0x08002c12   0x00000002   Code   RO         3089    i.HAL_UART_TxHalfCpltCallback  stm32f1xx_hal_uart.o
    0x08002c14   0x08002c14   0x00000004   Code   RO          428    i.HardFault_Handler  stm32f1xx_it.o
    0x08002c18   0x08002c18   0x0000003e   Code   RO          633    i.I2C_IsAcknowledgeFailed  stm32f1xx_hal_i2c.o
    0x08002c56   0x08002c56   0x00000002   PAD
    0x08002c58   0x08002c58   0x000000e0   Code   RO          645    i.I2C_RequestMemoryWrite  stm32f1xx_hal_i2c.o
    0x08002d38   0x08002d38   0x00000066   Code   RO          653    i.I2C_WaitOnBTFFlagUntilTimeout  stm32f1xx_hal_i2c.o
    0x08002d9e   0x08002d9e   0x000000be   Code   RO          654    i.I2C_WaitOnFlagUntilTimeout  stm32f1xx_hal_i2c.o
    0x08002e5c   0x08002e5c   0x000000fa   Code   RO          655    i.I2C_WaitOnMasterAddressFlagUntilTimeout  stm32f1xx_hal_i2c.o
    0x08002f56   0x08002f56   0x00000066   Code   RO          659    i.I2C_WaitOnTXEFlagUntilTimeout  stm32f1xx_hal_i2c.o
    0x08002fbc   0x08002fbc   0x00000044   Code   RO          214    i.MX_DMA_Init       dma.o
    0x08003000   0x08003000   0x0000008c   Code   RO          190    i.MX_GPIO_Init      gpio.o
    0x0800308c   0x0800308c   0x0000003c   Code   RO          240    i.MX_I2C1_Init      i2c.o
    0x080030c8   0x080030c8   0x0000006c   Code   RO          285    i.MX_TIM2_Init      tim.o
    0x08003134   0x08003134   0x0000007c   Code   RO          286    i.MX_TIM3_Init      tim.o
    0x080031b0   0x080031b0   0x00000038   Code   RO          348    i.MX_USART1_UART_Init  usart.o
    0x080031e8   0x080031e8   0x00000004   Code   RO          429    i.MemManage_Handler  stm32f1xx_it.o
    0x080031ec   0x080031ec   0x00000004   Code   RO          430    i.NMI_Handler       stm32f1xx_it.o
    0x080031f0   0x080031f0   0x00000028   Code   RO         3787    i.PID_Init          pid.o
    0x08003218   0x08003218   0x00000002   Code   RO          431    i.PendSV_Handler    stm32f1xx_it.o
    0x0800321a   0x0800321a   0x00000002   PAD
    0x0800321c   0x0800321c   0x00000028   Code   RO         1243    i.RCC_Delay         stm32f1xx_hal_rcc.o
    0x08003244   0x08003244   0x00000002   Code   RO          432    i.SVC_Handler       stm32f1xx_it.o
    0x08003246   0x08003246   0x00000008   Code   RO          433    i.SysTick_Handler   stm32f1xx_it.o
    0x0800324e   0x0800324e   0x00000066   Code   RO           14    i.SystemClock_Config  main.o
    0x080032b4   0x080032b4   0x00000002   Code   RO         3421    i.SystemInit        system_stm32f1xx.o
    0x080032b6   0x080032b6   0x00000002   PAD
    0x080032b8   0x080032b8   0x00000074   Code   RO         2158    i.TIM_Base_SetConfig  stm32f1xx_hal_tim.o
    0x0800332c   0x0800332c   0x00000022   Code   RO         2159    i.TIM_CCxChannelCmd  stm32f1xx_hal_tim.o
    0x0800334e   0x0800334e   0x00000016   Code   RO         2169    i.TIM_ETR_SetConfig  stm32f1xx_hal_tim.o
    0x08003364   0x08003364   0x00000012   Code   RO         2170    i.TIM_ITRx_SetConfig  stm32f1xx_hal_tim.o
    0x08003376   0x08003376   0x00000002   PAD
    0x08003378   0x08003378   0x00000060   Code   RO         2171    i.TIM_OC1_SetConfig  stm32f1xx_hal_tim.o
    0x080033d8   0x080033d8   0x00000068   Code   RO         2172    i.TIM_OC2_SetConfig  stm32f1xx_hal_tim.o
    0x08003440   0x08003440   0x00000068   Code   RO         2173    i.TIM_OC3_SetConfig  stm32f1xx_hal_tim.o
    0x080034a8   0x080034a8   0x00000048   Code   RO         2174    i.TIM_OC4_SetConfig  stm32f1xx_hal_tim.o
    0x080034f0   0x080034f0   0x00000026   Code   RO         2176    i.TIM_TI1_ConfigInputStage  stm32f1xx_hal_tim.o
    0x08003516   0x08003516   0x00000028   Code   RO         2178    i.TIM_TI2_ConfigInputStage  stm32f1xx_hal_tim.o
    0x0800353e   0x0800353e   0x00000014   Code   RO         3090    i.UART_DMAAbortOnError  stm32f1xx_hal_uart.o
    0x08003552   0x08003552   0x00000050   Code   RO         3091    i.UART_DMAError     stm32f1xx_hal_uart.o
    0x080035a2   0x080035a2   0x000000b4   Code   RO         3092    i.UART_DMAReceiveCplt  stm32f1xx_hal_uart.o
    0x08003656   0x08003656   0x00000024   Code   RO         3094    i.UART_DMARxHalfCplt  stm32f1xx_hal_uart.o
    0x0800367a   0x0800367a   0x00000058   Code   RO         3096    i.UART_DMATransmitCplt  stm32f1xx_hal_uart.o
    0x080036d2   0x080036d2   0x0000000e   Code   RO         3098    i.UART_DMATxHalfCplt  stm32f1xx_hal_uart.o
    0x080036e0   0x080036e0   0x0000006c   Code   RO         3100    i.UART_EndRxTransfer  stm32f1xx_hal_uart.o
    0x0800374c   0x0800374c   0x00000020   Code   RO         3101    i.UART_EndTransmit_IT  stm32f1xx_hal_uart.o
    0x0800376c   0x0800376c   0x00000026   Code   RO         3102    i.UART_EndTxTransfer  stm32f1xx_hal_uart.o
    0x08003792   0x08003792   0x000000fc   Code   RO         3103    i.UART_Receive_IT   stm32f1xx_hal_uart.o
    0x0800388e   0x0800388e   0x00000002   PAD
    0x08003890   0x08003890   0x000000fc   Code   RO         3104    i.UART_SetConfig    stm32f1xx_hal_uart.o
    0x0800398c   0x0800398c   0x000000c8   Code   RO         3105    i.UART_Start_Receive_DMA  stm32f1xx_hal_uart.o
    0x08003a54   0x08003a54   0x00000060   Code   RO         3107    i.UART_Transmit_IT  stm32f1xx_hal_uart.o
    0x08003ab4   0x08003ab4   0x00000092   Code   RO         3108    i.UART_WaitOnFlagUntilTimeout  stm32f1xx_hal_uart.o
    0x08003b46   0x08003b46   0x00000002   PAD
    0x08003b48   0x08003b48   0x00000058   Code   RO          434    i.USART1_IRQHandler  stm32f1xx_it.o
    0x08003ba0   0x08003ba0   0x000000f0   Code   RO          351    i.USAR_UART_IDLECallback  usart.o
    0x08003c90   0x08003c90   0x00000004   Code   RO          435    i.UsageFault_Handler  stm32f1xx_it.o
    0x08003c94   0x08003c94   0x00000020   Code   RO         4062    i.__0printf         mc_w.l(printfa.o)
    0x08003cb4   0x08003cb4   0x00000028   Code   RO         4064    i.__0sprintf        mc_w.l(printfa.o)
    0x08003cdc   0x08003cdc   0x00000010   Code   RO         1550    i.__NVIC_GetPriorityGrouping  stm32f1xx_hal_cortex.o
    0x08003cec   0x08003cec   0x00000028   Code   RO         1551    i.__NVIC_SetPriority  stm32f1xx_hal_cortex.o
    0x08003d14   0x08003d14   0x00000008   Code   RO         4125    i.__aeabi_errno_addr  mc_w.l(errno.o)
    0x08003d1c   0x08003d1c   0x0000000e   Code   RO         4187    i.__scatterload_copy  mc_w.l(handlers.o)
    0x08003d2a   0x08003d2a   0x00000002   Code   RO         4188    i.__scatterload_null  mc_w.l(handlers.o)
    0x08003d2c   0x08003d2c   0x0000000e   Code   RO         4189    i.__scatterload_zeroinit  mc_w.l(handlers.o)
    0x08003d3a   0x08003d3a   0x00000002   PAD
    0x08003d3c   0x08003d3c   0x00000184   Code   RO         4069    i._fp_digits        mc_w.l(printfa.o)
    0x08003ec0   0x08003ec0   0x000006dc   Code   RO         4070    i._printf_core      mc_w.l(printfa.o)
    0x0800459c   0x0800459c   0x00000024   Code   RO         4071    i._printf_post_padding  mc_w.l(printfa.o)
    0x080045c0   0x080045c0   0x0000002e   Code   RO         4072    i._printf_pre_padding  mc_w.l(printfa.o)
    0x080045ee   0x080045ee   0x0000000a   Code   RO         4074    i._sputc            mc_w.l(printfa.o)
    0x080045f8   0x080045f8   0x00000070   Code   RO         3788    i.calculate_tempture  pid.o
    0x08004668   0x08004668   0x00000012   Code   RO         3459    i.delay_ms          delay.o
    0x0800467a   0x0800467a   0x00000018   Code   RO         3584    i.delay_ms_tim      ds18b20.o
    0x08004692   0x08004692   0x00000002   PAD
    0x08004694   0x08004694   0x00000048   Code   RO         3460    i.delay_us          delay.o
    0x080046dc   0x080046dc   0x0000001c   Code   RO          353    i.fputc             usart.o
    0x080046f8   0x080046f8   0x00000120   Code   RO           15    i.main              main.o
    0x08004818   0x08004818   0x00000038   Code   RO         3664    i.oled_clear        oled.o
    0x08004850   0x08004850   0x00000024   Code   RO         3665    i.oled_cmd          oled.o
    0x08004874   0x08004874   0x00000024   Code   RO         3666    i.oled_data         oled.o
    0x08004898   0x08004898   0x0000003c   Code   RO         3668    i.oled_display_float  oled.o
    0x080048d4   0x080048d4   0x0000003a   Code   RO         3669    i.oled_full         oled.o
    0x0800490e   0x0800490e   0x000000b8   Code   RO         3670    i.oled_init         oled.o
    0x080049c6   0x080049c6   0x00000028   Code   RO         3671    i.oled_origin       oled.o
    0x080049ee   0x080049ee   0x00000002   PAD
    0x080049f0   0x080049f0   0x000000ec   Code   RO         3672    i.oled_show_string  oled.o
    0x08004adc   0x08004adc   0x0000001c   Code   RO         3744    i.user_Init         user.o
    0x08004af8   0x08004af8   0x00000038   Code   RO         3585    i.user_delaynus_tim  ds18b20.o
    0x08004b30   0x08004b30   0x00000038   Code   RO         3745    i.user_set          user.o
    0x08004b68   0x08004b68   0x00000064   Code   RO         3747    i.user_show         user.o
    0x08004bcc   0x08004bcc   0x00000012   Data   RO         1244    .constdata          stm32f1xx_hal_rcc.o
    0x08004bde   0x08004bde   0x00000018   Data   RO         3422    .constdata          system_stm32f1xx.o
    0x08004bf6   0x08004bf6   0x00000818   Data   RO         3673    .constdata          oled.o
    0x0800540e   0x0800540e   0x00000081   Data   RO         4154    .constdata          mc_w.l(ctype_o.o)
    0x0800548f   0x0800548f   0x00000001   PAD
    0x08005490   0x08005490   0x00000004   Data   RO         4155    .constdata          mc_w.l(ctype_o.o)
    0x08005494   0x08005494   0x00000020   Data   RO         4185    Region$$Table       anon$$obj.o


    Execution Region RW_IRAM1 (Exec base: 0x20000000, Load base: 0x080054b4, Size: 0x00000808, Max: 0x00005000, ABSOLUTE)

    Exec Addr    Load Addr    Size         Type   Attr      Idx    E Section Name        Object

    0x20000000   0x080054b4   0x00000020   Data   RW           16    .data               main.o
    0x20000020   0x080054d4   0x00000001   Data   RW          355    .data               usart.o
    0x20000021   0x080054d5   0x00000003   PAD
    0x20000024   0x080054d8   0x00000009   Data   RW         1080    .data               stm32f1xx_hal.o
    0x2000002d   0x080054e1   0x00000003   PAD
    0x20000030   0x080054e4   0x00000004   Data   RW         3423    .data               system_stm32f1xx.o
    0x20000034   0x080054e8   0x00000004   Data   RW         3461    .data               delay.o
    0x20000038   0x080054ec   0x00000010   Data   RW         3789    .data               pid.o
    0x20000048   0x080054fc   0x00000004   Data   RW         4120    .data               mc_w.l(stdout.o)
    0x2000004c   0x08005500   0x00000004   Data   RW         4128    .data               mc_w.l(errno.o)
    0x20000050        -       0x00000054   Zero   RW          241    .bss                i2c.o
    0x200000a4        -       0x00000090   Zero   RW          287    .bss                tim.o
    0x20000134        -       0x000002d0   Zero   RW          354    .bss                usart.o
    0x20000404   0x08005504   0x00000004   PAD
    0x20000408        -       0x00000400   Zero   RW            1    STACK               startup_stm32f103xb.o


==============================================================================

Image component sizes


      Code (inc. data)   RO Data    RW Data    ZI Data      Debug   Object Name

       102          4          0          4          0       1658   delay.o
        68          4          0          0          0        678   dma.o
       682         40          0          0          0       6171   ds18b20.o
       140         10          0          0          0        883   gpio.o
       200         28          0          0         84       1525   i2c.o
       396         90          0         32          0     436249   main.o
       706         28       2072          0          0       5162   oled.o
       152         34          0         16          0       1207   pid.o
        36          8        236          0       1024        768   startup_stm32f103xb.o
       152         32          0          9          0       5025   stm32f1xx_hal.o
       304         22          0          0          0      29155   stm32f1xx_hal_cortex.o
       978         12          0          0          0       4606   stm32f1xx_hal_dma.o
       828         34          0          0          0       3167   stm32f1xx_hal_gpio.o
      1750         30          0          0          0       7855   stm32f1xx_hal_i2c.o
        84          8          0          0          0        818   stm32f1xx_hal_msp.o
      1748         98         18          0          0       5676   stm32f1xx_hal_rcc.o
      1746         60          0          0          0      11973   stm32f1xx_hal_tim.o
       132         14          0          0          0       1256   stm32f1xx_hal_tim_ex.o
      2912         34          0          0          0      18443   stm32f1xx_hal_uart.o
       154         24          0          0          0       5459   stm32f1xx_it.o
         2          0         24          4          0       1011   system_stm32f1xx.o
       412         42          0          0        144       3139   tim.o
       596         60          0          1        720       3138   usart.o
       184         46          0          0          0       1291   user.o

    ----------------------------------------------------------------------
     14498        762       2382         72       1976     556313   Object Totals
         0          0         32          0          0          0   (incl. Generated)
        34          0          0          6          4          0   (incl. Padding)

    ----------------------------------------------------------------------

      Code (inc. data)   RO Data    RW Data    ZI Data      Debug   Library Member Name

        28          0          0          0          0         68   _chval.o
       158          0          0          0          0         92   _strtoul.o
        26          0          0          0          0         80   atoi.o
         8          4        133          0          0         68   ctype_o.o
         0          0          0          0          0          0   entry.o
         0          0          0          0          0          0   entry10a.o
         0          0          0          0          0          0   entry11a.o
         8          4          0          0          0          0   entry2.o
         4          0          0          0          0          0   entry5.o
         0          0          0          0          0          0   entry7b.o
         0          0          0          0          0          0   entry8b.o
         8          4          0          0          0          0   entry9a.o
         8          4          0          4          0         68   errno.o
        30          0          0          0          0          0   handlers.o
        36          8          0          0          0         68   init.o
         0          0          0          0          0          0   iusefp.o
        30          0          0          0          0         68   llshl.o
        36          0          0          0          0         68   llsshr.o
        32          0          0          0          0         68   llushr.o
        36          0          0          0          0         68   memcpya.o
        36          0          0          0          0        108   memseta.o
      2308         96          0          0          0        604   printfa.o
         0          0          0          4          0          0   stdout.o
       112          0          0          0          0         88   strtol.o
        44          0          0          0          0         80   uidiv.o
        98          0          0          0          0         92   uldiv.o
        48          0          0          0          0         68   cdrcmple.o
       334          0          0          0          0        148   dadd.o
       222          0          0          0          0        100   ddiv.o
       186          0          0          0          0        176   depilogue.o
        62          0          0          0          0         80   dfixi.o
        48          0          0          0          0         68   dfixul.o
       228          0          0          0          0         96   dmul.o
        38          0          0          0          0         68   f2d.o
       176          0          0          0          0        140   fadd.o
       110          0          0          0          0        168   fepilogue.o
        50          0          0          0          0         68   ffixi.o
        18          0          0          0          0         68   fflti.o
       100          0          0          0          0         76   fmul.o

    ----------------------------------------------------------------------
      4670        120        134          8          0       3012   Library Totals
         4          0          1          0          0          0   (incl. Padding)

    ----------------------------------------------------------------------

      Code (inc. data)   RO Data    RW Data    ZI Data      Debug   Library Name

      3046        120        133          8          0       1688   mc_w.l
      1620          0          0          0          0       1324   mf_w.l

    ----------------------------------------------------------------------
      4670        120        134          8          0       3012   Library Totals

    ----------------------------------------------------------------------

==============================================================================


      Code (inc. data)   RO Data    RW Data    ZI Data      Debug   

     19168        882       2516         80       1976     551105   Grand Totals
     19168        882       2516         80       1976     551105   ELF Image Totals
     19168        882       2516         80          0          0   ROM Totals

==============================================================================

    Total RO  Size (Code + RO Data)                21684 (  21.18kB)
    Total RW  Size (RW Data + ZI Data)              2056 (   2.01kB)
    Total ROM Size (Code + RO Data + RW Data)      21764 (  21.25kB)

==============================================================================

