<html>
<body>
<pre>
<h1>礦ision Build Log</h1>
<h2>Tool Versions:</h2>
IDE-Version: μVision V5.40.0.0
Copyright (C) 2024 ARM Ltd and ARM Germany GmbH. All rights reserved.
License Information: 1 HP, HP Inc., LIC=D0D7S-LWH0L-63VMB-23Q8J-FT85Y-M73VU
 
Tool Versions:
Toolchain:       MDK-ARM Plus  Version: 5.40.0.3
Toolchain Path:  D:\KILE5_R\ARM\ARMCC\Bin
C Compiler:      Armcc.exe V5.06 update 5 (build 528)
Assembler:       Armasm.exe V5.06 update 5 (build 528)
Linker/Locator:  ArmLink.exe V5.06 update 5 (build 528)
Library Manager: ArmAr.exe V5.06 update 5 (build 528)
Hex Converter:   FromElf.exe V5.06 update 5 (build 528)
CPU DLL:         SARMCM3.DLL V5.40.0.3
Dialog DLL:      DCM.DLL V1.17.5.0
Target DLL:      STLink\ST-LINKIII-KEIL_SWO.dll V3.3.0.0
Dialog DLL:      TCM.DLL V1.56.4.0
 
<h2>Project:</h2>
D:\TI\FISH\FISH\MDK-ARM\FISH.uvprojx
Project File Date:  08/07/2024

<h2>Output:</h2>
*** Using Compiler 'V5.06 update 5 (build 528)', folder: 'D:\KILE5_R\ARM\ARMCC\Bin'
Rebuild target 'FISH'
assembling startup_stm32f103xb.s...
compiling i2c.c...
compiling usart.c...
../Core/Src/usart.c(207): warning:  #167-D: argument of type "uint8_t *" is incompatible with parameter of type "const char *"
  	i = atoi(RX_data);
../Core/Src/usart.c: 1 warning, 0 errors
compiling stm32f1xx_hal_gpio_ex.c...
compiling gpio.c...
compiling stm32f1xx_it.c...
compiling tim.c...
compiling stm32f1xx_hal_msp.c...
compiling main.c...
../Core/Src/main.c(91): warning:  #177-D: variable "temp"  was declared but never referenced
  	int temp=0;
../Core/Src/main.c(62): warning:  #177-D: variable "kp"  was declared but never referenced
  static int kp,ki,target_temp,ntemp;//比例系数，积分系数,目标温度，当前温度
../Core/Src/main.c(62): warning:  #177-D: variable "ki"  was declared but never referenced
  static int kp,ki,target_temp,ntemp;//比例系数，积分系数,目标温度，当前温度
../Core/Src/main.c(62): warning:  #177-D: variable "target_temp"  was declared but never referenced
  static int kp,ki,target_temp,ntemp;//比例系数，积分系数,目标温度，当前温度
../Core/Src/main.c(62): warning:  #177-D: variable "ntemp"  was declared but never referenced
  static int kp,ki,target_temp,ntemp;//比例系数，积分系数,目标温度，当前温度
../Core/Src/main.c: 5 warnings, 0 errors
compiling stm32f1xx_hal.c...
compiling dma.c...
compiling stm32f1xx_hal_i2c.c...
compiling stm32f1xx_hal_gpio.c...
compiling stm32f1xx_hal_cortex.c...
compiling stm32f1xx_hal_rcc_ex.c...
compiling stm32f1xx_hal_pwr.c...
compiling stm32f1xx_hal_exti.c...
compiling stm32f1xx_hal_dma.c...
compiling stm32f1xx_hal_flash.c...
compiling stm32f1xx_hal_rcc.c...
compiling stm32f1xx_hal_flash_ex.c...
compiling stm32f1xx_hal_tim_ex.c...
compiling stm32f1xx_hal_tim.c...
compiling system_stm32f1xx.c...
compiling stm32f1xx_hal_uart.c...
compiling sys.c...
compiling delay.c...
compiling DS18B20.c...
..\BSP\DS18B20\DS18B20.c(183): warning:  #550-D: variable "temp"  was set but never used
  	uint8_t temp;
..\BSP\DS18B20\DS18B20.c: 1 warning, 0 errors
compiling OLED.c...
compiling PID.c...
..\PID\PID.c(23): warning:  #550-D: variable "Ek_1"  was set but never used
  	int Ek,control_temp,Ek_1;
..\PID\PID.c(2): warning:  #177-D: variable "ntemp"  was declared but never referenced
  static int ntemp;//比例系数，积分系数,目标温度，当前温度
..\PID\PID.c: 2 warnings, 0 errors
compiling user.c...
..\BSP\usertool\user.c(41): warning:  #1294-D: Old-style function user_show
  void user_show(target)
..\BSP\usertool\user.c(41): warning:  #1079-D: standard requires that parameter "target"  be given a type by a subsequent declaration ("int" assumed)
  void user_show(target)
..\BSP\usertool\user.c(67): warning:  #1-D: last line of file ends without a newline
  //}
..\BSP\usertool\user.c: 3 warnings, 0 errors
linking...
Program Size: Code=19168 RO-data=2516 RW-data=80 ZI-data=1976  
FromELF: creating hex file...
"FISH\FISH.axf" - 0 Error(s), 12 Warning(s).

<h2>Software Packages used:</h2>

Package Vendor: ARM
                https://www.keil.com/pack/ARM.CMSIS.6.1.0.pack
                ARM::CMSIS@6.1.0
                CMSIS (Common Microcontroller Software Interface Standard)
   * Component: CORE Version: 6.1.0

Package Vendor: Keil
                https://www.keil.com/pack/Keil.STM32F1xx_DFP.2.4.1.pack
                Keil::STM32F1xx_DFP@2.4.1
                STMicroelectronics STM32F1 Series Device Support, Drivers and Examples

<h2>Collection of Component include folders:</h2>
  ./RTE/_FISH
  D:/KILE5_R/ARM/PACK/ARM/CMSIS/6.1.0/CMSIS/Core/Include
  D:/KILE5_R/ARM/PACK/Keil/STM32F1xx_DFP/2.4.1/Device/Include

<h2>Collection of Component Files used:</h2>

   * Component: ARM::CMSIS:CORE@6.1.0
      Include file:  CMSIS/Core/Include/tz_context.h
Build Time Elapsed:  00:00:05
</pre>
</body>
</html>
