<html>
<body>
<pre>
<h1>礦ision Build Log</h1>
<h2>Tool Versions:</h2>
IDE-Version: μVision V5.20.0.0
Copyright (C) 2016 ARM Ltd and ARM Germany GmbH. All rights reserved.
License Information: 1 1, 1, LIC=KRMW3-AIWMK-LQY0Q-NEQDV-3ZTPR-5AWXP
 
Tool Versions:
Toolchain:       MDK-ARM Plus  Version: 5.20
Toolchain Path:  D:\software\keil\ARM\ARMCC\Bin
C Compiler:      Armcc.exe V5.06 update 2 (build 183)
Assembler:       Armasm.exe V5.06 update 2 (build 183)
Linker/Locator:  ArmLink.exe V5.06 update 2 (build 183)
Library Manager: ArmAr.exe V5.06 update 2 (build 183)
Hex Converter:   FromElf.exe V5.06 update 2 (build 183)
CPU DLL:         SARMCM3.DLL V5.20
Dialog DLL:      DCM.DLL V1.13.7.0
Target DLL:      STLink\ST-LINKIII-KEIL_SWO.dll V2.0.18.0
Dialog DLL:      TCM.DLL V1.14.9.0
 
<h2>Project:</h2>
E:\大四\WLW-20853189-魏帅\WLW-20853189-魏帅-工程文件以及使用说明\project\keil工程\stm32f103.uvprojx
Project File Date:  04/14/2024

<h2>Output:</h2>
*** Using Compiler 'V5.06 update 2 (build 183)', folder: 'D:\software\keil\ARM\ARMCC\Bin'
Rebuild target 'STM32F103'
assembling startup_stm32f10x_hd.s...
compiling core_cm3.c...
compiling stm32f10x_rcc.c...
compiling misc.c...
compiling stm32f10x_it.c...
compiling system_stm32f10x.c...
compiling stm32f10x_gpio.c...
compiling stm32f10x_usart.c...
compiling stm32f10x_exti.c...
compiling stm32f10x_dma.c...
compiling led.c...
compiling usart.c...
compiling delay.c...
compiling stm32f10x_adc.c...
compiling button_led.c...
compiling stm32f10x_tim.c...
compiling DS18B20.c...
compiling lcd_init.c...
compiling relay.c...
compiling tds.c...
compiling lcd.c...
compiling BH1750.c...
compiling BH1750_IIC.c...
compiling MqttKit.c...
compiling PWM.c...
compiling utils_hmac.c...
compiling utils_md5.c...
compiling main.c...
compiling esp8266.c...
compiling onenet.c...
compiling utils_sha1.c...
linking...
Program Size: Code=46878 RO-data=10618 RW-data=104 ZI-data=6752  
FromELF: creating hex file...
".\output\stm32f103.axf" - 0 Error(s), 0 Warning(s).

<h2>Software Packages used:</h2>

Package Vendor: ARM
                http://www.keil.com/pack/ARM.CMSIS.4.5.0.pack
                ARM::CMSIS:CORE:4.3.0
                CMSIS (Cortex Microcontroller Software Interface Standard)
   * Component: CORE Version: 4.3.0

<h2>Collection of Component include folders:</h2>
  E:\大四\WLW-20853189-魏帅\WLW-20853189-魏帅-工程文件以及使用说明\project\keil工程\RTE
  D:\software\keil\ARM\PACK\ARM\CMSIS\4.5.0\CMSIS\Include
  D:\software\keil\ARM\PACK\Keil\STM32F1xx_DFP\1.1.0\Device\Include

<h2>Collection of Component Files used:</h2>

   * Component: ARM::CMSIS:CORE:4.3.0
Build Time Elapsed:  00:00:04
</pre>
</body>
</html>
